2026-10-05T00:54:59.785 | Loading shared OSCAR search functions; Julia 1.12.4 | elapsed=0.17 s
2026-10-05T00:56:14.517 | START selected original inputs | elapsed=74.9 s
2026-10-05T00:56:15.287 | DONE selected original inputs; step=0.765 s | elapsed=75.67 s
2026-10-05T00:56:15.289 | No. 9: prescribed T action of order 2; gluing index 54; preparing O(S) | elapsed=75.67 s
2026-10-05T00:57:16.301 | START discriminant_group(S) | elapsed=136.68 s
2026-10-05T00:57:16.316 | DONE discriminant_group(S); step=0.002 s | elapsed=136.7 s
2026-10-05T00:57:16.323 | START orthogonal_group(S) | elapsed=136.7 s
2026-10-05T00:57:22.371 | DONE orthogonal_group(S); step=6.046 s | elapsed=142.75 s
2026-10-05T00:57:22.373 | START discriminant_representation(S,O(S)) | elapsed=142.75 s
2026-10-05T00:57:50.096 | DONE discriminant_representation(S,O(S)); step=27.72 s | elapsed=170.48 s
2026-10-05T00:57:50.108 | START discriminant image | elapsed=170.49 s
2026-10-05T00:57:50.792 | DONE discriminant image; step=0.681 s | elapsed=171.17 s
2026-10-05T00:57:50.794 | START stable kernel order | elapsed=171.17 s
2026-10-05T00:57:50.803 | DONE stable kernel order; step=0.007 s | elapsed=171.18 s
2026-10-05T00:57:50.946 | START cache O(S) and stable-kernel matrices | elapsed=171.33 s
2026-10-05T00:57:52.039 | DONE cache O(S) and stable-kernel matrices; step=1.089 s | elapsed=172.42 s
2026-10-05T00:59:03.941 | START lattice_data_for_T_action | elapsed=244.32 s
2026-10-05T00:59:26.109 | DONE lattice_data_for_T_action; step=22.145 s | elapsed=266.49 s
2026-10-05T00:59:26.113 | Prescribed-action search returned 1 ambient witnesses | elapsed=266.49 s
2026-10-05T00:59:27.007 | START output 1 cached full-group check | elapsed=267.39 s
2026-10-05T00:59:27.912 | DONE output 1 cached full-group check; step=0.903 s | elapsed=268.29 s
2026-10-05T00:59:29.151 | START save and reload sidecar | elapsed=269.53 s
2026-10-05T01:00:03.675 | DONE save and reload sidecar; step=34.522 s | elapsed=304.06 s
2026-10-05T01:00:03.684 | PASS No. 9: saved 1 ambient witnesses; full group order 1944 | elapsed=304.06 s
