CoordinatePresentationAudit := rec(
ambiguousComputedPositions := [  ],
canonicalNumbers := [ 1, 2, 3, 4, 5, 6, 7, 8, 9, 10, 11, 12, 13, 14, 15, 16, 17, 18, 19, 20, 21, 22, 23, 24, 25, 26, 27, 28, 29, 30, 31, 32, 33, 34, 35, 36, 37, 38, 39, 40, 41, 42, 43, 44, 45, 46, 47, 48, 49, 50, 51, 52, 53, 54, 55, 56, 57, 58, 59, 60, 61, 62, 63, 64, 65, 66, 67, 68, 69, 70, 71, 72, 73, 74, 75, 76, 77, 78, 79, 80, 81, 82, 83, 84, 85, 86, 87, 88, 89, 90, 91, 92, 93, 94, 95, 96, 97, 98, 99, 100, 101, 102, 103, 104, 105, 106, 107, 108, 109, 110, 111, 112, 113, 114, 115, 116, 117, 118, 119, 120, 121, 122, 123, 124, 125, 126, 127, 128, 129, 130, 131, 132, 133, 134, 135, 136, 137, 138, 139, 140, 141, 142, 143, 144, 145, 146, 147, 148, 149, 150, 151, 152, 153, 154, 155, 156 ],
canonicalPresentationCount := 156,
coarseBlockCount := 140,
computedCatalogue := [ rec(
familyDimension := 0,
fullIndex := 6,
genericIndex := 6,
linearGroupId := [ 524880, 0 ],
number := 1,
position := 1,
projectiveGroupId := [ 174960, 0 ],
rankS := 20,
sourceKey := "rank-at-least-15-3^4:A_6-PGL-174960-0-index-6-dimension-0",
symplecticPart := "3^4:A_6" ), rec(
familyDimension := 0,
fullIndex := 1,
genericIndex := 1,
linearGroupId := [ 7560, 0 ],
number := 2,
position := 2,
projectiveGroupId := [ 2520, 0 ],
rankS := 20,
sourceKey := "rank-at-least-15-A_7-PGL-2520-0-index-1-dimension-0",
symplecticPart := "A_7" ), rec(
familyDimension := 0,
fullIndex := 2,
genericIndex := 2,
linearGroupId := [ 15120, 0 ],
number := 3,
position := 3,
projectiveGroupId := [ 5040, 0 ],
rankS := 20,
sourceKey := "rank-at-least-15-A_7-PGL-5040-0-index-2-dimension-0",
symplecticPart := "A_7" ), rec(
familyDimension := 0,
fullIndex := 4,
genericIndex := 4,
linearGroupId := [ 23328, 0 ],
number := 4,
position := 4,
projectiveGroupId := [ 7776, 0 ],
rankS := 20,
sourceKey := "rank-at-least-15-3^{1+4}:2.2^2-PGL-7776-0-index-4-dimension-0",
symplecticPart := "3^{1+4}:2.2^2" ), rec(
familyDimension := 0,
fullIndex := 1,
genericIndex := 1,
linearGroupId := [ 2160, 0 ],
number := 5,
position := 5,
projectiveGroupId := [ 720, 0 ],
rankS := 20,
sourceKey := "rank-at-least-15-M_10-PGL-720-0-index-1-dimension-0",
symplecticPart := "M_10" ), rec(
familyDimension := 0,
fullIndex := 1,
genericIndex := 1,
linearGroupId := [ 2160, 0 ],
number := 6,
position := 6,
projectiveGroupId := [ 720, 0 ],
rankS := 20,
sourceKey := "rank-at-least-15-M_10-PGL-720-0-index-1-dimension-0-representation-2",
symplecticPart := "M_10" ), rec(
familyDimension := 0,
fullIndex := 3,
genericIndex := 3,
linearGroupId := [ 5940, 0 ],
number := 7,
position := 7,
projectiveGroupId := [ 1980, 0 ],
rankS := 20,
sourceKey := "rank-at-least-15-L_2(11)-PGL-1980-0-index-3-dimension-0",
symplecticPart := "L_2(11)" ), rec(
familyDimension := 0,
fullIndex := 6,
genericIndex := 6,
linearGroupId := [ 6480, 0 ],
number := 8,
position := 8,
projectiveGroupId := [ 2160, 0 ],
rankS := 20,
sourceKey := "rank-at-least-15-A_3,5-PGL-2160-0-index-6-dimension-0",
symplecticPart := "A_3,5" ), rec(
familyDimension := 1,
fullIndex := 2,
genericIndex := 2,
linearGroupId := [ 5832, 0 ],
number := 9,
position := 9,
projectiveGroupId := [ 1944, 0 ],
rankS := 19,
sourceKey := "rank-at-least-15-3^{1+4}:2.2-PGL-1944-0-index-2-dimension-1",
symplecticPart := "3^{1+4}:2.2" ), rec(
familyDimension := 1,
fullIndex := 1,
genericIndex := 1,
linearGroupId := [ 1080, 260 ],
number := 10,
position := 10,
projectiveGroupId := [ 360, 0 ],
rankS := 19,
sourceKey := "rank-at-least-15-A_6-PGL-360-0-index-1-dimension-1",
symplecticPart := "A_6" ), rec(
familyDimension := 1,
fullIndex := 2,
genericIndex := 2,
linearGroupId := [ 2160, 0 ],
number := 11,
position := 11,
projectiveGroupId := [ 720, 0 ],
rankS := 19,
sourceKey := "rank-at-least-15-A_6-PGL-720-0-index-2-dimension-1",
symplecticPart := "A_6" ), rec(
familyDimension := 1,
fullIndex := 1,
genericIndex := 1,
linearGroupId := [ 504, 157 ],
number := 12,
position := 12,
projectiveGroupId := [ 168, 0 ],
rankS := 19,
sourceKey := "rank-at-least-15-PSL(2,7)-PGL-168-0-index-1-dimension-1",
symplecticPart := "PSL(2,7)" ), rec(
familyDimension := 0,
fullIndex := 2,
genericIndex := 1,
linearGroupId := [ 1008, 882 ],
number := 13,
position := 13,
projectiveGroupId := [ 336, 0 ],
rankS := 19,
sourceKey := "rank-at-least-15-PSL(2,7)-PGL-336-0-index-2-dimension-0",
symplecticPart := "PSL(2,7)" ), rec(
familyDimension := 0,
fullIndex := 2,
genericIndex := 1,
linearGroupId := [ 1008, 882 ],
number := 14,
position := 14,
projectiveGroupId := [ 336, 0 ],
rankS := 19,
sourceKey := "rank-at-least-15-PSL(2,7)-PGL-336-0-index-2-dimension-0-representation-2",
symplecticPart := "PSL(2,7)" ), rec(
familyDimension := 1,
fullIndex := 1,
genericIndex := 1,
linearGroupId := [ 360, 119 ],
number := 15,
position := 15,
projectiveGroupId := [ 120, 0 ],
rankS := 19,
sourceKey := "rank-at-least-15-S_5-PGL-120-0-index-1-dimension-1",
symplecticPart := "S_5" ), rec(
familyDimension := 1,
fullIndex := 2,
genericIndex := 2,
linearGroupId := [ 720, 769 ],
number := 16,
position := 16,
projectiveGroupId := [ 240, 0 ],
rankS := 19,
sourceKey := "rank-at-least-15-S_5-PGL-240-0-index-2-dimension-1",
symplecticPart := "S_5" ), rec(
familyDimension := 1,
fullIndex := 1,
genericIndex := 1,
linearGroupId := [ 216, 88 ],
number := 17,
position := 17,
projectiveGroupId := [ 72, 41 ],
rankS := 19,
sourceKey := "rank-at-least-15-M_9-PGL-72-41-index-1-dimension-1",
symplecticPart := "M_9" ), rec(
familyDimension := 0,
fullIndex := 3,
genericIndex := 1,
linearGroupId := [ 648, 533 ],
number := 18,
position := 18,
projectiveGroupId := [ 216, 0 ],
rankS := 19,
sourceKey := "rank-at-least-15-M_9-PGL-216-0-index-3-dimension-0",
symplecticPart := "M_9" ), rec(
familyDimension := 1,
fullIndex := 2,
genericIndex := 2,
linearGroupId := [ 432, 754 ],
number := 19,
position := 19,
projectiveGroupId := [ 144, 186 ],
rankS := 19,
sourceKey := "rank-at-least-15-N_72-PGL-144-186-index-2-dimension-1",
symplecticPart := "N_72" ), rec(
familyDimension := 1,
fullIndex := 1,
genericIndex := 1,
linearGroupId := [ 144, 122 ],
number := 20,
position := 20,
projectiveGroupId := [ 48, 0 ],
rankS := 19,
sourceKey := "rank-at-least-15-T_48-PGL-48-0-index-1-dimension-1",
symplecticPart := "T_48" ), rec(
familyDimension := 2,
fullIndex := 2,
genericIndex := 2,
linearGroupId := [ 2916, 0 ],
number := 21,
position := 21,
projectiveGroupId := [ 972, 0 ],
rankS := 18,
sourceKey := "rank-at-least-15-3^{1+4}:2-PGL-972-0-index-2-dimension-2",
symplecticPart := "3^{1+4}:2" ), rec(
familyDimension := 1,
fullIndex := 4,
genericIndex := 2,
linearGroupId := [ 5832, 0 ],
number := 22,
position := 22,
projectiveGroupId := [ 1944, 3493 ],
rankS := 18,
sourceKey := "rank-at-least-15-3^{1+4}:2-PGL-1944-3493-index-4-dimension-1",
symplecticPart := "3^{1+4}:2" ), rec(
familyDimension := 1,
fullIndex := 6,
genericIndex := 2,
linearGroupId := [ 8748, 0 ],
number := 23,
position := 23,
projectiveGroupId := [ 2916, 0 ],
rankS := 18,
sourceKey := "rank-at-least-15-3^{1+4}:2-PGL-2916-0-index-6-dimension-1",
symplecticPart := "3^{1+4}:2" ), rec(
familyDimension := 0,
fullIndex := 12,
genericIndex := 2,
linearGroupId := [ 17496, 0 ],
number := 24,
position := 24,
projectiveGroupId := [ 5832, 0 ],
rankS := 18,
sourceKey := "rank-at-least-15-3^{1+4}:2-PGL-5832-0-index-12-dimension-0",
symplecticPart := "3^{1+4}:2" ), rec(
familyDimension := 2,
fullIndex := 1,
genericIndex := 1,
linearGroupId := [ 216, 95 ],
number := 25,
position := 25,
projectiveGroupId := [ 72, 43 ],
rankS := 18,
sourceKey := "rank-at-least-15-A_4,3-PGL-72-43-index-1-dimension-2",
symplecticPart := "A_4,3" ), rec(
familyDimension := 1,
fullIndex := 2,
genericIndex := 1,
linearGroupId := [ 432, 538 ],
number := 26,
position := 26,
projectiveGroupId := [ 144, 189 ],
rankS := 18,
sourceKey := "rank-at-least-15-A_4,3-PGL-144-189-index-2-dimension-1",
symplecticPart := "A_4,3" ), rec(
familyDimension := 2,
fullIndex := 2,
genericIndex := 2,
linearGroupId := [ 432, 745 ],
number := 27,
position := 27,
projectiveGroupId := [ 144, 0 ],
rankS := 18,
sourceKey := "rank-at-least-15-A_4,3-PGL-144-0-index-2-dimension-2",
symplecticPart := "A_4,3" ), rec(
familyDimension := 1,
fullIndex := 6,
genericIndex := 2,
linearGroupId := [ 1296, 3545 ],
number := 28,
position := 28,
projectiveGroupId := [ 432, 745 ],
rankS := 18,
sourceKey := "rank-at-least-15-A_4,3-PGL-432-745-index-6-dimension-1",
symplecticPart := "A_4,3" ), rec(
familyDimension := 2,
fullIndex := 1,
genericIndex := 1,
linearGroupId := [ 180, 19 ],
number := 29,
position := 29,
projectiveGroupId := [ 60, 0 ],
rankS := 18,
sourceKey := "rank-at-least-15-A_5-PGL-60-0-index-1-dimension-2",
symplecticPart := "A_5" ), rec(
familyDimension := 1,
fullIndex := 3,
genericIndex := 1,
linearGroupId := [ 540, 88 ],
number := 30,
position := 30,
projectiveGroupId := [ 180, 19 ],
rankS := 18,
sourceKey := "rank-at-least-15-A_5-PGL-180-19-index-3-dimension-1",
symplecticPart := "A_5" ), rec(
familyDimension := 2,
fullIndex := 2,
genericIndex := 2,
linearGroupId := [ 360, 119 ],
number := 31,
position := 31,
projectiveGroupId := [ 120, 0 ],
rankS := 18,
sourceKey := "rank-at-least-15-A_5-PGL-120-0-index-2-dimension-2",
symplecticPart := "A_5" ), rec(
familyDimension := 1,
fullIndex := 6,
genericIndex := 2,
linearGroupId := [ 1080, 490 ],
number := 32,
position := 32,
projectiveGroupId := [ 360, 119 ],
rankS := 18,
sourceKey := "rank-at-least-15-A_5-PGL-360-119-index-6-dimension-1",
symplecticPart := "A_5" ), rec(
familyDimension := 2,
fullIndex := 1,
genericIndex := 1,
linearGroupId := [ 108, 15 ],
number := 33,
position := 33,
projectiveGroupId := [ 36, 0 ],
rankS := 18,
sourceKey := "rank-at-least-15-3^2.4-PGL-36-0-index-1-dimension-2",
symplecticPart := "3^2.4" ), rec(
familyDimension := 2,
fullIndex := 2,
genericIndex := 2,
linearGroupId := [ 216, 157 ],
number := 34,
position := 34,
projectiveGroupId := [ 72, 40 ],
rankS := 18,
sourceKey := "rank-at-least-15-3^2.4-PGL-72-40-index-2-dimension-2",
symplecticPart := "3^2.4" ), rec(
familyDimension := 2,
fullIndex := 2,
genericIndex := 2,
linearGroupId := [ 216, 170 ],
number := 35,
position := 35,
projectiveGroupId := [ 72, 46 ],
rankS := 18,
sourceKey := "rank-at-least-15-S_3,3-PGL-72-46-index-2-dimension-2",
symplecticPart := "S_3,3" ), rec(
familyDimension := 1,
fullIndex := 6,
genericIndex := 2,
linearGroupId := [ 648, 746 ],
number := 36,
position := 36,
projectiveGroupId := [ 216, 170 ],
rankS := 18,
sourceKey := "rank-at-least-15-S_3,3-PGL-216-170-index-6-dimension-1",
symplecticPart := "S_3,3" ), rec(
familyDimension := 2,
fullIndex := 2,
genericIndex := 2,
linearGroupId := [ 216, 157 ],
number := 37,
position := 37,
projectiveGroupId := [ 72, 40 ],
rankS := 18,
sourceKey := "rank-at-least-15-S_3,3-PGL-72-40-index-2-dimension-2",
symplecticPart := "S_3,3" ), rec(
familyDimension := 1,
fullIndex := 6,
genericIndex := 2,
linearGroupId := [ 648, 718 ],
number := 38,
position := 38,
projectiveGroupId := [ 216, 157 ],
rankS := 18,
sourceKey := "rank-at-least-15-S_3,3-PGL-216-157-index-6-dimension-1",
symplecticPart := "S_3,3" ), rec(
familyDimension := 2,
fullIndex := 1,
genericIndex := 1,
linearGroupId := [ 63, 3 ],
number := 39,
position := 39,
projectiveGroupId := [ 21, 0 ],
rankS := 18,
sourceKey := "rank-at-least-15-F_21-PGL-21-0-index-1-dimension-2",
symplecticPart := "F_21" ), rec(
familyDimension := 1,
fullIndex := 2,
genericIndex := 1,
linearGroupId := [ 126, 7 ],
number := 40,
position := 40,
projectiveGroupId := [ 42, 0 ],
rankS := 18,
sourceKey := "rank-at-least-15-F_21-PGL-42-0-index-2-dimension-1",
symplecticPart := "F_21" ), rec(
familyDimension := 0,
fullIndex := 6,
genericIndex := 1,
linearGroupId := [ 378, 8 ],
number := 41,
position := 41,
projectiveGroupId := [ 126, 0 ],
rankS := 18,
sourceKey := "rank-at-least-15-F_21-PGL-126-0-index-6-dimension-0",
symplecticPart := "F_21" ), rec(
familyDimension := 2,
fullIndex := 1,
genericIndex := 1,
linearGroupId := [ 60, 6 ],
number := 42,
position := 42,
projectiveGroupId := [ 20, 0 ],
rankS := 18,
sourceKey := "rank-at-least-15-Hol_5-PGL-20-0-index-1-dimension-2",
symplecticPart := "Hol_5" ), rec(
familyDimension := 2,
fullIndex := 1,
genericIndex := 1,
linearGroupId := [ 48, 26 ],
number := 43,
position := 43,
projectiveGroupId := [ 16, 0 ],
rankS := 18,
sourceKey := "rank-at-least-15-QD_16-PGL-16-0-index-1-dimension-2",
symplecticPart := "QD_16" ), rec(
familyDimension := 1,
fullIndex := 2,
genericIndex := 1,
linearGroupId := [ 96, 182 ],
number := 44,
position := 44,
projectiveGroupId := [ 32, 42 ],
rankS := 18,
sourceKey := "rank-at-least-15-QD_16-PGL-32-42-index-2-dimension-1",
symplecticPart := "QD_16" ), rec(
familyDimension := 3,
fullIndex := 1,
genericIndex := 1,
linearGroupId := [ 72, 42 ],
number := 45,
position := 45,
projectiveGroupId := [ 24, 0 ],
rankS := 17,
sourceKey := "rank-at-least-15-S_4-PGL-24-0-index-1-dimension-3",
symplecticPart := "S_4" ), rec(
familyDimension := 2,
fullIndex := 2,
genericIndex := 1,
linearGroupId := [ 144, 188 ],
number := 46,
position := 46,
projectiveGroupId := [ 48, 48 ],
rankS := 17,
sourceKey := "rank-at-least-15-S_4-PGL-48-48-index-2-dimension-2",
symplecticPart := "S_4" ), rec(
familyDimension := 3,
fullIndex := 2,
genericIndex := 2,
linearGroupId := [ 144, 188 ],
number := 47,
position := 47,
projectiveGroupId := [ 48, 0 ],
rankS := 17,
sourceKey := "rank-at-least-15-S_4-PGL-48-0-index-2-dimension-3",
symplecticPart := "S_4" ), rec(
familyDimension := 3,
fullIndex := 1,
genericIndex := 1,
linearGroupId := [ 24, 11 ],
number := 48,
position := 48,
projectiveGroupId := [ 8, 0 ],
rankS := 17,
sourceKey := "rank-at-least-15-Q_8-PGL-8-0-index-1-dimension-3",
symplecticPart := "Q_8" ), rec(
familyDimension := 2,
fullIndex := 2,
genericIndex := 1,
linearGroupId := [ 48, 47 ],
number := 49,
position := 49,
projectiveGroupId := [ 16, 13 ],
rankS := 17,
sourceKey := "rank-at-least-15-Q_8-PGL-16-13-index-2-dimension-2",
symplecticPart := "Q_8" ), rec(
familyDimension := 1,
fullIndex := 3,
genericIndex := 1,
linearGroupId := [ 72, 25 ],
number := 50,
position := 50,
projectiveGroupId := [ 24, 3 ],
rankS := 17,
sourceKey := "rank-at-least-15-Q_8-PGL-24-3-index-3-dimension-1",
symplecticPart := "Q_8" ), rec(
familyDimension := 1,
fullIndex := 4,
genericIndex := 1,
linearGroupId := [ 96, 54 ],
number := 51,
position := 51,
projectiveGroupId := [ 32, 11 ],
rankS := 17,
sourceKey := "rank-at-least-15-Q_8-PGL-32-11-index-4-dimension-1",
symplecticPart := "Q_8" ), rec(
familyDimension := 4,
fullIndex := 1,
genericIndex := 1,
linearGroupId := [ 54, 8 ],
number := 52,
position := 52,
projectiveGroupId := [ 18, 0 ],
rankS := 16,
sourceKey := "rank-at-least-15-A_3,3-PGL-18-0-index-1-dimension-4",
symplecticPart := "A_3,3" ), rec(
familyDimension := 2,
fullIndex := 2,
genericIndex := 1,
linearGroupId := [ 108, 28 ],
number := 53,
position := 53,
projectiveGroupId := [ 36, 13 ],
rankS := 16,
sourceKey := "rank-at-least-15-A_3,3-PGL-36-13-index-2-dimension-2",
symplecticPart := "A_3,3" ), rec(
familyDimension := 1,
fullIndex := 3,
genericIndex := 1,
linearGroupId := [ 162, 10 ],
number := 54,
position := 54,
projectiveGroupId := [ 54, 5 ],
rankS := 16,
sourceKey := "rank-at-least-15-A_3,3-PGL-54-5-index-3-dimension-1",
symplecticPart := "A_3,3" ), rec(
familyDimension := 4,
fullIndex := 2,
genericIndex := 2,
linearGroupId := [ 108, 38 ],
number := 55,
position := 55,
projectiveGroupId := [ 36, 0 ],
rankS := 16,
sourceKey := "rank-at-least-15-A_3,3-PGL-36-0-index-2-dimension-4",
symplecticPart := "A_3,3" ), rec(
familyDimension := 2,
fullIndex := 6,
genericIndex := 2,
linearGroupId := [ 324, 165 ],
number := 56,
position := 56,
projectiveGroupId := [ 108, 38 ],
rankS := 16,
sourceKey := "rank-at-least-15-A_3,3-PGL-108-38-index-6-dimension-2",
symplecticPart := "A_3,3" ), rec(
familyDimension := 2,
fullIndex := 6,
genericIndex := 2,
linearGroupId := [ 324, 165 ],
number := 57,
position := 57,
projectiveGroupId := [ 108, 38 ],
rankS := 16,
sourceKey := "rank-at-least-15-A_3,3-PGL-108-38-index-6-dimension-2-representation-2",
symplecticPart := "A_3,3" ), rec(
familyDimension := 4,
fullIndex := 1,
genericIndex := 1,
linearGroupId := [ 36, 12 ],
number := 58,
position := 58,
projectiveGroupId := [ 12, 0 ],
rankS := 16,
sourceKey := "rank-at-least-15-D_12-PGL-12-0-index-1-dimension-4",
symplecticPart := "D_12" ), rec(
familyDimension := 2,
fullIndex := 2,
genericIndex := 1,
linearGroupId := [ 72, 30 ],
number := 59,
position := 59,
projectiveGroupId := [ 24, 8 ],
rankS := 16,
sourceKey := "rank-at-least-15-D_12-PGL-24-8-index-2-dimension-2",
symplecticPart := "D_12" ), rec(
familyDimension := 2,
fullIndex := 2,
genericIndex := 1,
linearGroupId := [ 72, 48 ],
number := 60,
position := 60,
projectiveGroupId := [ 24, 14 ],
rankS := 16,
sourceKey := "rank-at-least-15-D_12-PGL-24-14-index-2-dimension-2",
symplecticPart := "D_12" ), rec(
familyDimension := 2,
fullIndex := 3,
genericIndex := 1,
linearGroupId := [ 108, 42 ],
number := 61,
position := 61,
projectiveGroupId := [ 36, 12 ],
rankS := 16,
sourceKey := "rank-at-least-15-D_12-PGL-36-12-index-3-dimension-2",
symplecticPart := "D_12" ), rec(
familyDimension := 1,
fullIndex := 6,
genericIndex := 1,
linearGroupId := [ 216, 139 ],
number := 62,
position := 62,
projectiveGroupId := [ 72, 30 ],
rankS := 16,
sourceKey := "rank-at-least-15-D_12-PGL-72-30-index-6-dimension-1",
symplecticPart := "D_12" ), rec(
familyDimension := 4,
fullIndex := 2,
genericIndex := 2,
linearGroupId := [ 72, 48 ],
number := 63,
position := 63,
projectiveGroupId := [ 24, 14 ],
rankS := 16,
sourceKey := "rank-at-least-15-D_12-PGL-24-14-index-2-dimension-4",
symplecticPart := "D_12" ), rec(
familyDimension := 2,
fullIndex := 6,
genericIndex := 2,
linearGroupId := [ 216, 174 ],
number := 64,
position := 64,
projectiveGroupId := [ 72, 48 ],
rankS := 16,
sourceKey := "rank-at-least-15-D_12-PGL-72-48-index-6-dimension-2",
symplecticPart := "D_12" ), rec(
familyDimension := 4,
fullIndex := 1,
genericIndex := 1,
linearGroupId := [ 36, 11 ],
number := 65,
position := 65,
projectiveGroupId := [ 12, 0 ],
rankS := 16,
sourceKey := "rank-at-least-15-A_4-PGL-12-0-index-1-dimension-4",
symplecticPart := "A_4" ), rec(
familyDimension := 3,
fullIndex := 2,
genericIndex := 1,
linearGroupId := [ 72, 47 ],
number := 66,
position := 66,
projectiveGroupId := [ 24, 13 ],
rankS := 16,
sourceKey := "rank-at-least-15-A_4-PGL-24-13-index-2-dimension-3",
symplecticPart := "A_4" ), rec(
familyDimension := 2,
fullIndex := 3,
genericIndex := 1,
linearGroupId := [ 108, 41 ],
number := 67,
position := 67,
projectiveGroupId := [ 36, 11 ],
rankS := 16,
sourceKey := "rank-at-least-15-A_4-PGL-36-11-index-3-dimension-2",
symplecticPart := "A_4" ), rec(
familyDimension := 4,
fullIndex := 2,
genericIndex := 2,
linearGroupId := [ 72, 42 ],
number := 68,
position := 68,
projectiveGroupId := [ 24, 0 ],
rankS := 16,
sourceKey := "rank-at-least-15-A_4-PGL-24-0-index-2-dimension-4",
symplecticPart := "A_4" ), rec(
familyDimension := 2,
fullIndex := 6,
genericIndex := 2,
linearGroupId := [ 216, 163 ],
number := 69,
position := 69,
projectiveGroupId := [ 72, 42 ],
rankS := 16,
sourceKey := "rank-at-least-15-A_4-PGL-72-42-index-6-dimension-2",
symplecticPart := "A_4" ), rec(
familyDimension := 4,
fullIndex := 1,
genericIndex := 1,
linearGroupId := [ 30, 2 ],
number := 70,
position := 70,
projectiveGroupId := [ 10, 0 ],
rankS := 16,
sourceKey := "rank-at-least-15-D_10-PGL-10-0-index-1-dimension-4",
symplecticPart := "D_10" ), rec(
familyDimension := 2,
fullIndex := 2,
genericIndex := 1,
linearGroupId := [ 60, 10 ],
number := 71,
position := 71,
projectiveGroupId := [ 20, 4 ],
rankS := 16,
sourceKey := "rank-at-least-15-D_10-PGL-20-4-index-2-dimension-2",
symplecticPart := "D_10" ), rec(
familyDimension := 2,
fullIndex := 3,
genericIndex := 1,
linearGroupId := [ 90, 5 ],
number := 72,
position := 72,
projectiveGroupId := [ 30, 2 ],
rankS := 16,
sourceKey := "rank-at-least-15-D_10-PGL-30-2-index-3-dimension-2",
symplecticPart := "D_10" ), rec(
familyDimension := 5,
fullIndex := 1,
genericIndex := 1,
linearGroupId := [ 24, 10 ],
number := 73,
position := 73,
projectiveGroupId := [ 8, 0 ],
rankS := 15,
sourceKey := "rank-at-least-15-D_8-PGL-8-0-index-1-dimension-5",
symplecticPart := "D_8" ), rec(
familyDimension := 4,
fullIndex := 2,
genericIndex := 1,
linearGroupId := [ 48, 45 ],
number := 74,
position := 74,
projectiveGroupId := [ 16, 11 ],
rankS := 15,
sourceKey := "rank-at-least-15-D_8-PGL-16-11-index-2-dimension-4",
symplecticPart := "D_8" ), rec(
familyDimension := 3,
fullIndex := 2,
genericIndex := 1,
linearGroupId := [ 48, 47 ],
number := 75,
position := 75,
projectiveGroupId := [ 16, 13 ],
rankS := 15,
sourceKey := "rank-at-least-15-D_8-PGL-16-13-index-2-dimension-3",
symplecticPart := "D_8" ), rec(
familyDimension := 2,
fullIndex := 2,
genericIndex := 1,
linearGroupId := [ 48, 25 ],
number := 76,
position := 76,
projectiveGroupId := [ 16, 7 ],
rankS := 15,
sourceKey := "rank-at-least-15-D_8-PGL-16-7-index-2-dimension-2",
symplecticPart := "D_8" ), rec(
familyDimension := 6,
fullIndex := 1,
genericIndex := 1,
linearGroupId := [ 12, 2 ],
number := 77,
position := 77,
projectiveGroupId := [ 4, 1 ],
rankS := 14,
sourceKey := "liftable-abelian-C4-PGL-4-1-index-1-dimension-6",
symplecticPart := "C4" ), rec(
familyDimension := 5,
fullIndex := 2,
genericIndex := 1,
linearGroupId := [ 24, 10 ],
number := 78,
position := 78,
projectiveGroupId := [ 8, 3 ],
rankS := 14,
sourceKey := "small-nonabelian-C4-PGL-8-3-index-2-dimension-5",
symplecticPart := "C4" ), rec(
familyDimension := 4,
fullIndex := 2,
genericIndex := 1,
linearGroupId := [ 24, 9 ],
number := 79,
position := 79,
projectiveGroupId := [ 8, 2 ],
rankS := 14,
sourceKey := "liftable-abelian-C4-PGL-8-2-index-2-dimension-4",
symplecticPart := "C4" ), rec(
familyDimension := 3,
fullIndex := 2,
genericIndex := 1,
linearGroupId := [ 24, 10 ],
number := 80,
position := 80,
projectiveGroupId := [ 8, 3 ],
rankS := 14,
sourceKey := "small-nonabelian-C4-PGL-8-3-index-2-dimension-3",
symplecticPart := "C4" ), rec(
familyDimension := 2,
fullIndex := 4,
genericIndex := 1,
linearGroupId := [ 48, 20 ],
number := 81,
position := 81,
projectiveGroupId := [ 16, 2 ],
rankS := 14,
sourceKey := "liftable-abelian-C4-PGL-16-2-index-4-dimension-2",
symplecticPart := "C4" ), rec(
familyDimension := 2,
fullIndex := 4,
genericIndex := 1,
linearGroupId := [ 48, 24 ],
number := 82,
position := 82,
projectiveGroupId := [ 16, 6 ],
rankS := 14,
sourceKey := "small-nonabelian-C4-PGL-16-6-index-4-dimension-2",
symplecticPart := "C4" ), rec(
familyDimension := 6,
fullIndex := 1,
genericIndex := 1,
linearGroupId := [ 18, 3 ],
number := 83,
position := 83,
projectiveGroupId := [ 6, 1 ],
rankS := 14,
sourceKey := "small-nonabelian-S3-PGL-6-1-index-1-dimension-6",
symplecticPart := "S3" ), rec(
familyDimension := 3,
fullIndex := 2,
genericIndex := 1,
linearGroupId := [ 36, 12 ],
number := 84,
position := 84,
projectiveGroupId := [ 12, 4 ],
rankS := 14,
sourceKey := "small-nonabelian-S3-PGL-12-4-index-2-dimension-3",
symplecticPart := "S3" ), rec(
familyDimension := 3,
fullIndex := 2,
genericIndex := 1,
linearGroupId := [ 36, 12 ],
number := 85,
position := 85,
projectiveGroupId := [ 12, 4 ],
rankS := 14,
sourceKey := "small-nonabelian-S3-PGL-12-4-index-2-dimension-3-representation-2",
symplecticPart := "S3" ), rec(
familyDimension := 3,
fullIndex := 3,
genericIndex := 1,
linearGroupId := [ 54, 12 ],
number := 86,
position := 86,
projectiveGroupId := [ 18, 3 ],
rankS := 14,
sourceKey := "small-nonabelian-S3-PGL-18-3-index-3-dimension-3",
symplecticPart := "S3" ), rec(
familyDimension := 2,
fullIndex := 3,
genericIndex := 1,
linearGroupId := [ 54, 12 ],
number := 87,
position := 87,
projectiveGroupId := [ 18, 3 ],
rankS := 14,
sourceKey := "small-nonabelian-S3-PGL-18-3-index-3-dimension-2-representation-2",
symplecticPart := "S3" ), rec(
familyDimension := 6,
fullIndex := 2,
genericIndex := 2,
linearGroupId := [ 36, 12 ],
number := 88,
position := 88,
projectiveGroupId := [ 12, 4 ],
rankS := 14,
sourceKey := "small-nonabelian-S3-PGL-12-4-index-2-dimension-6",
symplecticPart := "S3" ), rec(
familyDimension := 3,
fullIndex := 4,
genericIndex := 2,
linearGroupId := [ 72, 27 ],
number := 89,
position := 89,
projectiveGroupId := [ 24, 5 ],
rankS := 14,
sourceKey := "small-nonabelian-S3-PGL-24-5-index-4-dimension-3",
symplecticPart := "S3" ), rec(
familyDimension := 3,
fullIndex := 6,
genericIndex := 2,
linearGroupId := [ 108, 42 ],
number := 90,
position := 90,
projectiveGroupId := [ 36, 12 ],
rankS := 14,
sourceKey := "small-nonabelian-S3-PGL-36-12-index-6-dimension-3",
symplecticPart := "S3" ), rec(
familyDimension := 3,
fullIndex := 6,
genericIndex := 2,
linearGroupId := [ 108, 42 ],
number := 91,
position := 91,
projectiveGroupId := [ 36, 12 ],
rankS := 14,
sourceKey := "small-nonabelian-S3-PGL-36-12-index-6-dimension-3-representation-2",
symplecticPart := "S3" ), rec(
familyDimension := 2,
fullIndex := 6,
genericIndex := 2,
linearGroupId := [ 108, 42 ],
number := 92,
position := 92,
projectiveGroupId := [ 36, 12 ],
rankS := 14,
sourceKey := "small-nonabelian-S3-PGL-36-12-index-6-dimension-2-representation-2",
symplecticPart := "S3" ), rec(
familyDimension := 1,
fullIndex := 8,
genericIndex := 2,
linearGroupId := [ 144, 69 ],
number := 93,
position := 93,
projectiveGroupId := [ 48, 4 ],
rankS := 14,
sourceKey := "small-nonabelian-S3-PGL-48-4-index-8-dimension-1",
symplecticPart := "S3" ), rec(
familyDimension := 1,
fullIndex := 12,
genericIndex := 2,
linearGroupId := [ 216, 136 ],
number := 94,
position := 94,
projectiveGroupId := [ 72, 27 ],
rankS := 14,
sourceKey := "small-nonabelian-S3-PGL-72-27-index-12-dimension-1",
symplecticPart := "S3" ), rec(
familyDimension := 1,
fullIndex := 12,
genericIndex := 2,
linearGroupId := [ 216, 136 ],
number := 95,
position := 95,
projectiveGroupId := [ 72, 27 ],
rankS := 14,
sourceKey := "small-nonabelian-S3-PGL-72-27-index-12-dimension-1-representation-2",
symplecticPart := "S3" ), rec(
familyDimension := 0,
fullIndex := 24,
genericIndex := 2,
linearGroupId := [ 432, 464 ],
number := 96,
position := 96,
projectiveGroupId := [ 144, 69 ],
rankS := 14,
sourceKey := "small-nonabelian-S3-PGL-144-69-index-24-dimension-0",
symplecticPart := "S3" ), rec(
familyDimension := 8,
fullIndex := 1,
genericIndex := 1,
linearGroupId := [ 12, 5 ],
number := 97,
position := 97,
projectiveGroupId := [ 4, 2 ],
rankS := 12,
sourceKey := "liftable-abelian-C2^2-PGL-4-2-index-1-dimension-8",
symplecticPart := "C2^2" ), rec(
familyDimension := 7,
fullIndex := 2,
genericIndex := 1,
linearGroupId := [ 24, 15 ],
number := 98,
position := 98,
projectiveGroupId := [ 8, 5 ],
rankS := 12,
sourceKey := "liftable-abelian-C2^2-PGL-8-5-index-2-dimension-7",
symplecticPart := "C2^2" ), rec(
familyDimension := 6,
fullIndex := 2,
genericIndex := 1,
linearGroupId := [ 24, 10 ],
number := 99,
position := 99,
projectiveGroupId := [ 8, 3 ],
rankS := 12,
sourceKey := "small-nonabelian-C2^2-PGL-8-3-index-2-dimension-6",
symplecticPart := "C2^2" ), rec(
familyDimension := 5,
fullIndex := 2,
genericIndex := 1,
linearGroupId := [ 24, 15 ],
number := 100,
position := 100,
projectiveGroupId := [ 8, 5 ],
rankS := 12,
sourceKey := "liftable-abelian-C2^2-PGL-8-5-index-2-dimension-5",
symplecticPart := "C2^2" ), rec(
familyDimension := 4,
fullIndex := 3,
genericIndex := 1,
linearGroupId := [ 36, 14 ],
number := 101,
position := 101,
projectiveGroupId := [ 12, 5 ],
rankS := 12,
sourceKey := "liftable-abelian-C2^2-PGL-12-5-index-3-dimension-4",
symplecticPart := "C2^2" ), rec(
familyDimension := 3,
fullIndex := 3,
genericIndex := 1,
linearGroupId := [ 36, 11 ],
number := 102,
position := 102,
projectiveGroupId := [ 12, 3 ],
rankS := 12,
sourceKey := "small-nonabelian-C2^2-PGL-12-3-index-3-dimension-3",
symplecticPart := "C2^2" ), rec(
familyDimension := 3,
fullIndex := 6,
genericIndex := 1,
linearGroupId := [ 72, 37 ],
number := 103,
position := 103,
projectiveGroupId := [ 24, 10 ],
rankS := 12,
sourceKey := "small-nonabelian-C2^2-PGL-24-10-index-6-dimension-3",
symplecticPart := "C2^2" ), rec(
familyDimension := 2,
fullIndex := 6,
genericIndex := 1,
linearGroupId := [ 72, 47 ],
number := 104,
position := 104,
projectiveGroupId := [ 24, 13 ],
rankS := 12,
sourceKey := "small-nonabelian-C2^2-PGL-24-13-index-6-dimension-2",
symplecticPart := "C2^2" ), rec(
familyDimension := 2,
fullIndex := 6,
genericIndex := 1,
linearGroupId := [ 72, 16 ],
number := 105,
position := 105,
projectiveGroupId := [ 24, 13 ],
rankS := 12,
sourceKey := "small-nonabelian-C2^2-PGL-24-13-index-6-dimension-2-representation-2",
symplecticPart := "C2^2" ), rec(
familyDimension := 8,
fullIndex := 1,
genericIndex := 1,
linearGroupId := [ 9, 2 ],
number := 106,
position := 106,
projectiveGroupId := [ 3, 1 ],
rankS := 12,
sourceKey := "liftable-abelian-C3-PGL-3-1-index-1-dimension-8",
symplecticPart := "C3" ), rec(
familyDimension := 4,
fullIndex := 2,
genericIndex := 1,
linearGroupId := [ 18, 3 ],
number := 107,
position := 107,
projectiveGroupId := [ 6, 1 ],
rankS := 12,
sourceKey := "small-nonabelian-C3-PGL-6-1-index-2-dimension-4",
symplecticPart := "C3" ), rec(
familyDimension := 4,
fullIndex := 2,
genericIndex := 1,
linearGroupId := [ 18, 5 ],
number := 108,
position := 108,
projectiveGroupId := [ 6, 2 ],
rankS := 12,
sourceKey := "liftable-abelian-C3-PGL-6-2-index-2-dimension-4",
symplecticPart := "C3" ), rec(
familyDimension := 4,
fullIndex := 2,
genericIndex := 1,
linearGroupId := [ 18, 5 ],
number := 109,
position := 109,
projectiveGroupId := [ 6, 2 ],
rankS := 12,
sourceKey := "liftable-abelian-C3-PGL-6-2-index-2-dimension-4-representation-2",
symplecticPart := "C3" ), rec(
familyDimension := 4,
fullIndex := 3,
genericIndex := 1,
linearGroupId := [ 27, 5 ],
number := 110,
position := 110,
projectiveGroupId := [ 9, 2 ],
rankS := 12,
sourceKey := "liftable-abelian-C3-PGL-9-2-index-3-dimension-4",
symplecticPart := "C3" ), rec(
familyDimension := 3,
fullIndex := 3,
genericIndex := 1,
linearGroupId := [ 27, 5 ],
number := 111,
position := 111,
projectiveGroupId := [ 9, 2 ],
rankS := 12,
sourceKey := "liftable-abelian-C3-PGL-9-2-index-3-dimension-3",
symplecticPart := "C3" ), rec(
familyDimension := 2,
fullIndex := 3,
genericIndex := 1,
linearGroupId := [ 27, 4 ],
number := 112,
position := 112,
projectiveGroupId := [ 9, 2 ],
rankS := 12,
sourceKey := "nonliftable-abelian-C3-PGL-9-2-index-3-dimension-2",
symplecticPart := "C3" ), rec(
familyDimension := 2,
fullIndex := 6,
genericIndex := 1,
linearGroupId := [ 54, 15 ],
number := 113,
position := 113,
projectiveGroupId := [ 18, 5 ],
rankS := 12,
sourceKey := "liftable-abelian-C3-PGL-18-5-index-6-dimension-2",
symplecticPart := "C3" ), rec(
familyDimension := 1,
fullIndex := 6,
genericIndex := 1,
linearGroupId := [ 54, 11 ],
number := 114,
position := 114,
projectiveGroupId := [ 18, 5 ],
rankS := 12,
sourceKey := "nonliftable-abelian-C3-PGL-18-5-index-6-dimension-1",
symplecticPart := "C3" ), rec(
familyDimension := 8,
fullIndex := 2,
genericIndex := 2,
linearGroupId := [ 18, 3 ],
number := 115,
position := 115,
projectiveGroupId := [ 6, 1 ],
rankS := 12,
sourceKey := "small-nonabelian-C3-PGL-6-1-index-2-dimension-8",
symplecticPart := "C3" ), rec(
familyDimension := 4,
fullIndex := 6,
genericIndex := 2,
linearGroupId := [ 54, 12 ],
number := 116,
position := 116,
projectiveGroupId := [ 18, 3 ],
rankS := 12,
sourceKey := "small-nonabelian-C3-PGL-18-3-index-6-dimension-4",
symplecticPart := "C3" ), rec(
familyDimension := 4,
fullIndex := 6,
genericIndex := 2,
linearGroupId := [ 54, 12 ],
number := 117,
position := 117,
projectiveGroupId := [ 18, 3 ],
rankS := 12,
sourceKey := "small-nonabelian-C3-PGL-18-3-index-6-dimension-4-representation-2",
symplecticPart := "C3" ), rec(
familyDimension := 3,
fullIndex := 6,
genericIndex := 2,
linearGroupId := [ 54, 12 ],
number := 118,
position := 118,
projectiveGroupId := [ 18, 3 ],
rankS := 12,
sourceKey := "small-nonabelian-C3-PGL-18-3-index-6-dimension-3",
symplecticPart := "C3" ), rec(
familyDimension := 12,
fullIndex := 1,
genericIndex := 1,
linearGroupId := [ 6, 2 ],
number := 119,
position := 119,
projectiveGroupId := [ 2, 1 ],
rankS := 8,
sourceKey := "liftable-abelian-C2-PGL-2-1-index-1-dimension-12",
symplecticPart := "C2" ), rec(
familyDimension := 10,
fullIndex := 2,
genericIndex := 1,
linearGroupId := [ 12, 5 ],
number := 120,
position := 120,
projectiveGroupId := [ 4, 2 ],
rankS := 8,
sourceKey := "liftable-abelian-C2-PGL-4-2-index-2-dimension-10",
symplecticPart := "C2" ), rec(
familyDimension := 8,
fullIndex := 2,
genericIndex := 1,
linearGroupId := [ 12, 5 ],
number := 121,
position := 121,
projectiveGroupId := [ 4, 2 ],
rankS := 8,
sourceKey := "liftable-abelian-C2-PGL-4-2-index-2-dimension-8",
symplecticPart := "C2" ), rec(
familyDimension := 6,
fullIndex := 2,
genericIndex := 1,
linearGroupId := [ 12, 5 ],
number := 122,
position := 122,
projectiveGroupId := [ 4, 2 ],
rankS := 8,
sourceKey := "liftable-abelian-C2-PGL-4-2-index-2-dimension-6",
symplecticPart := "C2" ), rec(
familyDimension := 6,
fullIndex := 3,
genericIndex := 1,
linearGroupId := [ 18, 5 ],
number := 123,
position := 123,
projectiveGroupId := [ 6, 2 ],
rankS := 8,
sourceKey := "liftable-abelian-C2-PGL-6-2-index-3-dimension-6",
symplecticPart := "C2" ), rec(
familyDimension := 5,
fullIndex := 4,
genericIndex := 1,
linearGroupId := [ 24, 9 ],
number := 124,
position := 124,
projectiveGroupId := [ 8, 2 ],
rankS := 8,
sourceKey := "liftable-abelian-C2-PGL-8-2-index-4-dimension-5",
symplecticPart := "C2" ), rec(
familyDimension := 5,
fullIndex := 6,
genericIndex := 1,
linearGroupId := [ 36, 14 ],
number := 125,
position := 125,
projectiveGroupId := [ 12, 5 ],
rankS := 8,
sourceKey := "liftable-abelian-C2-PGL-12-5-index-6-dimension-5",
symplecticPart := "C2" ), rec(
familyDimension := 4,
fullIndex := 3,
genericIndex := 1,
linearGroupId := [ 18, 5 ],
number := 126,
position := 126,
projectiveGroupId := [ 6, 2 ],
rankS := 8,
sourceKey := "liftable-abelian-C2-PGL-6-2-index-3-dimension-4",
symplecticPart := "C2" ), rec(
familyDimension := 4,
fullIndex := 4,
genericIndex := 1,
linearGroupId := [ 24, 9 ],
number := 127,
position := 127,
projectiveGroupId := [ 8, 2 ],
rankS := 8,
sourceKey := "liftable-abelian-C2-PGL-8-2-index-4-dimension-4",
symplecticPart := "C2" ), rec(
familyDimension := 3,
fullIndex := 6,
genericIndex := 1,
linearGroupId := [ 36, 14 ],
number := 128,
position := 128,
projectiveGroupId := [ 12, 5 ],
rankS := 8,
sourceKey := "liftable-abelian-C2-PGL-12-5-index-6-dimension-3",
symplecticPart := "C2" ), rec(
familyDimension := 2,
fullIndex := 8,
genericIndex := 1,
linearGroupId := [ 48, 23 ],
number := 129,
position := 129,
projectiveGroupId := [ 16, 5 ],
rankS := 8,
sourceKey := "liftable-abelian-C2-PGL-16-5-index-8-dimension-2",
symplecticPart := "C2" ), rec(
familyDimension := 2,
fullIndex := 12,
genericIndex := 1,
linearGroupId := [ 72, 36 ],
number := 130,
position := 130,
projectiveGroupId := [ 24, 9 ],
rankS := 8,
sourceKey := "liftable-abelian-C2-PGL-24-9-index-12-dimension-2",
symplecticPart := "C2" ), rec(
familyDimension := 1,
fullIndex := 12,
genericIndex := 1,
linearGroupId := [ 72, 36 ],
number := 131,
position := 131,
projectiveGroupId := [ 24, 9 ],
rankS := 8,
sourceKey := "liftable-abelian-C2-PGL-24-9-index-12-dimension-1",
symplecticPart := "C2" ), rec(
familyDimension := 20,
fullIndex := 1,
genericIndex := 1,
linearGroupId := [ 3, 1 ],
number := 132,
position := 132,
projectiveGroupId := [ 1, 1 ],
rankS := 0,
sourceKey := "liftable-abelian-1-PGL-1-1-index-1-dimension-20",
symplecticPart := "1" ), rec(
familyDimension := 14,
fullIndex := 2,
genericIndex := 1,
linearGroupId := [ 6, 2 ],
number := 133,
position := 133,
projectiveGroupId := [ 2, 1 ],
rankS := 0,
sourceKey := "liftable-abelian-1-PGL-2-1-index-2-dimension-14",
symplecticPart := "1" ), rec(
familyDimension := 10,
fullIndex := 2,
genericIndex := 1,
linearGroupId := [ 6, 2 ],
number := 134,
position := 134,
projectiveGroupId := [ 2, 1 ],
rankS := 0,
sourceKey := "liftable-abelian-1-PGL-2-1-index-2-dimension-10",
symplecticPart := "1" ), rec(
familyDimension := 10,
fullIndex := 3,
genericIndex := 1,
linearGroupId := [ 9, 2 ],
number := 135,
position := 135,
projectiveGroupId := [ 3, 1 ],
rankS := 0,
sourceKey := "liftable-abelian-1-PGL-3-1-index-3-dimension-10",
symplecticPart := "1" ), rec(
familyDimension := 7,
fullIndex := 3,
genericIndex := 1,
linearGroupId := [ 9, 2 ],
number := 136,
position := 136,
projectiveGroupId := [ 3, 1 ],
rankS := 0,
sourceKey := "liftable-abelian-1-PGL-3-1-index-3-dimension-7",
symplecticPart := "1" ), rec(
familyDimension := 7,
fullIndex := 4,
genericIndex := 1,
linearGroupId := [ 12, 2 ],
number := 137,
position := 137,
projectiveGroupId := [ 4, 1 ],
rankS := 0,
sourceKey := "liftable-abelian-1-PGL-4-1-index-4-dimension-7",
symplecticPart := "1" ), rec(
familyDimension := 7,
fullIndex := 4,
genericIndex := 1,
linearGroupId := [ 12, 2 ],
number := 138,
position := 138,
projectiveGroupId := [ 4, 1 ],
rankS := 0,
sourceKey := "liftable-abelian-1-PGL-4-1-index-4-dimension-7-representation-2",
symplecticPart := "1" ), rec(
familyDimension := 7,
fullIndex := 6,
genericIndex := 1,
linearGroupId := [ 18, 5 ],
number := 139,
position := 139,
projectiveGroupId := [ 6, 2 ],
rankS := 0,
sourceKey := "liftable-abelian-1-PGL-6-2-index-6-dimension-7",
symplecticPart := "1" ), rec(
familyDimension := 6,
fullIndex := 3,
genericIndex := 1,
linearGroupId := [ 9, 1 ],
number := 140,
position := 140,
projectiveGroupId := [ 3, 1 ],
rankS := 0,
sourceKey := "liftable-abelian-1-PGL-3-1-index-3-dimension-6",
symplecticPart := "1" ), rec(
familyDimension := 5,
fullIndex := 6,
genericIndex := 1,
linearGroupId := [ 18, 5 ],
number := 141,
position := 141,
projectiveGroupId := [ 6, 2 ],
rankS := 0,
sourceKey := "liftable-abelian-1-PGL-6-2-index-6-dimension-5",
symplecticPart := "1" ), rec(
familyDimension := 4,
fullIndex := 6,
genericIndex := 1,
linearGroupId := [ 18, 5 ],
number := 142,
position := 142,
projectiveGroupId := [ 6, 2 ],
rankS := 0,
sourceKey := "liftable-abelian-1-PGL-6-2-index-6-dimension-4",
symplecticPart := "1" ), rec(
familyDimension := 3,
fullIndex := 6,
genericIndex := 1,
linearGroupId := [ 18, 2 ],
number := 143,
position := 143,
projectiveGroupId := [ 6, 2 ],
rankS := 0,
sourceKey := "liftable-abelian-1-PGL-6-2-index-6-dimension-3",
symplecticPart := "1" ), rec(
familyDimension := 3,
fullIndex := 8,
genericIndex := 1,
linearGroupId := [ 24, 2 ],
number := 144,
position := 144,
projectiveGroupId := [ 8, 1 ],
rankS := 0,
sourceKey := "liftable-abelian-1-PGL-8-1-index-8-dimension-3",
symplecticPart := "1" ), rec(
familyDimension := 3,
fullIndex := 8,
genericIndex := 1,
linearGroupId := [ 24, 2 ],
number := 145,
position := 145,
projectiveGroupId := [ 8, 1 ],
rankS := 0,
sourceKey := "liftable-abelian-1-PGL-8-1-index-8-dimension-3-representation-2",
symplecticPart := "1" ), rec(
familyDimension := 3,
fullIndex := 8,
genericIndex := 1,
linearGroupId := [ 24, 2 ],
number := 146,
position := 146,
projectiveGroupId := [ 8, 1 ],
rankS := 0,
sourceKey := "liftable-abelian-1-PGL-8-1-index-8-dimension-3-representation-3",
symplecticPart := "1" ), rec(
familyDimension := 3,
fullIndex := 12,
genericIndex := 1,
linearGroupId := [ 36, 8 ],
number := 147,
position := 147,
projectiveGroupId := [ 12, 2 ],
rankS := 0,
sourceKey := "liftable-abelian-1-PGL-12-2-index-12-dimension-3",
symplecticPart := "1" ), rec(
familyDimension := 3,
fullIndex := 12,
genericIndex := 1,
linearGroupId := [ 36, 8 ],
number := 148,
position := 148,
projectiveGroupId := [ 12, 2 ],
rankS := 0,
sourceKey := "liftable-abelian-1-PGL-12-2-index-12-dimension-3-representation-2",
symplecticPart := "1" ), rec(
familyDimension := 2,
fullIndex := 12,
genericIndex := 1,
linearGroupId := [ 36, 8 ],
number := 149,
position := 149,
projectiveGroupId := [ 12, 2 ],
rankS := 0,
sourceKey := "liftable-abelian-1-PGL-12-2-index-12-dimension-2",
symplecticPart := "1" ), rec(
familyDimension := 2,
fullIndex := 12,
genericIndex := 1,
linearGroupId := [ 36, 8 ],
number := 150,
position := 150,
projectiveGroupId := [ 12, 2 ],
rankS := 0,
sourceKey := "liftable-abelian-1-PGL-12-2-index-12-dimension-2-representation-2",
symplecticPart := "1" ), rec(
familyDimension := 1,
fullIndex := 16,
genericIndex := 1,
linearGroupId := [ 48, 2 ],
number := 151,
position := 151,
projectiveGroupId := [ 16, 1 ],
rankS := 0,
sourceKey := "liftable-abelian-1-PGL-16-1-index-16-dimension-1",
symplecticPart := "1" ), rec(
familyDimension := 1,
fullIndex := 16,
genericIndex := 1,
linearGroupId := [ 48, 2 ],
number := 152,
position := 152,
projectiveGroupId := [ 16, 1 ],
rankS := 0,
sourceKey := "liftable-abelian-1-PGL-16-1-index-16-dimension-1-representation-2",
symplecticPart := "1" ), rec(
familyDimension := 1,
fullIndex := 24,
genericIndex := 1,
linearGroupId := [ 72, 14 ],
number := 153,
position := 153,
projectiveGroupId := [ 24, 2 ],
rankS := 0,
sourceKey := "liftable-abelian-1-PGL-24-2-index-24-dimension-1",
symplecticPart := "1" ), rec(
familyDimension := 1,
fullIndex := 24,
genericIndex := 1,
linearGroupId := [ 72, 14 ],
number := 154,
position := 154,
projectiveGroupId := [ 24, 2 ],
rankS := 0,
sourceKey := "liftable-abelian-1-PGL-24-2-index-24-dimension-1-representation-2",
symplecticPart := "1" ), rec(
familyDimension := 0,
fullIndex := 32,
genericIndex := 1,
linearGroupId := [ 96, 2 ],
number := 155,
position := 155,
projectiveGroupId := [ 32, 1 ],
rankS := 0,
sourceKey := "liftable-abelian-1-PGL-32-1-index-32-dimension-0",
symplecticPart := "1" ), rec(
familyDimension := 0,
fullIndex := 48,
genericIndex := 1,
linearGroupId := [ 144, 30 ],
number := 156,
position := 156,
projectiveGroupId := [ 48, 2 ],
rankS := 0,
sourceKey := "liftable-abelian-1-PGL-48-2-index-48-dimension-0",
symplecticPart := "1" ) ],
computedCount := 156,
equivalentPairCount := 156,
gapVersion := "4.15.1",
intendedFailurePositions := [  ],
matchLists := [ [ 1 ], [ 2 ], [ 3 ], [ 4 ], [ 5 ], [ 6 ], [ 7 ], [ 8 ], [ 9 ], [ 10 ], [ 11 ], [ 12 ], [ 13 ], [ 14 ], [ 15 ], [ 16 ], [ 17 ], [ 18 ], [ 19 ], [ 20 ], [ 21 ], [ 22 ], [ 23 ], [ 24 ], [ 25 ], [ 26 ], [ 27 ], [ 28 ], [ 29 ], [ 30 ], [ 31 ], [ 32 ], [ 33 ], [ 34 ], [ 35 ], [ 36 ], [ 37 ], [ 38 ], [ 39 ], [ 40 ], [ 41 ], [ 42 ], [ 43 ], [ 44 ], [ 45 ], [ 46 ], [ 47 ], [ 48 ], [ 49 ], [ 50 ], [ 51 ], [ 52 ], [ 53 ], [ 54 ], [ 55 ], [ 56 ], [ 57 ], [ 58 ], [ 59 ], [ 60 ], [ 61 ], [ 62 ], [ 63 ], [ 64 ], [ 65 ], [ 66 ], [ 67 ], [ 68 ], [ 69 ], [ 70 ], [ 71 ], [ 72 ], [ 73 ], [ 74 ], [ 75 ], [ 76 ], [ 77 ], [ 78 ], [ 79 ], [ 80 ], [ 81 ], [ 82 ], [ 83 ], [ 84 ], [ 85 ], [ 86 ], [ 87 ], [ 88 ], [ 89 ], [ 90 ], [ 91 ], [ 92 ], [ 93 ], [ 94 ], [ 95 ], [ 96 ], [ 97 ], [ 98 ], [ 99 ], [ 100 ], [ 101 ], [ 102 ], [ 103 ], [ 104 ], [ 105 ], [ 106 ], [ 107 ], [ 108 ], [ 109 ], [ 110 ], [ 111 ], [ 112 ], [ 113 ], [ 114 ], [ 115 ], [ 116 ], [ 117 ], [ 118 ], [ 119 ], [ 120 ], [ 121 ], [ 122 ], [ 123 ], [ 124 ], [ 125 ], [ 126 ], [ 127 ], [ 128 ], [ 129 ], [ 130 ], [ 131 ], [ 132 ], [ 133 ], [ 134 ], [ 135 ], [ 136 ], [ 137 ], [ 138 ], [ 139 ], [ 140 ], [ 141 ], [ 142 ], [ 143 ], [ 144 ], [ 145 ], [ 146 ], [ 147 ], [ 148 ], [ 149 ], [ 150 ], [ 151 ], [ 152 ], [ 153 ], [ 154 ], [ 155 ], [ 156 ] ],
nonEquivalentPairCount := 34,
pairResults := [ rec(
P := [ [ 1, 0, 0, 0, 0, 0 ], [ 0, 1, 0, 0, 0, 0 ], [ 0, 0, 1, 0, 0, 0 ], [ 0, 0, 0, 1, 0, 0 ], [ 0, 0, 0, 0, 1, 0 ], [ 0, 0, 0, 0, 0, 1 ] ],
computedPosition := 1,
method := "literal_matrix_equality",
presentationPosition := 1,
reason := "equal_matrix_groups",
status := "equivalent" ), rec(
P := [ [ 1, 0, 0, 0, 0, 0 ], [ 0, 1, 0, 0, 0, 0 ], [ 0, 0, 1, 0, 0, 0 ], [ 0, 0, 0, 1, 0, 0 ], [ 0, 0, 0, 0, 1, 0 ], [ 0, 0, 0, 0, 0, 1 ] ],
computedPosition := 2,
method := "literal_matrix_equality",
presentationPosition := 2,
reason := "equal_matrix_groups",
status := "equivalent" ), rec(
P := [ [ 1, 0, 0, 0, 0, 0 ], [ 0, 1, 0, 0, 0, 0 ], [ 0, 0, 1, 0, 0, 0 ], [ 0, 0, 0, 1, 0, 0 ], [ 0, 0, 0, 0, 1, 0 ], [ 0, 0, 0, 0, 0, 1 ] ],
computedPosition := 3,
method := "literal_matrix_equality",
presentationPosition := 3,
reason := "equal_matrix_groups",
status := "equivalent" ), rec(
P := [ [ 1, 0, 0, 0, 0, 0 ], [ 0, 1, 0, 0, 0, 0 ], [ 0, 0, 1, 0, 0, 0 ], [ 0, 0, 0, 1, 0, 0 ], [ 0, 0, 0, 0, 1, 0 ], [ 0, 0, 0, 0, 0, 1 ] ],
computedPosition := 4,
method := "literal_matrix_equality",
presentationPosition := 4,
reason := "equal_matrix_groups",
status := "equivalent" ), rec(
P := [ [ 1, 0, 0, 0, 0, 0 ], [ 0, 1, 0, 0, 0, 0 ], [ 0, 0, 1, 0, 0, 0 ], [ 0, 0, 0, 1, 0, 0 ], [ 0, 0, 0, 0, 1, 0 ], [ 0, 0, 0, 0, 0, 1 ] ],
computedPosition := 5,
method := "literal_matrix_equality",
presentationPosition := 5,
reason := "equal_matrix_groups",
status := "equivalent" ), rec(
P := fail,
computedPosition := 5,
method := "A_strict",
presentationPosition := 6,
reason := "exhausted_no_verified_candidate",
status := "not_equivalent" ), rec(
P := fail,
computedPosition := 6,
method := "A_strict",
presentationPosition := 5,
reason := "exhausted_no_verified_candidate",
status := "not_equivalent" ), rec(
P := [ [ 1, 0, 0, 0, 0, 0 ], [ 0, 1, 0, 0, 0, 0 ], [ 0, 0, 1, 0, 0, 0 ], [ 0, 0, 0, 1, 0, 0 ], [ 0, 0, 0, 0, 1, 0 ], [ 0, 0, 0, 0, 0, 1 ] ],
computedPosition := 6,
method := "literal_matrix_equality",
presentationPosition := 6,
reason := "equal_matrix_groups",
status := "equivalent" ), rec(
P := [ [ 1, 0, 0, 0, 0, 0 ], [ 0, 1, 0, 0, 0, 0 ], [ 0, 0, 1, 0, 0, 0 ], [ 0, 0, 0, 1, 0, 0 ], [ 0, 0, 0, 0, 1, 0 ], [ 0, 0, 0, 0, 0, 1 ] ],
computedPosition := 7,
method := "literal_matrix_equality",
presentationPosition := 7,
reason := "equal_matrix_groups",
status := "equivalent" ), rec(
P := [ [ 1, 0, 0, 0, 0, 0 ], [ 0, 1, 0, 0, 0, 0 ], [ 0, 0, 1, 0, 0, 0 ], [ 0, 0, 0, 1, 0, 0 ], [ 0, 0, 0, 0, 1, 0 ], [ 0, 0, 0, 0, 0, 1 ] ],
computedPosition := 8,
method := "literal_matrix_equality",
presentationPosition := 8,
reason := "equal_matrix_groups",
status := "equivalent" ), rec(
P := [ [ 1, 0, 0, 0, 0, 0 ], [ 0, 1, 0, 0, 0, 0 ], [ 0, 0, 1, 0, 0, 0 ], [ 0, 0, 0, 1, 0, 0 ], [ 0, 0, 0, 0, 1, 0 ], [ 0, 0, 0, 0, 0, 1 ] ],
computedPosition := 9,
method := "literal_matrix_equality",
presentationPosition := 9,
reason := "equal_matrix_groups",
status := "equivalent" ), rec(
P := [ [ 1, 0, 0, 0, 0, 0 ], [ 0, 1, 0, 0, 0, 0 ], [ 0, 0, 1, 0, 0, 0 ], [ 0, 0, 0, 1, 0, 0 ], [ 0, 0, 0, 0, 1, 0 ], [ 0, 0, 0, 0, 0, 1 ] ],
computedPosition := 10,
method := "literal_matrix_equality",
presentationPosition := 10,
reason := "equal_matrix_groups",
status := "equivalent" ), rec(
P := [ [ 1, 0, 0, 0, 0, 0 ], [ 0, 1, 0, 0, 0, 0 ], [ 0, 0, 1, 0, 0, 0 ], [ 0, 0, 0, 1, 0, 0 ], [ 0, 0, 0, 0, 1, 0 ], [ 0, 0, 0, 0, 0, 1 ] ],
computedPosition := 11,
method := "literal_matrix_equality",
presentationPosition := 11,
reason := "equal_matrix_groups",
status := "equivalent" ), rec(
P := [ [ 1, 0, 0, 0, 0, 0 ], [ 0, 1, 0, 0, 0, 0 ], [ 0, 0, 1, 0, 0, 0 ], [ 0, 0, 0, 1, 0, 0 ], [ 0, 0, 0, 0, 1, 0 ], [ 0, 0, 0, 0, 0, 1 ] ],
computedPosition := 12,
method := "literal_matrix_equality",
presentationPosition := 12,
reason := "equal_matrix_groups",
status := "equivalent" ), rec(
P := [ [ 1, 0, 0, 0, 0, 0 ], [ 0, 1, 0, 0, 0, 0 ], [ 0, 0, 1, 0, 0, 0 ], [ 0, 0, 0, 1, 0, 0 ], [ 0, 0, 0, 0, 1, 0 ], [ 0, 0, 0, 0, 0, 1 ] ],
computedPosition := 13,
method := "literal_matrix_equality",
presentationPosition := 13,
reason := "equal_matrix_groups",
status := "equivalent" ), rec(
P := fail,
computedPosition := 13,
method := "A_strict",
presentationPosition := 14,
reason := "exhausted_no_verified_candidate",
status := "not_equivalent" ), rec(
P := fail,
computedPosition := 14,
method := "A_strict",
presentationPosition := 13,
reason := "exhausted_no_verified_candidate",
status := "not_equivalent" ), rec(
P := [ [ 1, 0, 0, 0, 0, 0 ], [ 0, 1, 0, 0, 0, 0 ], [ 0, 0, 1, 0, 0, 0 ], [ 0, 0, 0, 1, 0, 0 ], [ 0, 0, 0, 0, 1, 0 ], [ 0, 0, 0, 0, 0, 1 ] ],
computedPosition := 14,
method := "literal_matrix_equality",
presentationPosition := 14,
reason := "equal_matrix_groups",
status := "equivalent" ), rec(
P := [ [ 1, 0, 0, 0, 0, 0 ], [ 0, 1, 0, 0, 0, 0 ], [ 0, 0, 1, 0, 0, 0 ], [ 0, 0, 0, 1, 0, 0 ], [ 0, 0, 0, 0, 1, 0 ], [ 0, 0, 0, 0, 0, 1 ] ],
computedPosition := 15,
method := "literal_matrix_equality",
presentationPosition := 15,
reason := "equal_matrix_groups",
status := "equivalent" ), rec(
P := [ [ 1, 0, 0, 0, 0, 0 ], [ 0, 1, 0, 0, 0, 0 ], [ 0, 0, 1, 0, 0, 0 ], [ 0, 0, 0, 1, 0, 0 ], [ 0, 0, 0, 0, 1, 0 ], [ 0, 0, 0, 0, 0, 1 ] ],
computedPosition := 16,
method := "literal_matrix_equality",
presentationPosition := 16,
reason := "equal_matrix_groups",
status := "equivalent" ), rec(
P := [ [ 1, 0, 0, 0, 0, 0 ], [ 0, 1, 0, 0, 0, 0 ], [ 0, 0, 1, 0, 0, 0 ], [ 0, 0, 0, 1, 0, 0 ], [ 0, 0, 0, 0, 1, 0 ], [ 0, 0, 0, 0, 0, 1 ] ],
computedPosition := 17,
method := "literal_matrix_equality",
presentationPosition := 17,
reason := "equal_matrix_groups",
status := "equivalent" ), rec(
P := [ [ 1, 0, 0, 0, 0, 0 ], [ 0, 1, 0, 0, 0, 0 ], [ 0, 0, 1, 0, 0, 0 ], [ 0, 0, 0, 1, 0, 0 ], [ 0, 0, 0, 0, 1, 0 ], [ 0, 0, 0, 0, 0, 1 ] ],
computedPosition := 18,
method := "literal_matrix_equality",
presentationPosition := 18,
reason := "equal_matrix_groups",
status := "equivalent" ), rec(
P := [ [ 1, 0, 0, 0, 0, 0 ], [ 0, 1, 0, 0, 0, 0 ], [ 0, 0, 1, 0, 0, 0 ], [ 0, 0, 0, 1, 0, 0 ], [ 0, 0, 0, 0, 1, 0 ], [ 0, 0, 0, 0, 0, 1 ] ],
computedPosition := 19,
method := "literal_matrix_equality",
presentationPosition := 19,
reason := "equal_matrix_groups",
status := "equivalent" ), rec(
P := [ [ 1, 0, 0, 0, 0, 0 ], [ 0, 1, 0, 0, 0, 0 ], [ 0, 0, 1, 0, 0, 0 ], [ 0, 0, 0, 1, 0, 0 ], [ 0, 0, 0, 0, 1, 0 ], [ 0, 0, 0, 0, 0, 1 ] ],
computedPosition := 20,
method := "literal_matrix_equality",
presentationPosition := 20,
reason := "equal_matrix_groups",
status := "equivalent" ), rec(
P := [ [ 1, 0, 0, 0, 0, 0 ], [ 0, 1, 0, 0, 0, 0 ], [ 0, 0, 1, 0, 0, 0 ], [ 0, 0, 0, 1, 0, 0 ], [ 0, 0, 0, 0, 1, 0 ], [ 0, 0, 0, 0, 0, 1 ] ],
computedPosition := 21,
method := "literal_matrix_equality",
presentationPosition := 21,
reason := "equal_matrix_groups",
status := "equivalent" ), rec(
P := [ [ 1, 0, 0, 0, 0, 0 ], [ 0, 1, 0, 0, 0, 0 ], [ 0, 0, 1, 0, 0, 0 ], [ 0, 0, 0, 1, 0, 0 ], [ 0, 0, 0, 0, 1, 0 ], [ 0, 0, 0, 0, 0, 1 ] ],
computedPosition := 22,
method := "literal_matrix_equality",
presentationPosition := 22,
reason := "equal_matrix_groups",
status := "equivalent" ), rec(
P := [ [ 1, 0, 0, 0, 0, 0 ], [ 0, 1, 0, 0, 0, 0 ], [ 0, 0, 1, 0, 0, 0 ], [ 0, 0, 0, 1, 0, 0 ], [ 0, 0, 0, 0, 1, 0 ], [ 0, 0, 0, 0, 0, 1 ] ],
computedPosition := 23,
method := "literal_matrix_equality",
presentationPosition := 23,
reason := "equal_matrix_groups",
status := "equivalent" ), rec(
P := [ [ 1, 0, 0, 0, 0, 0 ], [ 0, 1, 0, 0, 0, 0 ], [ 0, 0, 1, 0, 0, 0 ], [ 0, 0, 0, 1, 0, 0 ], [ 0, 0, 0, 0, 1, 0 ], [ 0, 0, 0, 0, 0, 1 ] ],
computedPosition := 24,
method := "literal_matrix_equality",
presentationPosition := 24,
reason := "equal_matrix_groups",
status := "equivalent" ), rec(
P := [ [ 1, 0, 0, 0, 0, 0 ], [ 0, 1, 0, 0, 0, 0 ], [ 0, 0, 1, 0, 0, 0 ], [ 0, 0, 0, 1, 0, 0 ], [ 0, 0, 0, 0, 1, 0 ], [ 0, 0, 0, 0, 0, 1 ] ],
computedPosition := 25,
method := "literal_matrix_equality",
presentationPosition := 25,
reason := "equal_matrix_groups",
status := "equivalent" ), rec(
P := [ [ 2/9*E(3)-1/9*E(3)^2, 2/9*E(3)-1/9*E(3)^2, 1/9*E(3)-4/9*E(3)^2, -2/3*E(3)-4/9*E(3)^2, 2/9*E(3)-1/9*E(3)^2, 2/9*E(3)-1/9*E(3)^2 ], [ 2/9*E(3)-1/9*E(3)^2, 2/9*E(3)-1/9*E(3)^2, 2/9*E(3)-1/9*E(3)^2, -1/3*E(3)-2/9*E(3)^2, -1/3*E(3)-2/9*E(3)^2, -1/3*E(3)-2/9*E(3)^2 ], [ 1/9*E(3)+1/3*E(3)^2, 2/9*E(3)-1/9*E(3)^2, 4/9*E(3)+5/9*E(3)^2, 2/9*E(3)+2/3*E(3)^2, 1/9*E(3)+1/3*E(3)^2, 2/9*E(3)-1/9*E(3)^2 ], [ 2/9*E(3)-1/9*E(3)^2, 2/9*E(3)-1/9*E(3)^2, 1/9*E(3)+1/3*E(3)^2, 1/9*E(3)+1/3*E(3)^2, 1/9*E(3)+1/3*E(3)^2, 2/9*E(3)-1/9*E(3)^2 ], [ 1/9*E(3)+1/3*E(3)^2, -1/3*E(3)-2/9*E(3)^2, -5/9*E(3)-1/9*E(3)^2, -2/3*E(3)-4/9*E(3)^2, 1/9*E(3)+1/3*E(3)^2, -1/3*E(3)-2/9*E(3)^2 ], [ 1/9*E(3)+1/3*E(3)^2, 1/9*E(3)+1/3*E(3)^2, -1/3*E(3)-2/9*E(3)^2, -1/3*E(3)-2/9*E(3)^2, 1/9*E(3)+1/3*E(3)^2, -1/3*E(3)-2/9*E(3)^2 ] ],
computedPosition := 26,
method := "recorded_coordinate_witness",
presentationPosition := 26,
reason := "large_linear_embedding",
status := "equivalent" ), rec(
P := [ [ 1, 0, 0, 0, 0, 0 ], [ 0, 1, 0, 0, 0, 0 ], [ 0, 0, 1, 0, 0, 0 ], [ 0, 0, 0, 1, 0, 0 ], [ 0, 0, 0, 0, 1, 0 ], [ 0, 0, 0, 0, 0, 1 ] ],
computedPosition := 27,
method := "literal_matrix_equality",
presentationPosition := 27,
reason := "equal_matrix_groups",
status := "equivalent" ), rec(
P := [ [ 1, 0, 0, 0, 0, 0 ], [ 0, 1, 0, 0, 0, 0 ], [ 0, 0, 1, 0, 0, 0 ], [ 0, 0, 0, 1, 0, 0 ], [ 0, 0, 0, 0, 1, 0 ], [ 0, 0, 0, 0, 0, 1 ] ],
computedPosition := 28,
method := "literal_matrix_equality",
presentationPosition := 28,
reason := "equal_matrix_groups",
status := "equivalent" ), rec(
P := [ [ 1, 0, 0, 0, 0, 0 ], [ 0, 1, 0, 0, 0, 0 ], [ 0, 0, 1, 0, 0, 0 ], [ 0, 0, 0, 1, 0, 0 ], [ 0, 0, 0, 0, 1, 0 ], [ 0, 0, 0, 0, 0, 1 ] ],
computedPosition := 29,
method := "literal_matrix_equality",
presentationPosition := 29,
reason := "equal_matrix_groups",
status := "equivalent" ), rec(
P := [ [ 1, 0, 0, 0, 0, 0 ], [ 0, 1, 0, 0, 0, 0 ], [ 0, 0, 1, 0, 0, 0 ], [ 0, 0, 0, 1, 0, 0 ], [ 0, 0, 0, 0, 1, 0 ], [ 0, 0, 0, 0, 0, 1 ] ],
computedPosition := 30,
method := "literal_matrix_equality",
presentationPosition := 30,
reason := "equal_matrix_groups",
status := "equivalent" ), rec(
P := [ [ 1, 0, 0, 0, 0, 0 ], [ 0, 1, 0, 0, 0, 0 ], [ 0, 0, 1, 0, 0, 0 ], [ 0, 0, 0, 1, 0, 0 ], [ 0, 0, 0, 0, 1, 0 ], [ 0, 0, 0, 0, 0, 1 ] ],
computedPosition := 31,
method := "literal_matrix_equality",
presentationPosition := 31,
reason := "equal_matrix_groups",
status := "equivalent" ), rec(
P := [ [ 1, 0, 0, 0, 0, 0 ], [ 0, 1, 0, 0, 0, 0 ], [ 0, 0, 1, 0, 0, 0 ], [ 0, 0, 0, 1, 0, 0 ], [ 0, 0, 0, 0, 1, 0 ], [ 0, 0, 0, 0, 0, 1 ] ],
computedPosition := 32,
method := "literal_matrix_equality",
presentationPosition := 32,
reason := "equal_matrix_groups",
status := "equivalent" ), rec(
P := [ [ 1, 0, 0, 0, 0, 0 ], [ 0, 1, 0, 0, 0, 0 ], [ 0, 0, 1, 0, 0, 0 ], [ 0, 0, 0, 1, 0, 0 ], [ 0, 0, 0, 0, 1, 0 ], [ 0, 0, 0, 0, 0, 1 ] ],
computedPosition := 33,
method := "literal_matrix_equality",
presentationPosition := 33,
reason := "equal_matrix_groups",
status := "equivalent" ), rec(
P := [ [ 1, 0, 0, 0, 0, 0 ], [ 0, 1, 0, 0, 0, 0 ], [ 0, 0, 1, 0, 0, 0 ], [ 0, 0, 0, 1, 0, 0 ], [ 0, 0, 0, 0, 1, 0 ], [ 0, 0, 0, 0, 0, 1 ] ],
computedPosition := 34,
method := "literal_matrix_equality",
presentationPosition := 34,
reason := "equal_matrix_groups",
status := "equivalent" ), rec(
P := [ [ 1, 0, 0, 0, 0, 0 ], [ 0, 1, 0, 0, 0, 0 ], [ 0, 0, 1, 0, 0, 0 ], [ 0, 0, 0, 1, 0, 0 ], [ 0, 0, 0, 0, 1, 0 ], [ 0, 0, 0, 0, 0, 1 ] ],
computedPosition := 35,
method := "literal_matrix_equality",
presentationPosition := 35,
reason := "equal_matrix_groups",
status := "equivalent" ), rec(
P := [ [ 1, 0, 0, 0, 0, 0 ], [ 0, 1, 0, 0, 0, 0 ], [ 0, 0, 1, 0, 0, 0 ], [ 0, 0, 0, 1, 0, 0 ], [ 0, 0, 0, 0, 1, 0 ], [ 0, 0, 0, 0, 0, 1 ] ],
computedPosition := 36,
method := "literal_matrix_equality",
presentationPosition := 36,
reason := "equal_matrix_groups",
status := "equivalent" ), rec(
P := [ [ 1, 0, 0, 0, 0, 0 ], [ 0, 1, 0, 0, 0, 0 ], [ 0, 0, 1, 0, 0, 0 ], [ 0, 0, 0, 1, 0, 0 ], [ 0, 0, 0, 0, 1, 0 ], [ 0, 0, 0, 0, 0, 1 ] ],
computedPosition := 37,
method := "literal_matrix_equality",
presentationPosition := 37,
reason := "equal_matrix_groups",
status := "equivalent" ), rec(
P := [ [ -2/5, 1/5, 0, 0, 0, 0 ], [ -1/10, -1/5, 0, 0, 0, 0 ], [ 0, 0, 1/3, -1/6, 0, 0 ], [ 0, 0, -1/6, -1/6, 0, 0 ], [ 0, 0, 0, 0, -1/6, 1/3 ], [ 0, 0, 0, 0, 1/3, -1/6 ] ],
computedPosition := 38,
method := "recorded_coordinate_witness",
presentationPosition := 38,
reason := "large_linear_embedding",
status := "equivalent" ), rec(
P := [ [ 1, 0, 0, 0, 0, 0 ], [ 0, 1, 0, 0, 0, 0 ], [ 0, 0, 1, 0, 0, 0 ], [ 0, 0, 0, 1, 0, 0 ], [ 0, 0, 0, 0, 1, 0 ], [ 0, 0, 0, 0, 0, 1 ] ],
computedPosition := 39,
method := "literal_matrix_equality",
presentationPosition := 39,
reason := "equal_matrix_groups",
status := "equivalent" ), rec(
P := [ [ 1, 0, 0, 0, 0, 0 ], [ 0, 1, 0, 0, 0, 0 ], [ 0, 0, 1, 0, 0, 0 ], [ 0, 0, 0, 1, 0, 0 ], [ 0, 0, 0, 0, 1, 0 ], [ 0, 0, 0, 0, 0, 1 ] ],
computedPosition := 40,
method := "literal_matrix_equality",
presentationPosition := 40,
reason := "equal_matrix_groups",
status := "equivalent" ), rec(
P := [ [ 1, 0, 0, 0, 0, 0 ], [ 0, 1, 0, 0, 0, 0 ], [ 0, 0, 1, 0, 0, 0 ], [ 0, 0, 0, 1, 0, 0 ], [ 0, 0, 0, 0, 1, 0 ], [ 0, 0, 0, 0, 0, 1 ] ],
computedPosition := 41,
method := "literal_matrix_equality",
presentationPosition := 41,
reason := "equal_matrix_groups",
status := "equivalent" ), rec(
P := [ [ 1, 0, 0, 0, 0, 0 ], [ 0, 1, 0, 0, 0, 0 ], [ 0, 0, 1, 0, 0, 0 ], [ 0, 0, 0, 1, 0, 0 ], [ 0, 0, 0, 0, 1, 0 ], [ 0, 0, 0, 0, 0, 1 ] ],
computedPosition := 42,
method := "literal_matrix_equality",
presentationPosition := 42,
reason := "equal_matrix_groups",
status := "equivalent" ), rec(
P := [ [ 1, 0, 0, 0, 0, 0 ], [ 0, 1, 0, 0, 0, 0 ], [ 0, 0, 1, 0, 0, 0 ], [ 0, 0, 0, 1, 0, 0 ], [ 0, 0, 0, 0, 1, 0 ], [ 0, 0, 0, 0, 0, 1 ] ],
computedPosition := 43,
method := "literal_matrix_equality",
presentationPosition := 43,
reason := "equal_matrix_groups",
status := "equivalent" ), rec(
P := [ [ 1, 0, 0, 0, 0, 0 ], [ 0, 1, 0, 0, 0, 0 ], [ 0, 0, 1, 0, 0, 0 ], [ 0, 0, 0, 1, 0, 0 ], [ 0, 0, 0, 0, 1, 0 ], [ 0, 0, 0, 0, 0, 1 ] ],
computedPosition := 44,
method := "literal_matrix_equality",
presentationPosition := 44,
reason := "equal_matrix_groups",
status := "equivalent" ), rec(
P := [ [ 1, 0, 0, 0, 0, 0 ], [ 0, 1, 0, 0, 0, 0 ], [ 0, 0, 1, 0, 0, 0 ], [ 0, 0, 0, 1, 0, 0 ], [ 0, 0, 0, 0, 1, 0 ], [ 0, 0, 0, 0, 0, 1 ] ],
computedPosition := 45,
method := "literal_matrix_equality",
presentationPosition := 45,
reason := "equal_matrix_groups",
status := "equivalent" ), rec(
P := [ [ 1, 0, 0, 0, 0, 0 ], [ 0, 1, 0, 0, 0, 0 ], [ 0, 0, 1, 0, 0, 0 ], [ 0, 0, 0, 1, 0, 0 ], [ 0, 0, 0, 0, 1, 0 ], [ 0, 0, 0, 0, 0, 1 ] ],
computedPosition := 46,
method := "literal_matrix_equality",
presentationPosition := 46,
reason := "equal_matrix_groups",
status := "equivalent" ), rec(
P := [ [ 1, 0, 0, 0, 0, 0 ], [ 0, 1, 0, 0, 0, 0 ], [ 0, 0, 1, 0, 0, 0 ], [ 0, 0, 0, 1, 0, 0 ], [ 0, 0, 0, 0, 1, 0 ], [ 0, 0, 0, 0, 0, 1 ] ],
computedPosition := 47,
method := "literal_matrix_equality",
presentationPosition := 47,
reason := "equal_matrix_groups",
status := "equivalent" ), rec(
P := [ [ 1, 0, 0, 0, 0, 0 ], [ 0, 1, 0, 0, 0, 0 ], [ 0, 0, 1, 0, 0, 0 ], [ 0, 0, 0, 1, 0, 0 ], [ 0, 0, 0, 0, 1, 0 ], [ 0, 0, 0, 0, 0, 1 ] ],
computedPosition := 48,
method := "literal_matrix_equality",
presentationPosition := 48,
reason := "equal_matrix_groups",
status := "equivalent" ), rec(
P := [ [ 1, 0, 0, 0, 0, 0 ], [ 0, 1, 0, 0, 0, 0 ], [ 0, 0, 1, 0, 0, 0 ], [ 0, 0, 0, 1, 0, 0 ], [ 0, 0, 0, 0, 1, 0 ], [ 0, 0, 0, 0, 0, 1 ] ],
computedPosition := 49,
method := "literal_matrix_equality",
presentationPosition := 49,
reason := "equal_matrix_groups",
status := "equivalent" ), rec(
P := [ [ 1, 0, 0, 0, 0, 0 ], [ 0, 1, 0, 0, 0, 0 ], [ 0, 0, 1, 0, 0, 0 ], [ 0, 0, 0, 1, 0, 0 ], [ 0, 0, 0, 0, 1, 0 ], [ 0, 0, 0, 0, 0, 1 ] ],
computedPosition := 50,
method := "literal_matrix_equality",
presentationPosition := 50,
reason := "equal_matrix_groups",
status := "equivalent" ), rec(
P := [ [ 1, 0, 0, 0, 0, 0 ], [ 0, 1, 0, 0, 0, 0 ], [ 0, 0, 1, 0, 0, 0 ], [ 0, 0, 0, 1, 0, 0 ], [ 0, 0, 0, 0, 1, 0 ], [ 0, 0, 0, 0, 0, 1 ] ],
computedPosition := 51,
method := "literal_matrix_equality",
presentationPosition := 51,
reason := "equal_matrix_groups",
status := "equivalent" ), rec(
P := [ [ 1, 0, 0, 0, 0, 0 ], [ 0, 1, 0, 0, 0, 0 ], [ 0, 0, 1, 0, 0, 0 ], [ 0, 0, 0, 1, 0, 0 ], [ 0, 0, 0, 0, 1, 0 ], [ 0, 0, 0, 0, 0, 1 ] ],
computedPosition := 52,
method := "literal_matrix_equality",
presentationPosition := 52,
reason := "equal_matrix_groups",
status := "equivalent" ), rec(
P := [ [ 1, 0, 0, 0, 0, 0 ], [ 0, 1, 0, 0, 0, 0 ], [ 0, 0, 1, 0, 0, 0 ], [ 0, 0, 0, 1, 0, 0 ], [ 0, 0, 0, 0, 1, 0 ], [ 0, 0, 0, 0, 0, 1 ] ],
computedPosition := 53,
method := "literal_matrix_equality",
presentationPosition := 53,
reason := "equal_matrix_groups",
status := "equivalent" ), rec(
P := [ [ 1, 0, 0, 0, 0, 0 ], [ 0, 1, 0, 0, 0, 0 ], [ 0, 0, 1, 0, 0, 0 ], [ 0, 0, 0, 1, 0, 0 ], [ 0, 0, 0, 0, 1, 0 ], [ 0, 0, 0, 0, 0, 1 ] ],
computedPosition := 54,
method := "literal_matrix_equality",
presentationPosition := 54,
reason := "equal_matrix_groups",
status := "equivalent" ), rec(
P := [ [ 1, 0, 0, 0, 0, 0 ], [ 0, 1, 0, 0, 0, 0 ], [ 0, 0, 1, 0, 0, 0 ], [ 0, 0, 0, 1, 0, 0 ], [ 0, 0, 0, 0, 1, 0 ], [ 0, 0, 0, 0, 0, 1 ] ],
computedPosition := 55,
method := "literal_matrix_equality",
presentationPosition := 55,
reason := "equal_matrix_groups",
status := "equivalent" ), rec(
P := [ [ 1, 0, 0, 0, 0, 0 ], [ 0, 1, 0, 0, 0, 0 ], [ 0, 0, 1, 0, 0, 0 ], [ 0, 0, 0, 1, 0, 0 ], [ 0, 0, 0, 0, 1, 0 ], [ 0, 0, 0, 0, 0, 1 ] ],
computedPosition := 56,
method := "literal_matrix_equality",
presentationPosition := 56,
reason := "equal_matrix_groups",
status := "equivalent" ), rec(
P := fail,
computedPosition := 56,
method := "filter",
presentationPosition := 57,
reason := "weak_fingerprint",
status := "not_equivalent" ), rec(
P := fail,
computedPosition := 57,
method := "filter",
presentationPosition := 56,
reason := "weak_fingerprint",
status := "not_equivalent" ), rec(
P := [ [ 1, 0, 0, 0, 0, 0 ], [ 0, 1, 0, 0, 0, 0 ], [ 0, 0, 1, 0, 0, 0 ], [ 0, 0, 0, 1, 0, 0 ], [ 0, 0, 0, 0, 1, 0 ], [ 0, 0, 0, 0, 0, 1 ] ],
computedPosition := 57,
method := "literal_matrix_equality",
presentationPosition := 57,
reason := "equal_matrix_groups",
status := "equivalent" ), rec(
P := [ [ 1, 0, 0, 0, 0, 0 ], [ 0, 1, 0, 0, 0, 0 ], [ 0, 0, 1, 0, 0, 0 ], [ 0, 0, 0, 1, 0, 0 ], [ 0, 0, 0, 0, 1, 0 ], [ 0, 0, 0, 0, 0, 1 ] ],
computedPosition := 58,
method := "literal_matrix_equality",
presentationPosition := 58,
reason := "equal_matrix_groups",
status := "equivalent" ), rec(
P := [ [ 1, 0, 0, 0, 0, 0 ], [ 0, 1, 0, 0, 0, 0 ], [ 0, 0, 1, 0, 0, 0 ], [ 0, 0, 0, 1, 0, 0 ], [ 0, 0, 0, 0, 1, 0 ], [ 0, 0, 0, 0, 0, 1 ] ],
computedPosition := 59,
method := "literal_matrix_equality",
presentationPosition := 59,
reason := "equal_matrix_groups",
status := "equivalent" ), rec(
P := [ [ 1, 0, 0, 0, 0, 0 ], [ 0, 1, 0, 0, 0, 0 ], [ 0, 0, 1, 0, 0, 0 ], [ 0, 0, 0, 1, 0, 0 ], [ 0, 0, 0, 0, 1, 0 ], [ 0, 0, 0, 0, 0, 1 ] ],
computedPosition := 60,
method := "literal_matrix_equality",
presentationPosition := 60,
reason := "equal_matrix_groups",
status := "equivalent" ), rec(
P := [ [ 1, 0, 0, 0, 0, 0 ], [ 0, 1, 0, 0, 0, 0 ], [ 0, 0, 1, 0, 0, 0 ], [ 0, 0, 0, 1, 0, 0 ], [ 0, 0, 0, 0, 1, 0 ], [ 0, 0, 0, 0, 0, 1 ] ],
computedPosition := 61,
method := "literal_matrix_equality",
presentationPosition := 61,
reason := "equal_matrix_groups",
status := "equivalent" ), rec(
P := [ [ 1, 0, 0, 0, 0, 0 ], [ 0, 1, 0, 0, 0, 0 ], [ 0, 0, 1, 0, 0, 0 ], [ 0, 0, 0, 1, 0, 0 ], [ 0, 0, 0, 0, 1, 0 ], [ 0, 0, 0, 0, 0, 1 ] ],
computedPosition := 62,
method := "literal_matrix_equality",
presentationPosition := 62,
reason := "equal_matrix_groups",
status := "equivalent" ), rec(
P := [ [ 1, 0, 0, 0, 0, 0 ], [ 0, 1, 0, 0, 0, 0 ], [ 0, 0, 1, 0, 0, 0 ], [ 0, 0, 0, 1, 0, 0 ], [ 0, 0, 0, 0, 1, 0 ], [ 0, 0, 0, 0, 0, 1 ] ],
computedPosition := 63,
method := "literal_matrix_equality",
presentationPosition := 63,
reason := "equal_matrix_groups",
status := "equivalent" ), rec(
P := [ [ 1, 0, 0, 0, 0, 0 ], [ 0, 1, 0, 0, 0, 0 ], [ 0, 0, 1, 0, 0, 0 ], [ 0, 0, 0, 1, 0, 0 ], [ 0, 0, 0, 0, 1, 0 ], [ 0, 0, 0, 0, 0, 1 ] ],
computedPosition := 64,
method := "literal_matrix_equality",
presentationPosition := 64,
reason := "equal_matrix_groups",
status := "equivalent" ), rec(
P := [ [ 1, 0, 0, 0, 0, 0 ], [ 0, 1, 0, 0, 0, 0 ], [ 0, 0, 1, 0, 0, 0 ], [ 0, 0, 0, 1, 0, 0 ], [ 0, 0, 0, 0, 1, 0 ], [ 0, 0, 0, 0, 0, 1 ] ],
computedPosition := 65,
method := "literal_matrix_equality",
presentationPosition := 65,
reason := "equal_matrix_groups",
status := "equivalent" ), rec(
P := [ [ 1, 0, 0, 0, 0, 0 ], [ 0, 1, 0, 0, 0, 0 ], [ 0, 0, 1, 0, 0, 0 ], [ 0, 0, 0, 1, 0, 0 ], [ 0, 0, 0, 0, 1, 0 ], [ 0, 0, 0, 0, 0, 1 ] ],
computedPosition := 66,
method := "literal_matrix_equality",
presentationPosition := 66,
reason := "equal_matrix_groups",
status := "equivalent" ), rec(
P := [ [ 1, 0, 0, 0, 0, 0 ], [ 0, 1, 0, 0, 0, 0 ], [ 0, 0, 1, 0, 0, 0 ], [ 0, 0, 0, 1, 0, 0 ], [ 0, 0, 0, 0, 1, 0 ], [ 0, 0, 0, 0, 0, 1 ] ],
computedPosition := 67,
method := "literal_matrix_equality",
presentationPosition := 67,
reason := "equal_matrix_groups",
status := "equivalent" ), rec(
P := [ [ 1, 0, 0, 0, 0, 0 ], [ 0, 1, 0, 0, 0, 0 ], [ 0, 0, 1, 0, 0, 0 ], [ 0, 0, 0, 1, 0, 0 ], [ 0, 0, 0, 0, 1, 0 ], [ 0, 0, 0, 0, 0, 1 ] ],
computedPosition := 68,
method := "literal_matrix_equality",
presentationPosition := 68,
reason := "equal_matrix_groups",
status := "equivalent" ), rec(
P := [ [ 1, 0, 0, 0, 0, 0 ], [ 0, 1, 0, 0, 0, 0 ], [ 0, 0, 1, 0, 0, 0 ], [ 0, 0, 0, 1, 0, 0 ], [ 0, 0, 0, 0, 1, 0 ], [ 0, 0, 0, 0, 0, 1 ] ],
computedPosition := 69,
method := "literal_matrix_equality",
presentationPosition := 69,
reason := "equal_matrix_groups",
status := "equivalent" ), rec(
P := [ [ 1, 0, 0, 0, 0, 0 ], [ 0, 1, 0, 0, 0, 0 ], [ 0, 0, 1, 0, 0, 0 ], [ 0, 0, 0, 1, 0, 0 ], [ 0, 0, 0, 0, 1, 0 ], [ 0, 0, 0, 0, 0, 1 ] ],
computedPosition := 70,
method := "literal_matrix_equality",
presentationPosition := 70,
reason := "equal_matrix_groups",
status := "equivalent" ), rec(
P := [ [ 1, 0, 0, 0, 0, 0 ], [ 0, 1, 0, 0, 0, 0 ], [ 0, 0, 1, 0, 0, 0 ], [ 0, 0, 0, 1, 0, 0 ], [ 0, 0, 0, 0, 1, 0 ], [ 0, 0, 0, 0, 0, 1 ] ],
computedPosition := 71,
method := "literal_matrix_equality",
presentationPosition := 71,
reason := "equal_matrix_groups",
status := "equivalent" ), rec(
P := [ [ 1, 0, 0, 0, 0, 0 ], [ 0, 1, 0, 0, 0, 0 ], [ 0, 0, 1, 0, 0, 0 ], [ 0, 0, 0, 1, 0, 0 ], [ 0, 0, 0, 0, 1, 0 ], [ 0, 0, 0, 0, 0, 1 ] ],
computedPosition := 72,
method := "literal_matrix_equality",
presentationPosition := 72,
reason := "equal_matrix_groups",
status := "equivalent" ), rec(
P := [ [ 1, 0, 0, 0, 0, 0 ], [ 0, 1, 0, 0, 0, 0 ], [ 0, 0, 1, 0, 0, 0 ], [ 0, 0, 0, 1, 0, 0 ], [ 0, 0, 0, 0, 1, 0 ], [ 0, 0, 0, 0, 0, 1 ] ],
computedPosition := 73,
method := "literal_matrix_equality",
presentationPosition := 73,
reason := "equal_matrix_groups",
status := "equivalent" ), rec(
P := [ [ 1, 0, 0, 0, 0, 0 ], [ 0, 1, 0, 0, 0, 0 ], [ 0, 0, 1, 0, 0, 0 ], [ 0, 0, 0, 1, 0, 0 ], [ 0, 0, 0, 0, 1, 0 ], [ 0, 0, 0, 0, 0, 1 ] ],
computedPosition := 74,
method := "literal_matrix_equality",
presentationPosition := 74,
reason := "equal_matrix_groups",
status := "equivalent" ), rec(
P := [ [ 1, 0, 0, 0, 0, 0 ], [ 0, 1, 0, 0, 0, 0 ], [ 0, 0, 1, 0, 0, 0 ], [ 0, 0, 0, 1, 0, 0 ], [ 0, 0, 0, 0, 1, 0 ], [ 0, 0, 0, 0, 0, 1 ] ],
computedPosition := 75,
method := "literal_matrix_equality",
presentationPosition := 75,
reason := "equal_matrix_groups",
status := "equivalent" ), rec(
P := [ [ 1, 0, 0, 0, 0, 0 ], [ 0, 1, 0, 0, 0, 0 ], [ 0, 0, 1, 0, 0, 0 ], [ 0, 0, 0, 1, 0, 0 ], [ 0, 0, 0, 0, 1, 0 ], [ 0, 0, 0, 0, 0, 1 ] ],
computedPosition := 76,
method := "literal_matrix_equality",
presentationPosition := 76,
reason := "equal_matrix_groups",
status := "equivalent" ), rec(
P := [ [ 0, 0, 0, 0, 1, 0 ], [ 0, 0, 1, 0, 0, 0 ], [ 1, 0, 0, 0, 0, 0 ], [ 0, 0, 0, 0, 0, 1 ], [ 0, 0, 0, 1, 0, 0 ], [ 0, 1, 0, 0, 0, 0 ] ],
computedPosition := 77,
method := "recorded_coordinate_witness",
presentationPosition := 77,
reason := "generic_full_coordinate_permutation_inclusion",
status := "equivalent" ), rec(
P := [ [ 1, 0, 0, 0, 0, 0 ], [ 0, 1, 0, 0, 0, 0 ], [ 0, 0, 1, 0, 0, 0 ], [ 0, 0, 0, 1, 0, 0 ], [ 0, 0, 0, 0, 1, 0 ], [ 0, 0, 0, 0, 0, 1 ] ],
computedPosition := 78,
method := "literal_matrix_equality",
presentationPosition := 78,
reason := "equal_matrix_groups",
status := "equivalent" ), rec(
P := [ [ 0, 0, 0, 0, 1, 0 ], [ 0, 0, 1, 0, 0, 0 ], [ 1, 0, 0, 0, 0, 0 ], [ 0, 0, 0, 0, 0, 1 ], [ 0, 0, 0, 1, 0, 0 ], [ 0, 1, 0, 0, 0, 0 ] ],
computedPosition := 79,
method := "recorded_coordinate_witness",
presentationPosition := 79,
reason := "generic_full_coordinate_permutation_inclusion",
status := "equivalent" ), rec(
P := [ [ 1, 0, 0, 0, 0, 0 ], [ 0, 1, 0, 0, 0, 0 ], [ 0, 0, 1, 0, 0, 0 ], [ 0, 0, 0, 1, 0, 0 ], [ 0, 0, 0, 0, 1, 0 ], [ 0, 0, 0, 0, 0, 1 ] ],
computedPosition := 80,
method := "literal_matrix_equality",
presentationPosition := 80,
reason := "equal_matrix_groups",
status := "equivalent" ), rec(
P := [ [ 0, 0, 0, 0, 1, 0 ], [ 0, 0, 1, 0, 0, 0 ], [ 1, 0, 0, 0, 0, 0 ], [ 0, 0, 0, 0, 0, 1 ], [ 0, 0, 0, 1, 0, 0 ], [ 0, 1, 0, 0, 0, 0 ] ],
computedPosition := 81,
method := "recorded_coordinate_witness",
presentationPosition := 81,
reason := "generic_full_coordinate_permutation_inclusion",
status := "equivalent" ), rec(
P := [ [ 1, 0, 0, 0, 0, 0 ], [ 0, 1, 0, 0, 0, 0 ], [ 0, 0, 1, 0, 0, 0 ], [ 0, 0, 0, 1, 0, 0 ], [ 0, 0, 0, 0, 1, 0 ], [ 0, 0, 0, 0, 0, 1 ] ],
computedPosition := 82,
method := "literal_matrix_equality",
presentationPosition := 82,
reason := "equal_matrix_groups",
status := "equivalent" ), rec(
P := [ [ 1, 0, 0, 0, 0, 0 ], [ 0, 1, 0, 0, 0, 0 ], [ 0, 0, 1, 0, 0, 0 ], [ 0, 0, 0, 1, 0, 0 ], [ 0, 0, 0, 0, 1, 0 ], [ 0, 0, 0, 0, 0, 1 ] ],
computedPosition := 83,
method := "literal_matrix_equality",
presentationPosition := 83,
reason := "equal_matrix_groups",
status := "equivalent" ), rec(
P := [ [ 1, 0, 0, 0, 0, 0 ], [ 0, 1, 0, 0, 0, 0 ], [ 0, 0, 1, 0, 0, 0 ], [ 0, 0, 0, 1, 0, 0 ], [ 0, 0, 0, 0, 1, 0 ], [ 0, 0, 0, 0, 0, 1 ] ],
computedPosition := 84,
method := "literal_matrix_equality",
presentationPosition := 84,
reason := "equal_matrix_groups",
status := "equivalent" ), rec(
P := fail,
computedPosition := 84,
method := "filter",
presentationPosition := 85,
reason := "weak_fingerprint",
status := "not_equivalent" ), rec(
P := fail,
computedPosition := 85,
method := "filter",
presentationPosition := 84,
reason := "weak_fingerprint",
status := "not_equivalent" ), rec(
P := [ [ 1, 0, 0, 0, 0, 0 ], [ 0, 1, 0, 0, 0, 0 ], [ 0, 0, 1, 0, 0, 0 ], [ 0, 0, 0, 1, 0, 0 ], [ 0, 0, 0, 0, 1, 0 ], [ 0, 0, 0, 0, 0, 1 ] ],
computedPosition := 85,
method := "literal_matrix_equality",
presentationPosition := 85,
reason := "equal_matrix_groups",
status := "equivalent" ), rec(
P := [ [ 1, 0, 0, 0, 0, 0 ], [ 0, 1, 0, 0, 0, 0 ], [ 0, 0, 1, 0, 0, 0 ], [ 0, 0, 0, 1, 0, 0 ], [ 0, 0, 0, 0, 1, 0 ], [ 0, 0, 0, 0, 0, 1 ] ],
computedPosition := 86,
method := "literal_matrix_equality",
presentationPosition := 86,
reason := "equal_matrix_groups",
status := "equivalent" ), rec(
P := [ [ 1, 0, 0, 0, 0, 0 ], [ 0, 1, 0, 0, 0, 0 ], [ 0, 0, 1, 0, 0, 0 ], [ 0, 0, 0, 1, 0, 0 ], [ 0, 0, 0, 0, 1, 0 ], [ 0, 0, 0, 0, 0, 1 ] ],
computedPosition := 87,
method := "literal_matrix_equality",
presentationPosition := 87,
reason := "equal_matrix_groups",
status := "equivalent" ), rec(
P := [ [ 1, 0, 0, 0, 0, 0 ], [ 0, 1, 0, 0, 0, 0 ], [ 0, 0, 1, 0, 0, 0 ], [ 0, 0, 0, 1, 0, 0 ], [ 0, 0, 0, 0, 1, 0 ], [ 0, 0, 0, 0, 0, 1 ] ],
computedPosition := 88,
method := "literal_matrix_equality",
presentationPosition := 88,
reason := "equal_matrix_groups",
status := "equivalent" ), rec(
P := [ [ 1, 0, 0, 0, 0, 0 ], [ 0, 1, 0, 0, 0, 0 ], [ 0, 0, 1, 0, 0, 0 ], [ 0, 0, 0, 1, 0, 0 ], [ 0, 0, 0, 0, 1, 0 ], [ 0, 0, 0, 0, 0, 1 ] ],
computedPosition := 89,
method := "literal_matrix_equality",
presentationPosition := 89,
reason := "equal_matrix_groups",
status := "equivalent" ), rec(
P := [ [ 1, 0, 0, 0, 0, 0 ], [ 0, 1, 0, 0, 0, 0 ], [ 0, 0, 1, 0, 0, 0 ], [ 0, 0, 0, 1, 0, 0 ], [ 0, 0, 0, 0, 1, 0 ], [ 0, 0, 0, 0, 0, 1 ] ],
computedPosition := 90,
method := "literal_matrix_equality",
presentationPosition := 90,
reason := "equal_matrix_groups",
status := "equivalent" ), rec(
P := fail,
computedPosition := 90,
method := "filter",
presentationPosition := 91,
reason := "weak_fingerprint",
status := "not_equivalent" ), rec(
P := fail,
computedPosition := 91,
method := "filter",
presentationPosition := 90,
reason := "weak_fingerprint",
status := "not_equivalent" ), rec(
P := [ [ 1, 0, 0, 0, 0, 0 ], [ 0, 1, 0, 0, 0, 0 ], [ 0, 0, 1, 0, 0, 0 ], [ 0, 0, 0, 1, 0, 0 ], [ 0, 0, 0, 0, 1, 0 ], [ 0, 0, 0, 0, 0, 1 ] ],
computedPosition := 91,
method := "literal_matrix_equality",
presentationPosition := 91,
reason := "equal_matrix_groups",
status := "equivalent" ), rec(
P := [ [ 1, 0, 0, 0, 0, 0 ], [ 0, 1, 0, 0, 0, 0 ], [ 0, 0, 1, 0, 0, 0 ], [ 0, 0, 0, 1, 0, 0 ], [ 0, 0, 0, 0, 1, 0 ], [ 0, 0, 0, 0, 0, 1 ] ],
computedPosition := 92,
method := "literal_matrix_equality",
presentationPosition := 92,
reason := "equal_matrix_groups",
status := "equivalent" ), rec(
P := [ [ 1, 0, 0, 0, 0, 0 ], [ 0, 1, 0, 0, 0, 0 ], [ 0, 0, 1, 0, 0, 0 ], [ 0, 0, 0, 1, 0, 0 ], [ 0, 0, 0, 0, 1, 0 ], [ 0, 0, 0, 0, 0, 1 ] ],
computedPosition := 93,
method := "literal_matrix_equality",
presentationPosition := 93,
reason := "equal_matrix_groups",
status := "equivalent" ), rec(
P := [ [ 1, 0, 0, 0, 0, 0 ], [ 0, 1, 0, 0, 0, 0 ], [ 0, 0, 1, 0, 0, 0 ], [ 0, 0, 0, 1, 0, 0 ], [ 0, 0, 0, 0, 1, 0 ], [ 0, 0, 0, 0, 0, 1 ] ],
computedPosition := 94,
method := "literal_matrix_equality",
presentationPosition := 94,
reason := "equal_matrix_groups",
status := "equivalent" ), rec(
P := fail,
computedPosition := 94,
method := "filter",
presentationPosition := 95,
reason := "weak_fingerprint",
status := "not_equivalent" ), rec(
P := fail,
computedPosition := 95,
method := "filter",
presentationPosition := 94,
reason := "weak_fingerprint",
status := "not_equivalent" ), rec(
P := [ [ 1, 0, 0, 0, 0, 0 ], [ 0, 1, 0, 0, 0, 0 ], [ 0, 0, 1, 0, 0, 0 ], [ 0, 0, 0, 1, 0, 0 ], [ 0, 0, 0, 0, 1, 0 ], [ 0, 0, 0, 0, 0, 1 ] ],
computedPosition := 95,
method := "literal_matrix_equality",
presentationPosition := 95,
reason := "equal_matrix_groups",
status := "equivalent" ), rec(
P := [ [ 0, 0, 0, 0, 0, -1/2 ], [ 1/3, 1/3, 1/3, -4/3, 2/3, 0 ], [ -1/6, -1/6, -1/6, 1/2, 0, 0 ], [ 1/6, 1/6, 1/6, -1/3, 1/6, 0 ], [ 1/9*E(3), 1/9, 1/9*E(3)^2, 0, 0, 0 ], [ 1/9*E(3), 1/9*E(3)^2, 1/9, 0, 0, 0 ] ],
computedPosition := 96,
method := "recorded_coordinate_witness",
presentationPosition := 96,
reason := "generic_full_linear_embedding",
status := "equivalent" ), rec(
P := [ [ 0, 0, 0, 1, 0, 0 ], [ 1, 0, 0, 0, 0, 0 ], [ 0, 1, 0, 0, 0, 0 ], [ 0, 0, 0, 0, 1, 0 ], [ 0, 0, 0, 0, 0, 1 ], [ 0, 0, 1, 0, 0, 0 ] ],
computedPosition := 97,
method := "recorded_coordinate_witness",
presentationPosition := 97,
reason := "generic_full_coordinate_permutation_inclusion",
status := "equivalent" ), rec(
P := [ [ 0, 0, 0, 1, 0, 0 ], [ 1, 0, 0, 0, 0, 0 ], [ 0, 0, 0, 0, 1, 0 ], [ 0, 1, 0, 0, 0, 0 ], [ 0, 0, 0, 0, 0, 1 ], [ 0, 0, 1, 0, 0, 0 ] ],
computedPosition := 98,
method := "recorded_coordinate_witness",
presentationPosition := 98,
reason := "generic_full_coordinate_permutation_inclusion",
status := "equivalent" ), rec(
P := [ [ 1, 0, 0, 0, 0, 0 ], [ 0, 1, 0, 0, 0, 0 ], [ 0, 0, 1, 0, 0, 0 ], [ 0, 0, 0, 1, 0, 0 ], [ 0, 0, 0, 0, 1, 0 ], [ 0, 0, 0, 0, 0, 1 ] ],
computedPosition := 99,
method := "literal_matrix_equality",
presentationPosition := 99,
reason := "equal_matrix_groups",
status := "equivalent" ), rec(
P := [ [ 0, 0, 0, 1, 0, 0 ], [ 0, 0, 0, 0, 1, 0 ], [ 0, 0, 0, 0, 0, 1 ], [ 1, 0, 0, 0, 0, 0 ], [ 0, 1, 0, 0, 0, 0 ], [ 0, 0, 1, 0, 0, 0 ] ],
computedPosition := 100,
method := "recorded_coordinate_witness",
presentationPosition := 100,
reason := "generic_full_coordinate_permutation_inclusion",
status := "equivalent" ), rec(
P := [ [ 0, 0, 0, 1, 0, 0 ], [ 0, 0, 0, 0, 1, 0 ], [ 0, 0, 0, 0, 0, 1 ], [ 1, 0, 0, 0, 0, 0 ], [ 0, 1, 0, 0, 0, 0 ], [ 0, 0, 1, 0, 0, 0 ] ],
computedPosition := 101,
method := "recorded_coordinate_witness",
presentationPosition := 101,
reason := "generic_full_coordinate_permutation_inclusion",
status := "equivalent" ), rec(
P := [ [ 1, 0, 0, 0, 0, 0 ], [ 0, 1, 0, 0, 0, 0 ], [ 0, 0, 1, 0, 0, 0 ], [ 0, 0, 0, 1, 0, 0 ], [ 0, 0, 0, 0, 1, 0 ], [ 0, 0, 0, 0, 0, 1 ] ],
computedPosition := 102,
method := "literal_matrix_equality",
presentationPosition := 102,
reason := "equal_matrix_groups",
status := "equivalent" ), rec(
P := [ [ 1, 0, 0, 0, 0, 0 ], [ 0, 1, 0, 0, 0, 0 ], [ 0, 0, 1, 0, 0, 0 ], [ 0, 0, 0, 1, 0, 0 ], [ 0, 0, 0, 0, 1, 0 ], [ 0, 0, 0, 0, 0, 1 ] ],
computedPosition := 103,
method := "literal_matrix_equality",
presentationPosition := 103,
reason := "equal_matrix_groups",
status := "equivalent" ), rec(
P := [ [ 1, 0, 0, 0, 0, 0 ], [ 0, 1, 0, 0, 0, 0 ], [ 0, 0, 1, 0, 0, 0 ], [ 0, 0, 0, 1, 0, 0 ], [ 0, 0, 0, 0, 1, 0 ], [ 0, 0, 0, 0, 0, 1 ] ],
computedPosition := 104,
method := "literal_matrix_equality",
presentationPosition := 104,
reason := "equal_matrix_groups",
status := "equivalent" ), rec(
P := fail,
computedPosition := 104,
method := "filter",
presentationPosition := 105,
reason := "element_order_multiset",
status := "not_equivalent" ), rec(
P := fail,
computedPosition := 105,
method := "filter",
presentationPosition := 104,
reason := "exponent",
status := "not_equivalent" ), rec(
P := [ [ 1, 0, 0, 0, 0, 0 ], [ 0, 1, 0, 0, 0, 0 ], [ 0, 0, 1, 0, 0, 0 ], [ 0, 0, 0, 1, 0, 0 ], [ 0, 0, 0, 0, 1, 0 ], [ 0, 0, 0, 0, 0, 1 ] ],
computedPosition := 105,
method := "literal_matrix_equality",
presentationPosition := 105,
reason := "equal_matrix_groups",
status := "equivalent" ), rec(
P := [ [ 1, 0, 0, 0, 0, 0 ], [ 0, 1, 0, 0, 0, 0 ], [ 0, 0, 1, 0, 0, 0 ], [ 0, 0, 0, 0, 1, 0 ], [ 0, 0, 0, 1, 0, 0 ], [ 0, 0, 0, 0, 0, 1 ] ],
computedPosition := 106,
method := "recorded_coordinate_witness",
presentationPosition := 106,
reason := "generic_full_coordinate_permutation_inclusion",
status := "equivalent" ), rec(
P := [ [ 1, 0, 0, 0, 0, 0 ], [ 0, 1, 0, 0, 0, 0 ], [ 0, 0, 1, 0, 0, 0 ], [ 0, 0, 0, 1, 0, 0 ], [ 0, 0, 0, 0, 1, 0 ], [ 0, 0, 0, 0, 0, 1 ] ],
computedPosition := 107,
method := "literal_matrix_equality",
presentationPosition := 107,
reason := "equal_matrix_groups",
status := "equivalent" ), rec(
P := [ [ 1, 0, 0, 0, 0, 0 ], [ 0, 1, 0, 0, 0, 0 ], [ 0, 0, 1, 0, 0, 0 ], [ 0, 0, 0, 0, 1, 0 ], [ 0, 0, 0, 0, 0, 1 ], [ 0, 0, 0, 1, 0, 0 ] ],
computedPosition := 108,
method := "recorded_coordinate_witness",
presentationPosition := 108,
reason := "generic_full_coordinate_permutation_inclusion",
status := "equivalent" ), rec(
P := fail,
computedPosition := 108,
method := "diagonal_coordinate_permutations",
presentationPosition := 109,
reason := "exhausted_coordinate_permutations",
status := "not_equivalent" ), rec(
P := fail,
computedPosition := 109,
method := "diagonal_coordinate_permutations",
presentationPosition := 108,
reason := "exhausted_coordinate_permutations",
status := "not_equivalent" ), rec(
P := [ [ 1, 0, 0, 0, 0, 0 ], [ 0, 1, 0, 0, 0, 0 ], [ 0, 0, 1, 0, 0, 0 ], [ 0, 0, 0, 1, 0, 0 ], [ 0, 0, 0, 0, 1, 0 ], [ 0, 0, 0, 0, 0, 1 ] ],
computedPosition := 109,
method := "literal_matrix_equality",
presentationPosition := 109,
reason := "equal_matrix_groups",
status := "equivalent" ), rec(
P := [ [ 1, 0, 0, 0, 0, 0 ], [ 0, 0, 1, 0, 0, 0 ], [ 0, 1, 0, 0, 0, 0 ], [ 0, 0, 0, 0, 1, 0 ], [ 0, 0, 0, 1, 0, 0 ], [ 0, 0, 0, 0, 0, 1 ] ],
computedPosition := 110,
method := "recorded_coordinate_witness",
presentationPosition := 110,
reason := "generic_full_coordinate_permutation_inclusion",
status := "equivalent" ), rec(
P := [ [ 1, 0, 0, 0, 0, 0 ], [ 0, 0, 1, 0, 0, 0 ], [ 0, 1, 0, 0, 0, 0 ], [ 0, 0, 0, 0, 1, 0 ], [ 0, 0, 0, 0, 0, 1 ], [ 0, 0, 0, 1, 0, 0 ] ],
computedPosition := 111,
method := "recorded_coordinate_witness",
presentationPosition := 111,
reason := "generic_full_coordinate_permutation_inclusion",
status := "equivalent" ), rec(
P := [ [ -1/9, -1/18, -1/18*E(3), -2/9*E(3), 4/21*E(3)^2, 1/21*E(3)^2 ], [ -1/9, -1/18, -1/18*E(3)^2, -2/9*E(3)^2, 4/21*E(3), 1/21*E(3) ], [ -1/9, -1/18, -1/18, -2/9, 4/21, 1/21 ], [ 1/9, -1/36, -1/9*E(3), -1/9*E(3), -1/7*E(3)^2, 1/21*E(3)^2 ], [ 1/9, -1/36, -1/9*E(3)^2, -1/9*E(3)^2, -1/7*E(3), 1/21*E(3) ], [ 1/9, -1/36, -1/9, -1/9, -1/7, 1/21 ] ],
computedPosition := 112,
method := "recorded_coordinate_witness",
presentationPosition := 112,
reason := "generic_full_linear_embedding",
status := "equivalent" ), rec(
P := [ [ 1, 0, 0, 0, 0, 0 ], [ 0, 1, 0, 0, 0, 0 ], [ 0, 0, 1, 0, 0, 0 ], [ 0, 0, 0, 1, 0, 0 ], [ 0, 0, 0, 0, 1, 0 ], [ 0, 0, 0, 0, 0, 1 ] ],
computedPosition := 113,
method := "literal_matrix_equality",
presentationPosition := 113,
reason := "equal_matrix_groups",
status := "equivalent" ), rec(
P := [ [ 0, 1/3, -4/15*E(3), -1/15*E(3), -4/57*E(3)^2, 1/19*E(3)^2 ], [ 0, 1/3, -4/15*E(3)^2, -1/15*E(3)^2, -4/57*E(3), 1/19*E(3) ], [ 0, 1/3, -4/15, -1/15, -4/57, 1/19 ], [ -1/9, -1/9, -1/5*E(3), -2/15*E(3), -1/57*E(3)^2, -4/57*E(3)^2 ], [ -1/9, -1/9, -1/5*E(3)^2, -2/15*E(3)^2, -1/57*E(3), -4/57*E(3) ], [ -1/9, -1/9, -1/5, -2/15, -1/57, -4/57 ] ],
computedPosition := 114,
method := "recorded_coordinate_witness",
presentationPosition := 114,
reason := "generic_full_linear_embedding",
status := "equivalent" ), rec(
P := [ [ 3/14, 1/7, 3/56, 11/56, 0, 0 ], [ -2/7, 1/7, 5/28, -19/28, 0, 0 ], [ -2/7, 1/7, -1/14, -13/14, 0, 0 ], [ 1/7, -1/14, 9/56, 5/56, 0, 0 ], [ 0, 0, 0, 0, -1/36*E(3), 0 ], [ 0, 0, 0, 0, 0, -1/4 ] ],
computedPosition := 115,
method := "recorded_coordinate_witness",
presentationPosition := 115,
reason := "generic_full_linear_embedding",
status := "equivalent" ), rec(
P := [ [ 0, 0, -1/3, -2/3, 0, 0 ], [ 2/5, 0, 2/3, 17/15, 0, 0 ], [ 2/5, 1, 4/3, 52/15, 0, 0 ], [ 3/5, 1, 4/3, 58/15, 0, 0 ], [ 0, 0, 0, 0, -1/27, 0 ], [ 0, 0, 0, 0, 0, -1/3 ] ],
computedPosition := 116,
method := "recorded_coordinate_witness",
presentationPosition := 116,
reason := "generic_full_linear_embedding",
status := "equivalent" ), rec(
P := fail,
computedPosition := 116,
method := "filter",
presentationPosition := 117,
reason := "weak_fingerprint",
status := "not_equivalent" ), rec(
P := fail,
computedPosition := 117,
method := "filter",
presentationPosition := 116,
reason := "weak_fingerprint",
status := "not_equivalent" ), rec(
P := [ [ -10/49, -19/49, -51/49, 23/49, 0, 0 ], [ 2/49, -6/49, -29/49, 15/49, 0, 0 ], [ 4/49, -12/49, -9/49, 11/98, 0, 0 ], [ -9/49, -22/49, -41/49, 61/98, 0, 0 ], [ 0, 0, 0, 0, -1/9*E(3), 0 ], [ 0, 0, 0, 0, 0, -1 ] ],
computedPosition := 117,
method := "recorded_coordinate_witness",
presentationPosition := 117,
reason := "generic_full_linear_embedding",
status := "equivalent" ), rec(
P := [ [ 23/17, 1/17, 10/17, 19/17, 0, 0 ], [ -26/17, -3/34, -15/17, -20/17, 0, 0 ], [ -12/17, -2/17, -3/17, -4/17, 0, 0 ], [ -30/17, 7/34, -16/17, -27/17, 0, 0 ], [ 0, 0, 0, 0, 1/9*E(3)^2, 0 ], [ 0, 0, 0, 0, 0, 1 ] ],
computedPosition := 118,
method := "recorded_coordinate_witness",
presentationPosition := 118,
reason := "generic_full_linear_embedding",
status := "equivalent" ), rec(
P := [ [ 0, 0, 0, 0, 1, 0 ], [ 1, 0, 0, 0, 0, 0 ], [ 0, 0, 0, 0, 0, 1 ], [ 0, 1, 0, 0, 0, 0 ], [ 0, 0, 1, 0, 0, 0 ], [ 0, 0, 0, 1, 0, 0 ] ],
computedPosition := 119,
method := "recorded_coordinate_witness",
presentationPosition := 119,
reason := "generic_full_coordinate_permutation_inclusion",
status := "equivalent" ), rec(
P := [ [ 0, 0, 0, 0, 1, 0 ], [ 1, 0, 0, 0, 0, 0 ], [ 0, 0, 0, 0, 0, 1 ], [ 0, 1, 0, 0, 0, 0 ], [ 0, 0, 1, 0, 0, 0 ], [ 0, 0, 0, 1, 0, 0 ] ],
computedPosition := 120,
method := "recorded_coordinate_witness",
presentationPosition := 120,
reason := "generic_full_coordinate_permutation_inclusion",
status := "equivalent" ), rec(
P := [ [ 1, 0, 0, 0, 0, 0 ], [ 0, 1, 0, 0, 0, 0 ], [ 0, 0, 1, 0, 0, 0 ], [ 0, 0, 0, 0, 1, 0 ], [ 0, 0, 0, 0, 0, 1 ], [ 0, 0, 0, 1, 0, 0 ] ],
computedPosition := 121,
method := "recorded_coordinate_witness",
presentationPosition := 121,
reason := "generic_full_coordinate_permutation_inclusion",
status := "equivalent" ), rec(
P := [ [ 0, 0, 0, 0, 1, 0 ], [ 1, 0, 0, 0, 0, 0 ], [ 0, 1, 0, 0, 0, 0 ], [ 0, 0, 0, 0, 0, 1 ], [ 0, 0, 1, 0, 0, 0 ], [ 0, 0, 0, 1, 0, 0 ] ],
computedPosition := 122,
method := "recorded_coordinate_witness",
presentationPosition := 122,
reason := "generic_full_coordinate_permutation_inclusion",
status := "equivalent" ), rec(
P := [ [ 0, 0, 0, 0, 1, 0 ], [ 1, 0, 0, 0, 0, 0 ], [ 0, 0, 0, 0, 0, 1 ], [ 0, 1, 0, 0, 0, 0 ], [ 0, 0, 1, 0, 0, 0 ], [ 0, 0, 0, 1, 0, 0 ] ],
computedPosition := 123,
method := "recorded_coordinate_witness",
presentationPosition := 123,
reason := "generic_full_coordinate_permutation_inclusion",
status := "equivalent" ), rec(
P := [ [ 0, 0, 0, 0, 1, 0 ], [ 1, 0, 0, 0, 0, 0 ], [ 0, 1, 0, 0, 0, 0 ], [ 0, 0, 0, 0, 0, 1 ], [ 0, 0, 1, 0, 0, 0 ], [ 0, 0, 0, 1, 0, 0 ] ],
computedPosition := 124,
method := "recorded_coordinate_witness",
presentationPosition := 124,
reason := "generic_full_coordinate_permutation_inclusion",
status := "equivalent" ), rec(
P := [ [ 0, 0, 0, 0, 1, 0 ], [ 1, 0, 0, 0, 0, 0 ], [ 0, 1, 0, 0, 0, 0 ], [ 0, 0, 0, 0, 0, 1 ], [ 0, 0, 1, 0, 0, 0 ], [ 0, 0, 0, 1, 0, 0 ] ],
computedPosition := 125,
method := "recorded_coordinate_witness",
presentationPosition := 125,
reason := "generic_full_coordinate_permutation_inclusion",
status := "equivalent" ), rec(
P := [ [ 0, 0, 0, 0, 1, 0 ], [ 1, 0, 0, 0, 0, 0 ], [ 0, 0, 0, 0, 0, 1 ], [ 0, 1, 0, 0, 0, 0 ], [ 0, 0, 1, 0, 0, 0 ], [ 0, 0, 0, 1, 0, 0 ] ],
computedPosition := 126,
method := "recorded_coordinate_witness",
presentationPosition := 126,
reason := "generic_full_coordinate_permutation_inclusion",
status := "equivalent" ), rec(
P := [ [ 1, 0, 0, 0, 0, 0 ], [ 0, 1, 0, 0, 0, 0 ], [ 0, 0, 1, 0, 0, 0 ], [ 0, 0, 0, 0, 1, 0 ], [ 0, 0, 0, 0, 0, 1 ], [ 0, 0, 0, 1, 0, 0 ] ],
computedPosition := 127,
method := "recorded_coordinate_witness",
presentationPosition := 127,
reason := "generic_full_coordinate_permutation_inclusion",
status := "equivalent" ), rec(
P := [ [ 0, 0, 0, 0, 1, 0 ], [ 1, 0, 0, 0, 0, 0 ], [ 0, 1, 0, 0, 0, 0 ], [ 0, 0, 0, 0, 0, 1 ], [ 0, 0, 1, 0, 0, 0 ], [ 0, 0, 0, 1, 0, 0 ] ],
computedPosition := 128,
method := "recorded_coordinate_witness",
presentationPosition := 128,
reason := "generic_full_coordinate_permutation_inclusion",
status := "equivalent" ), rec(
P := [ [ 0, 0, 0, 0, 1, 0 ], [ 1, 0, 0, 0, 0, 0 ], [ 0, 1, 0, 0, 0, 0 ], [ 0, 0, 1, 0, 0, 0 ], [ 0, 0, 0, 0, 0, 1 ], [ 0, 0, 0, 1, 0, 0 ] ],
computedPosition := 129,
method := "recorded_coordinate_witness",
presentationPosition := 129,
reason := "generic_full_coordinate_permutation_inclusion",
status := "equivalent" ), rec(
P := [ [ 0, 0, 0, 0, 1, 0 ], [ 1, 0, 0, 0, 0, 0 ], [ 0, 1, 0, 0, 0, 0 ], [ 0, 0, 0, 0, 0, 1 ], [ 0, 0, 1, 0, 0, 0 ], [ 0, 0, 0, 1, 0, 0 ] ],
computedPosition := 130,
method := "recorded_coordinate_witness",
presentationPosition := 130,
reason := "generic_full_coordinate_permutation_inclusion",
status := "equivalent" ), rec(
P := [ [ 0, 0, 0, 0, 1, 0 ], [ 1, 0, 0, 0, 0, 0 ], [ 0, 1, 0, 0, 0, 0 ], [ 0, 0, 0, 0, 0, 1 ], [ 0, 0, 1, 0, 0, 0 ], [ 0, 0, 0, 1, 0, 0 ] ],
computedPosition := 131,
method := "recorded_coordinate_witness",
presentationPosition := 131,
reason := "generic_full_coordinate_permutation_inclusion",
status := "equivalent" ), rec(
P := [ [ 1, 0, 0, 0, 0, 0 ], [ 0, 1, 0, 0, 0, 0 ], [ 0, 0, 1, 0, 0, 0 ], [ 0, 0, 0, 1, 0, 0 ], [ 0, 0, 0, 0, 1, 0 ], [ 0, 0, 0, 0, 0, 1 ] ],
computedPosition := 132,
method := "literal_matrix_equality",
presentationPosition := 132,
reason := "equal_matrix_groups",
status := "equivalent" ), rec(
P := [ [ 1, 0, 0, 0, 0, 0 ], [ 0, 1, 0, 0, 0, 0 ], [ 0, 0, 1, 0, 0, 0 ], [ 0, 0, 0, 1, 0, 0 ], [ 0, 0, 0, 0, 1, 0 ], [ 0, 0, 0, 0, 0, 1 ] ],
computedPosition := 133,
method := "literal_matrix_equality",
presentationPosition := 133,
reason := "equal_matrix_groups",
status := "equivalent" ), rec(
P := [ [ 1, 0, 0, 0, 0, 0 ], [ 0, 1, 0, 0, 0, 0 ], [ 0, 0, 1, 0, 0, 0 ], [ 0, 0, 0, 1, 0, 0 ], [ 0, 0, 0, 0, 1, 0 ], [ 0, 0, 0, 0, 0, 1 ] ],
computedPosition := 134,
method := "literal_matrix_equality",
presentationPosition := 134,
reason := "equal_matrix_groups",
status := "equivalent" ), rec(
P := [ [ 1, 0, 0, 0, 0, 0 ], [ 0, 1, 0, 0, 0, 0 ], [ 0, 0, 1, 0, 0, 0 ], [ 0, 0, 0, 1, 0, 0 ], [ 0, 0, 0, 0, 1, 0 ], [ 0, 0, 0, 0, 0, 1 ] ],
computedPosition := 135,
method := "literal_matrix_equality",
presentationPosition := 135,
reason := "equal_matrix_groups",
status := "equivalent" ), rec(
P := [ [ 1, 0, 0, 0, 0, 0 ], [ 0, 1, 0, 0, 0, 0 ], [ 0, 0, 1, 0, 0, 0 ], [ 0, 0, 0, 1, 0, 0 ], [ 0, 0, 0, 0, 1, 0 ], [ 0, 0, 0, 0, 0, 1 ] ],
computedPosition := 136,
method := "literal_matrix_equality",
presentationPosition := 136,
reason := "equal_matrix_groups",
status := "equivalent" ), rec(
P := [ [ 1, 0, 0, 0, 0, 0 ], [ 0, 1, 0, 0, 0, 0 ], [ 0, 0, 1, 0, 0, 0 ], [ 0, 0, 0, 1, 0, 0 ], [ 0, 0, 0, 0, 1, 0 ], [ 0, 0, 0, 0, 0, 1 ] ],
computedPosition := 137,
method := "literal_matrix_equality",
presentationPosition := 137,
reason := "equal_matrix_groups",
status := "equivalent" ), rec(
P := fail,
computedPosition := 137,
method := "diagonal_coordinate_permutations",
presentationPosition := 138,
reason := "exhausted_coordinate_permutations",
status := "not_equivalent" ), rec(
P := fail,
computedPosition := 138,
method := "diagonal_coordinate_permutations",
presentationPosition := 137,
reason := "exhausted_coordinate_permutations",
status := "not_equivalent" ), rec(
P := [ [ 1, 0, 0, 0, 0, 0 ], [ 0, 1, 0, 0, 0, 0 ], [ 0, 0, 1, 0, 0, 0 ], [ 0, 0, 0, 1, 0, 0 ], [ 0, 0, 0, 0, 1, 0 ], [ 0, 0, 0, 0, 0, 1 ] ],
computedPosition := 138,
method := "literal_matrix_equality",
presentationPosition := 138,
reason := "equal_matrix_groups",
status := "equivalent" ), rec(
P := [ [ 1, 0, 0, 0, 0, 0 ], [ 0, 1, 0, 0, 0, 0 ], [ 0, 0, 1, 0, 0, 0 ], [ 0, 0, 0, 1, 0, 0 ], [ 0, 0, 0, 0, 1, 0 ], [ 0, 0, 0, 0, 0, 1 ] ],
computedPosition := 139,
method := "literal_matrix_equality",
presentationPosition := 139,
reason := "equal_matrix_groups",
status := "equivalent" ), rec(
P := [ [ 1, 0, 0, 0, 0, 0 ], [ 0, 1, 0, 0, 0, 0 ], [ 0, 0, 1, 0, 0, 0 ], [ 0, 0, 0, 1, 0, 0 ], [ 0, 0, 0, 0, 1, 0 ], [ 0, 0, 0, 0, 0, 1 ] ],
computedPosition := 140,
method := "literal_matrix_equality",
presentationPosition := 140,
reason := "equal_matrix_groups",
status := "equivalent" ), rec(
P := [ [ 1, 0, 0, 0, 0, 0 ], [ 0, 1, 0, 0, 0, 0 ], [ 0, 0, 1, 0, 0, 0 ], [ 0, 0, 0, 1, 0, 0 ], [ 0, 0, 0, 0, 1, 0 ], [ 0, 0, 0, 0, 0, 1 ] ],
computedPosition := 141,
method := "literal_matrix_equality",
presentationPosition := 141,
reason := "equal_matrix_groups",
status := "equivalent" ), rec(
P := [ [ 1, 0, 0, 0, 0, 0 ], [ 0, 1, 0, 0, 0, 0 ], [ 0, 0, 1, 0, 0, 0 ], [ 0, 0, 0, 1, 0, 0 ], [ 0, 0, 0, 0, 1, 0 ], [ 0, 0, 0, 0, 0, 1 ] ],
computedPosition := 142,
method := "literal_matrix_equality",
presentationPosition := 142,
reason := "equal_matrix_groups",
status := "equivalent" ), rec(
P := [ [ 1, 0, 0, 0, 0, 0 ], [ 0, 1, 0, 0, 0, 0 ], [ 0, 0, 1, 0, 0, 0 ], [ 0, 0, 0, 1, 0, 0 ], [ 0, 0, 0, 0, 1, 0 ], [ 0, 0, 0, 0, 0, 1 ] ],
computedPosition := 143,
method := "literal_matrix_equality",
presentationPosition := 143,
reason := "equal_matrix_groups",
status := "equivalent" ), rec(
P := [ [ 1, 0, 0, 0, 0, 0 ], [ 0, 1, 0, 0, 0, 0 ], [ 0, 0, 1, 0, 0, 0 ], [ 0, 0, 0, 1, 0, 0 ], [ 0, 0, 0, 0, 1, 0 ], [ 0, 0, 0, 0, 0, 1 ] ],
computedPosition := 144,
method := "literal_matrix_equality",
presentationPosition := 144,
reason := "equal_matrix_groups",
status := "equivalent" ), rec(
P := fail,
computedPosition := 144,
method := "diagonal_coordinate_permutations",
presentationPosition := 145,
reason := "exhausted_coordinate_permutations",
status := "not_equivalent" ), rec(
P := fail,
computedPosition := 144,
method := "diagonal_coordinate_permutations",
presentationPosition := 146,
reason := "exhausted_coordinate_permutations",
status := "not_equivalent" ), rec(
P := fail,
computedPosition := 145,
method := "diagonal_coordinate_permutations",
presentationPosition := 144,
reason := "exhausted_coordinate_permutations",
status := "not_equivalent" ), rec(
P := [ [ 1, 0, 0, 0, 0, 0 ], [ 0, 1, 0, 0, 0, 0 ], [ 0, 0, 1, 0, 0, 0 ], [ 0, 0, 0, 1, 0, 0 ], [ 0, 0, 0, 0, 1, 0 ], [ 0, 0, 0, 0, 0, 1 ] ],
computedPosition := 145,
method := "literal_matrix_equality",
presentationPosition := 145,
reason := "equal_matrix_groups",
status := "equivalent" ), rec(
P := fail,
computedPosition := 145,
method := "diagonal_coordinate_permutations",
presentationPosition := 146,
reason := "exhausted_coordinate_permutations",
status := "not_equivalent" ), rec(
P := fail,
computedPosition := 146,
method := "diagonal_coordinate_permutations",
presentationPosition := 144,
reason := "exhausted_coordinate_permutations",
status := "not_equivalent" ), rec(
P := fail,
computedPosition := 146,
method := "diagonal_coordinate_permutations",
presentationPosition := 145,
reason := "exhausted_coordinate_permutations",
status := "not_equivalent" ), rec(
P := [ [ 1, 0, 0, 0, 0, 0 ], [ 0, 1, 0, 0, 0, 0 ], [ 0, 0, 1, 0, 0, 0 ], [ 0, 0, 0, 1, 0, 0 ], [ 0, 0, 0, 0, 1, 0 ], [ 0, 0, 0, 0, 0, 1 ] ],
computedPosition := 146,
method := "literal_matrix_equality",
presentationPosition := 146,
reason := "equal_matrix_groups",
status := "equivalent" ), rec(
P := [ [ 1, 0, 0, 0, 0, 0 ], [ 0, 1, 0, 0, 0, 0 ], [ 0, 0, 1, 0, 0, 0 ], [ 0, 0, 0, 1, 0, 0 ], [ 0, 0, 0, 0, 1, 0 ], [ 0, 0, 0, 0, 0, 1 ] ],
computedPosition := 147,
method := "literal_matrix_equality",
presentationPosition := 147,
reason := "equal_matrix_groups",
status := "equivalent" ), rec(
P := fail,
computedPosition := 147,
method := "diagonal_coordinate_permutations",
presentationPosition := 148,
reason := "exhausted_coordinate_permutations",
status := "not_equivalent" ), rec(
P := fail,
computedPosition := 148,
method := "diagonal_coordinate_permutations",
presentationPosition := 147,
reason := "exhausted_coordinate_permutations",
status := "not_equivalent" ), rec(
P := [ [ 1, 0, 0, 0, 0, 0 ], [ 0, 1, 0, 0, 0, 0 ], [ 0, 0, 1, 0, 0, 0 ], [ 0, 0, 0, 1, 0, 0 ], [ 0, 0, 0, 0, 1, 0 ], [ 0, 0, 0, 0, 0, 1 ] ],
computedPosition := 148,
method := "literal_matrix_equality",
presentationPosition := 148,
reason := "equal_matrix_groups",
status := "equivalent" ), rec(
P := [ [ 1, 0, 0, 0, 0, 0 ], [ 0, 1, 0, 0, 0, 0 ], [ 0, 0, 1, 0, 0, 0 ], [ 0, 0, 0, 1, 0, 0 ], [ 0, 0, 0, 0, 1, 0 ], [ 0, 0, 0, 0, 0, 1 ] ],
computedPosition := 149,
method := "literal_matrix_equality",
presentationPosition := 149,
reason := "equal_matrix_groups",
status := "equivalent" ), rec(
P := fail,
computedPosition := 149,
method := "diagonal_coordinate_permutations",
presentationPosition := 150,
reason := "exhausted_coordinate_permutations",
status := "not_equivalent" ), rec(
P := fail,
computedPosition := 150,
method := "diagonal_coordinate_permutations",
presentationPosition := 149,
reason := "exhausted_coordinate_permutations",
status := "not_equivalent" ), rec(
P := [ [ 1, 0, 0, 0, 0, 0 ], [ 0, 1, 0, 0, 0, 0 ], [ 0, 0, 1, 0, 0, 0 ], [ 0, 0, 0, 1, 0, 0 ], [ 0, 0, 0, 0, 1, 0 ], [ 0, 0, 0, 0, 0, 1 ] ],
computedPosition := 150,
method := "literal_matrix_equality",
presentationPosition := 150,
reason := "equal_matrix_groups",
status := "equivalent" ), rec(
P := [ [ 1, 0, 0, 0, 0, 0 ], [ 0, 1, 0, 0, 0, 0 ], [ 0, 0, 1, 0, 0, 0 ], [ 0, 0, 0, 1, 0, 0 ], [ 0, 0, 0, 0, 1, 0 ], [ 0, 0, 0, 0, 0, 1 ] ],
computedPosition := 151,
method := "literal_matrix_equality",
presentationPosition := 151,
reason := "equal_matrix_groups",
status := "equivalent" ), rec(
P := fail,
computedPosition := 151,
method := "diagonal_coordinate_permutations",
presentationPosition := 152,
reason := "exhausted_coordinate_permutations",
status := "not_equivalent" ), rec(
P := fail,
computedPosition := 152,
method := "diagonal_coordinate_permutations",
presentationPosition := 151,
reason := "exhausted_coordinate_permutations",
status := "not_equivalent" ), rec(
P := [ [ 1, 0, 0, 0, 0, 0 ], [ 0, 1, 0, 0, 0, 0 ], [ 0, 0, 1, 0, 0, 0 ], [ 0, 0, 0, 1, 0, 0 ], [ 0, 0, 0, 0, 1, 0 ], [ 0, 0, 0, 0, 0, 1 ] ],
computedPosition := 152,
method := "literal_matrix_equality",
presentationPosition := 152,
reason := "equal_matrix_groups",
status := "equivalent" ), rec(
P := [ [ 1, 0, 0, 0, 0, 0 ], [ 0, 1, 0, 0, 0, 0 ], [ 0, 0, 1, 0, 0, 0 ], [ 0, 0, 0, 1, 0, 0 ], [ 0, 0, 0, 0, 1, 0 ], [ 0, 0, 0, 0, 0, 1 ] ],
computedPosition := 153,
method := "literal_matrix_equality",
presentationPosition := 153,
reason := "equal_matrix_groups",
status := "equivalent" ), rec(
P := fail,
computedPosition := 153,
method := "diagonal_coordinate_permutations",
presentationPosition := 154,
reason := "exhausted_coordinate_permutations",
status := "not_equivalent" ), rec(
P := fail,
computedPosition := 154,
method := "diagonal_coordinate_permutations",
presentationPosition := 153,
reason := "exhausted_coordinate_permutations",
status := "not_equivalent" ), rec(
P := [ [ 1, 0, 0, 0, 0, 0 ], [ 0, 1, 0, 0, 0, 0 ], [ 0, 0, 1, 0, 0, 0 ], [ 0, 0, 0, 1, 0, 0 ], [ 0, 0, 0, 0, 1, 0 ], [ 0, 0, 0, 0, 0, 1 ] ],
computedPosition := 154,
method := "literal_matrix_equality",
presentationPosition := 154,
reason := "equal_matrix_groups",
status := "equivalent" ), rec(
P := [ [ 1, 0, 0, 0, 0, 0 ], [ 0, 1, 0, 0, 0, 0 ], [ 0, 0, 1, 0, 0, 0 ], [ 0, 0, 0, 1, 0, 0 ], [ 0, 0, 0, 0, 1, 0 ], [ 0, 0, 0, 0, 0, 1 ] ],
computedPosition := 155,
method := "literal_matrix_equality",
presentationPosition := 155,
reason := "equal_matrix_groups",
status := "equivalent" ), rec(
P := [ [ 1, 0, 0, 0, 0, 0 ], [ 0, 1, 0, 0, 0, 0 ], [ 0, 0, 1, 0, 0, 0 ], [ 0, 0, 0, 1, 0, 0 ], [ 0, 0, 0, 0, 1, 0 ], [ 0, 0, 0, 0, 0, 1 ] ],
computedPosition := 156,
method := "literal_matrix_equality",
presentationPosition := 156,
reason := "equal_matrix_groups",
status := "equivalent" ) ],
purpose := "coordinate presentation audit; the canonical catalogue uses more convenient representatives",
repeatedCoarseBlockCount := 15,
schemaVersion := 1,
status := "verified_unique",
testedPairCount := 190,
uncoveredCanonicalPositions := [  ],
undecidedPairCount := 0,
unmatchedComputedPositions := [  ] );
