MultiplierAuditResult :=
rec(
allCurrentMultiplier3PartsTrivial := true,
allUniversalCoefficientDimensionChecksPassed := true,
caseTargets := [ rec(
ids := [ [ 18, 3 ], [ 6, 1 ], [ 12, 1 ], [ 36, 6 ], [ 24, 1 ] ],
label := "C3" ), rec(
ids := [ [ 12, 3 ], [ 8, 3 ], [ 16, 6 ], [ 24, 13 ], [ 24, 10 ] ],
label := "C2^2" ), rec(
ids := [ [ 8, 4 ], [ 8, 3 ], [ 24, 10 ], [ 16, 6 ] ],
label := "C4" ), rec(
ids := [ [ 6, 1 ], [ 12, 4 ], [ 18, 3 ], [ 24, 5 ], [ 36, 12 ], [ 48, 4 ], [ 72, 27 ] ],
label := "S3" ) ],
conclusion := "For every current nonabelian target, H^2(G,C3) is the Ext^1(G_ab,C3) part already enumerated by gap_small_nonabelian.",
controlsNotClassificationInput := [ rec(
abelianInvariants := [ 3, 8 ],
extDimension := 1,
h2Dimension := 1,
id := [ 72, 12 ],
multiplier3Invariants := [  ],
order := 72,
role := "control only",
structure := "C3 x (C3 : C8)",
sylow3Order := 9,
sylow3Structure := "C3 x C3",
universalCoefficientCheckPassed := true ), rec(
abelianInvariants := [ 3, 3 ],
extDimension := 2,
h2Dimension := 3,
id := [ 9, 2 ],
multiplier3Invariants := [ 3 ],
order := 9,
role := "control only",
structure := "C3 x C3",
sylow3Order := 9,
sylow3Structure := "C3 x C3",
universalCoefficientCheckPassed := true ), rec(
abelianInvariants := [ 2, 3, 3 ],
extDimension := 2,
h2Dimension := 3,
id := [ 18, 5 ],
multiplier3Invariants := [ 3 ],
order := 18,
role := "control only",
structure := "C6 x C3",
sylow3Order := 9,
sylow3Structure := "C3 x C3",
universalCoefficientCheckPassed := true ), rec(
abelianInvariants := [ 3, 3, 4 ],
extDimension := 2,
h2Dimension := 3,
id := [ 36, 8 ],
multiplier3Invariants := [ 3 ],
order := 36,
role := "control only",
structure := "C12 x C3",
sylow3Order := 9,
sylow3Structure := "C3 x C3",
universalCoefficientCheckPassed := true ), rec(
abelianInvariants := [ 3, 3, 8 ],
extDimension := 2,
h2Dimension := 3,
id := [ 72, 14 ],
multiplier3Invariants := [ 3 ],
order := 72,
role := "control only",
structure := "C24 x C3",
sylow3Order := 9,
sylow3Structure := "C3 x C3",
universalCoefficientCheckPassed := true ) ],
currentResults := [ rec(
abelianInvariants := [ 2, 3 ],
extDimension := 1,
h2Dimension := 1,
id := [ 18, 3 ],
multiplier3Invariants := [  ],
order := 18,
role := "current target",
structure := "C3 x S3",
sylow3Order := 9,
sylow3Structure := "C3 x C3",
universalCoefficientCheckPassed := true ), rec(
abelianInvariants := [ 2 ],
extDimension := 0,
h2Dimension := 0,
id := [ 6, 1 ],
multiplier3Invariants := [  ],
order := 6,
role := "current target",
structure := "S3",
sylow3Order := 3,
sylow3Structure := "C3",
universalCoefficientCheckPassed := true ), rec(
abelianInvariants := [ 4 ],
extDimension := 0,
h2Dimension := 0,
id := [ 12, 1 ],
multiplier3Invariants := [  ],
order := 12,
role := "current target",
structure := "C3 : C4",
sylow3Order := 3,
sylow3Structure := "C3",
universalCoefficientCheckPassed := true ), rec(
abelianInvariants := [ 3, 4 ],
extDimension := 1,
h2Dimension := 1,
id := [ 36, 6 ],
multiplier3Invariants := [  ],
order := 36,
role := "current target",
structure := "C3 x (C3 : C4)",
sylow3Order := 9,
sylow3Structure := "C3 x C3",
universalCoefficientCheckPassed := true ), rec(
abelianInvariants := [ 8 ],
extDimension := 0,
h2Dimension := 0,
id := [ 24, 1 ],
multiplier3Invariants := [  ],
order := 24,
role := "current target",
structure := "C3 : C8",
sylow3Order := 3,
sylow3Structure := "C3",
universalCoefficientCheckPassed := true ), rec(
abelianInvariants := [ 3 ],
extDimension := 1,
h2Dimension := 1,
id := [ 12, 3 ],
multiplier3Invariants := [  ],
order := 12,
role := "current target",
structure := "A4",
sylow3Order := 3,
sylow3Structure := "C3",
universalCoefficientCheckPassed := true ), rec(
abelianInvariants := [ 2, 2 ],
extDimension := 0,
h2Dimension := 0,
id := [ 8, 3 ],
multiplier3Invariants := [  ],
order := 8,
role := "current target",
structure := "D8",
sylow3Order := 1,
sylow3Structure := "1",
universalCoefficientCheckPassed := true ), rec(
abelianInvariants := [ 2, 4 ],
extDimension := 0,
h2Dimension := 0,
id := [ 16, 6 ],
multiplier3Invariants := [  ],
order := 16,
role := "current target",
structure := "C8 : C2",
sylow3Order := 1,
sylow3Structure := "1",
universalCoefficientCheckPassed := true ), rec(
abelianInvariants := [ 2, 3 ],
extDimension := 1,
h2Dimension := 1,
id := [ 24, 13 ],
multiplier3Invariants := [  ],
order := 24,
role := "current target",
structure := "C2 x A4",
sylow3Order := 3,
sylow3Structure := "C3",
universalCoefficientCheckPassed := true ), rec(
abelianInvariants := [ 2, 2, 3 ],
extDimension := 1,
h2Dimension := 1,
id := [ 24, 10 ],
multiplier3Invariants := [  ],
order := 24,
role := "current target",
structure := "C3 x D8",
sylow3Order := 3,
sylow3Structure := "C3",
universalCoefficientCheckPassed := true ), rec(
abelianInvariants := [ 2, 2 ],
extDimension := 0,
h2Dimension := 0,
id := [ 8, 4 ],
multiplier3Invariants := [  ],
order := 8,
role := "current target",
structure := "Q8",
sylow3Order := 1,
sylow3Structure := "1",
universalCoefficientCheckPassed := true ), rec(
abelianInvariants := [ 2, 2 ],
extDimension := 0,
h2Dimension := 0,
id := [ 12, 4 ],
multiplier3Invariants := [  ],
order := 12,
role := "current target",
structure := "D12",
sylow3Order := 3,
sylow3Structure := "C3",
universalCoefficientCheckPassed := true ), rec(
abelianInvariants := [ 2, 4 ],
extDimension := 0,
h2Dimension := 0,
id := [ 24, 5 ],
multiplier3Invariants := [  ],
order := 24,
role := "current target",
structure := "C4 x S3",
sylow3Order := 3,
sylow3Structure := "C3",
universalCoefficientCheckPassed := true ), rec(
abelianInvariants := [ 2, 2, 3 ],
extDimension := 1,
h2Dimension := 1,
id := [ 36, 12 ],
multiplier3Invariants := [  ],
order := 36,
role := "current target",
structure := "C6 x S3",
sylow3Order := 9,
sylow3Structure := "C3 x C3",
universalCoefficientCheckPassed := true ), rec(
abelianInvariants := [ 2, 8 ],
extDimension := 0,
h2Dimension := 0,
id := [ 48, 4 ],
multiplier3Invariants := [  ],
order := 48,
role := "current target",
structure := "C8 x S3",
sylow3Order := 3,
sylow3Structure := "C3",
universalCoefficientCheckPassed := true ), rec(
abelianInvariants := [ 2, 3, 4 ],
extDimension := 1,
h2Dimension := 1,
id := [ 72, 27 ],
multiplier3Invariants := [  ],
order := 72,
role := "current target",
structure := "C12 x S3",
sylow3Order := 9,
sylow3Structure := "C3 x C3",
universalCoefficientCheckPassed := true ) ],
directExample := rec(
abelianInvariants := [ 2, 3, 8 ],
extDimension := 1,
h2Dimension := 1,
id := [ 144, 69 ],
multiplier3Invariants := [  ],
order := 144,
role := "direct S3 x C24 example",
structure := "C24 x S3",
sylow3Order := 9,
sylow3Structure := "C3 x C3",
universalCoefficientCheckPassed := true ),
directExampleMultiplier3PartTrivial := true,
distinctCurrentTargetCount := 16,
distinctCurrentTargetIds := [ [ 18, 3 ], [ 6, 1 ], [ 12, 1 ], [ 36, 6 ], [ 24, 1 ], [ 12, 3 ], [ 8, 3 ], [ 16, 6 ], [ 24, 13 ], [ 24, 10 ], [ 8, 4 ], [ 12, 4 ], [ 24, 5 ], [ 36, 12 ], [ 48, 4 ], [ 72, 27 ] ],
gapVersion := "4.15.1" );
