1. Inputs verified: 156 formal fourfolds and 40 final threefolds; elapsed 1250\
 ms
2. Prepared threefold 1 from fourfold 1; elapsed 1250 ms
3. Prepared threefold 2 from fourfold 7; elapsed 1266 ms
4. Prepared threefold 3 from fourfold 8; elapsed 1266 ms
5. Prepared threefold 4 from fourfold 23; elapsed 1266 ms
6. Prepared threefold 5 from fourfold 24; elapsed 1266 ms
7. Prepared threefold 6 from fourfold 28; elapsed 1266 ms
8. Prepared threefold 7 from fourfold 30; elapsed 1266 ms
9. Prepared threefold 8 from fourfold 32; elapsed 1266 ms
10. Prepared threefold 9 from fourfold 36; elapsed 1266 ms
11. Prepared threefold 10 from fourfold 38; elapsed 1266 ms
12. Prepared threefold 11 from fourfold 56; elapsed 1281 ms
13. Prepared threefold 12 from fourfold 57; elapsed 1281 ms
14. Prepared threefold 13 from fourfold 61; elapsed 1281 ms
15. Prepared threefold 14 from fourfold 62; elapsed 1281 ms
16. Prepared threefold 15 from fourfold 64; elapsed 1281 ms
17. Prepared threefold 16 from fourfold 67; elapsed 1281 ms
18. Prepared threefold 17 from fourfold 69; elapsed 1281 ms
19. Prepared threefold 18 from fourfold 72; elapsed 1281 ms
20. Prepared threefold 19 from fourfold 86; elapsed 1281 ms
21. Prepared threefold 20 from fourfold 90; elapsed 1281 ms
22. Prepared threefold 21 from fourfold 91; elapsed 1281 ms
23. Prepared threefold 22 from fourfold 94; elapsed 1281 ms
24. Prepared threefold 23 from fourfold 95; elapsed 1281 ms
25. Prepared threefold 24 from fourfold 96; elapsed 1281 ms
26. Prepared threefold 25 from fourfold 101; elapsed 1281 ms
27. Prepared threefold 26 from fourfold 103; elapsed 1281 ms
28. Prepared threefold 27 from fourfold 110; elapsed 1281 ms
29. Prepared threefold 28 from fourfold 113; elapsed 1281 ms
30. Prepared threefold 29 from fourfold 116; elapsed 1281 ms
31. Prepared threefold 30 from fourfold 117; elapsed 1281 ms
32. Prepared threefold 31 from fourfold 123; elapsed 1281 ms
33. Prepared threefold 32 from fourfold 125; elapsed 1281 ms
34. Prepared threefold 33 from fourfold 130; elapsed 1281 ms
35. Prepared threefold 34 from fourfold 135; elapsed 1281 ms
36. Prepared threefold 35 from fourfold 139; elapsed 1281 ms
37. Prepared threefold 36 from fourfold 147; elapsed 1281 ms
38. Prepared threefold 37 from fourfold 148; elapsed 1281 ms
39. Prepared threefold 38 from fourfold 153; elapsed 1281 ms
40. Prepared threefold 39 from fourfold 154; elapsed 1281 ms
41. Prepared threefold 40 from fourfold 156; elapsed 1281 ms
42. Verified five-dimensional pair 4 -> 1; elapsed 1391 ms
43. Verified five-dimensional pair 4 -> 5; elapsed 1469 ms
44. Verified five-dimensional pair 6 -> 1; elapsed 1469 ms
45. Verified five-dimensional pair 6 -> 3; elapsed 1500 ms
46. Verified five-dimensional pair 7 -> 1; elapsed 1516 ms
47. Verified five-dimensional pair 7 -> 2; elapsed 8141 ms
48. Verified five-dimensional pair 8 -> 1; elapsed 8156 ms
49. Verified five-dimensional pair 8 -> 3; elapsed 8156 ms
50. Verified five-dimensional pair 9 -> 1; elapsed 8156 ms
51. Verified five-dimensional pair 9 -> 3; elapsed 8156 ms
52. Verified five-dimensional pair 10 -> 1; elapsed 8156 ms
53. Verified five-dimensional pair 11 -> 1; elapsed 8156 ms
54. Verified five-dimensional pair 11 -> 3; elapsed 8156 ms
55. Verified five-dimensional pair 11 -> 4; elapsed 8188 ms
56. Verified five-dimensional pair 11 -> 5; elapsed 8188 ms
57. Verified five-dimensional pair 11 -> 6; elapsed 8219 ms
58. Verified five-dimensional pair 11 -> 9; elapsed 8235 ms
59. Verified five-dimensional pair 12 -> 1; elapsed 8235 ms
60. Verified five-dimensional pair 12 -> 4; elapsed 8235 ms
61. Verified five-dimensional pair 12 -> 5; elapsed 8235 ms
62. Verified five-dimensional pair 12 -> 10; elapsed 8266 ms
63. Verified five-dimensional pair 13 -> 1; elapsed 8266 ms
64. Verified five-dimensional pair 13 -> 2; elapsed 8500 ms
65. Verified five-dimensional pair 13 -> 10; elapsed 8500 ms
66. Verified five-dimensional pair 13 -> 14; elapsed 8531 ms
67. Verified five-dimensional pair 14 -> 1; elapsed 8531 ms
68. Verified five-dimensional pair 15 -> 1; elapsed 8531 ms
69. Verified five-dimensional pair 15 -> 3; elapsed 8531 ms
70. Verified five-dimensional pair 15 -> 6; elapsed 8531 ms
71. Verified five-dimensional pair 15 -> 9; elapsed 8531 ms
72. Verified five-dimensional pair 16 -> 1; elapsed 8531 ms
73. Verified five-dimensional pair 16 -> 2; elapsed 8828 ms
74. Verified five-dimensional pair 16 -> 3; elapsed 8828 ms
75. Verified five-dimensional pair 16 -> 6; elapsed 8828 ms
76. Verified five-dimensional pair 16 -> 7; elapsed 8844 ms
77. Verified five-dimensional pair 17 -> 1; elapsed 8844 ms
78. Verified five-dimensional pair 17 -> 3; elapsed 8860 ms
79. Verified five-dimensional pair 17 -> 6; elapsed 8860 ms
80. Verified five-dimensional pair 17 -> 8; elapsed 8875 ms
81. Verified five-dimensional pair 18 -> 1; elapsed 8875 ms
82. Verified five-dimensional pair 18 -> 2; elapsed 9125 ms
83. Verified five-dimensional pair 18 -> 3; elapsed 9125 ms
84. Verified five-dimensional pair 18 -> 7; elapsed 9125 ms
85. Verified five-dimensional pair 18 -> 8; elapsed 9125 ms
86. Verified five-dimensional pair 19 -> 1; elapsed 9125 ms
87. Verified five-dimensional pair 19 -> 2; elapsed 9328 ms
88. Verified five-dimensional pair 19 -> 4; elapsed 9328 ms
89. Verified five-dimensional pair 19 -> 5; elapsed 9328 ms
90. Verified five-dimensional pair 19 -> 7; elapsed 9328 ms
91. Verified five-dimensional pair 19 -> 10; elapsed 9328 ms
92. Verified five-dimensional pair 19 -> 12; elapsed 9344 ms
93. Verified five-dimensional pair 19 -> 13; elapsed 9375 ms
94. Verified five-dimensional pair 19 -> 14; elapsed 9375 ms
95. Verified five-dimensional pair 20 -> 1; elapsed 9375 ms
96. Verified five-dimensional pair 20 -> 3; elapsed 9375 ms
97. Verified five-dimensional pair 20 -> 4; elapsed 9375 ms
98. Verified five-dimensional pair 20 -> 5; elapsed 9375 ms
99. Verified five-dimensional pair 20 -> 6; elapsed 9375 ms
100. Verified five-dimensional pair 20 -> 9; elapsed 9375 ms
101. Verified five-dimensional pair 20 -> 11; elapsed 9391 ms
102. Verified five-dimensional pair 20 -> 15; elapsed 9406 ms
103. Verified five-dimensional pair 20 -> 22; elapsed 9438 ms
104. Verified five-dimensional pair 20 -> 24; elapsed 9500 ms
105. Verified five-dimensional pair 21 -> 1; elapsed 9500 ms
106. Verified five-dimensional pair 21 -> 3; elapsed 9516 ms
107. Verified five-dimensional pair 21 -> 4; elapsed 9516 ms
108. Verified five-dimensional pair 21 -> 5; elapsed 9516 ms
109. Verified five-dimensional pair 21 -> 8; elapsed 9516 ms
110. Verified five-dimensional pair 21 -> 9; elapsed 9516 ms
111. Verified five-dimensional pair 21 -> 10; elapsed 9516 ms
112. Verified five-dimensional pair 21 -> 12; elapsed 9516 ms
113. Verified five-dimensional pair 21 -> 23; elapsed 9547 ms
114. Verified five-dimensional pair 22 -> 5; elapsed 9547 ms
115. Verified five-dimensional pair 22 -> 24; elapsed 9563 ms
116. Verified five-dimensional pair 23 -> 5; elapsed 9563 ms
117. Verified five-dimensional pair 25 -> 1; elapsed 9563 ms
118. Verified five-dimensional pair 25 -> 2; elapsed 9688 ms
119. Verified five-dimensional pair 25 -> 3; elapsed 9688 ms
120. Verified five-dimensional pair 25 -> 6; elapsed 9688 ms
121. Verified five-dimensional pair 25 -> 7; elapsed 9688 ms
122. Verified five-dimensional pair 25 -> 8; elapsed 9688 ms
123. Verified five-dimensional pair 25 -> 10; elapsed 9688 ms
124. Verified five-dimensional pair 25 -> 13; elapsed 9688 ms
125. Verified five-dimensional pair 25 -> 14; elapsed 9688 ms
126. Verified five-dimensional pair 25 -> 16; elapsed 9703 ms
127. Verified five-dimensional pair 25 -> 17; elapsed 9719 ms
128. Verified five-dimensional pair 25 -> 26; elapsed 9750 ms
129. Verified five-dimensional pair 26 -> 1; elapsed 9750 ms
130. Verified five-dimensional pair 26 -> 3; elapsed 9750 ms
131. Verified five-dimensional pair 26 -> 6; elapsed 9750 ms
132. Verified five-dimensional pair 26 -> 8; elapsed 9750 ms
133. Verified five-dimensional pair 26 -> 10; elapsed 9750 ms
134. Verified five-dimensional pair 26 -> 14; elapsed 9750 ms
135. Verified five-dimensional pair 26 -> 17; elapsed 9750 ms
136. Verified five-dimensional pair 27 -> 1; elapsed 9750 ms
137. Verified five-dimensional pair 27 -> 2; elapsed 9891 ms
138. Verified five-dimensional pair 27 -> 3; elapsed 9891 ms
139. Verified five-dimensional pair 27 -> 4; elapsed 9891 ms
140. Verified five-dimensional pair 27 -> 5; elapsed 9891 ms
141. Verified five-dimensional pair 27 -> 6; elapsed 9891 ms
142. Verified five-dimensional pair 27 -> 7; elapsed 9891 ms
143. Verified five-dimensional pair 27 -> 9; elapsed 9891 ms
144. Verified five-dimensional pair 27 -> 10; elapsed 9891 ms
145. Verified five-dimensional pair 27 -> 11; elapsed 9891 ms
146. Verified five-dimensional pair 27 -> 12; elapsed 9891 ms
147. Verified five-dimensional pair 27 -> 13; elapsed 9891 ms
148. Verified five-dimensional pair 27 -> 14; elapsed 9891 ms
149. Verified five-dimensional pair 27 -> 16; elapsed 9891 ms
150. Verified five-dimensional pair 27 -> 19; elapsed 9906 ms
151. Verified five-dimensional pair 27 -> 28; elapsed 9922 ms
152. Verified five-dimensional pair 28 -> 1; elapsed 9922 ms
153. Verified five-dimensional pair 28 -> 3; elapsed 9922 ms
154. Verified five-dimensional pair 28 -> 9; elapsed 9922 ms
155. Verified five-dimensional pair 28 -> 14; elapsed 9922 ms
156. Verified five-dimensional pair 29 -> 1; elapsed 9922 ms
157. Verified five-dimensional pair 29 -> 3; elapsed 9922 ms
158. Verified five-dimensional pair 29 -> 4; elapsed 9922 ms
159. Verified five-dimensional pair 29 -> 5; elapsed 9938 ms
160. Verified five-dimensional pair 29 -> 6; elapsed 9938 ms
161. Verified five-dimensional pair 29 -> 9; elapsed 9938 ms
162. Verified five-dimensional pair 29 -> 11; elapsed 9938 ms
163. Verified five-dimensional pair 29 -> 15; elapsed 9938 ms
164. Verified five-dimensional pair 29 -> 20; elapsed 9953 ms
165. Verified five-dimensional pair 29 -> 22; elapsed 9953 ms
166. Verified five-dimensional pair 29 -> 24; elapsed 9953 ms
167. Verified five-dimensional pair 30 -> 1; elapsed 9953 ms
168. Verified five-dimensional pair 30 -> 3; elapsed 9953 ms
169. Verified five-dimensional pair 30 -> 4; elapsed 9953 ms
170. Verified five-dimensional pair 30 -> 5; elapsed 9969 ms
171. Verified five-dimensional pair 30 -> 6; elapsed 9969 ms
172. Verified five-dimensional pair 30 -> 8; elapsed 9969 ms
173. Verified five-dimensional pair 30 -> 9; elapsed 9969 ms
174. Verified five-dimensional pair 30 -> 10; elapsed 9969 ms
175. Verified five-dimensional pair 30 -> 11; elapsed 9969 ms
176. Verified five-dimensional pair 30 -> 12; elapsed 9969 ms
177. Verified five-dimensional pair 30 -> 17; elapsed 9969 ms
178. Verified five-dimensional pair 30 -> 21; elapsed 9985 ms
179. Verified five-dimensional pair 30 -> 23; elapsed 9985 ms
180. Verified five-dimensional pair 31 -> 1; elapsed 9985 ms
181. Verified five-dimensional pair 31 -> 2; elapsed 10063 ms
182. Verified five-dimensional pair 31 -> 3; elapsed 10063 ms
183. Verified five-dimensional pair 31 -> 4; elapsed 10063 ms
184. Verified five-dimensional pair 31 -> 5; elapsed 10063 ms
185. Verified five-dimensional pair 31 -> 6; elapsed 10063 ms
186. Verified five-dimensional pair 31 -> 7; elapsed 10063 ms
187. Verified five-dimensional pair 31 -> 8; elapsed 10063 ms
188. Verified five-dimensional pair 31 -> 9; elapsed 10063 ms
189. Verified five-dimensional pair 31 -> 10; elapsed 10063 ms
190. Verified five-dimensional pair 31 -> 12; elapsed 10063 ms
191. Verified five-dimensional pair 31 -> 13; elapsed 10063 ms
192. Verified five-dimensional pair 31 -> 14; elapsed 10063 ms
193. Verified five-dimensional pair 31 -> 15; elapsed 10063 ms
194. Verified five-dimensional pair 31 -> 16; elapsed 10063 ms
195. Verified five-dimensional pair 31 -> 17; elapsed 10063 ms
196. Verified five-dimensional pair 31 -> 18; elapsed 10110 ms
197. Verified five-dimensional pair 31 -> 19; elapsed 10110 ms
198. Verified five-dimensional pair 31 -> 21; elapsed 10110 ms
199. Verified five-dimensional pair 31 -> 23; elapsed 10110 ms
200. Verified five-dimensional pair 31 -> 25; elapsed 10125 ms
201. Verified five-dimensional pair 31 -> 26; elapsed 10125 ms
202. Verified five-dimensional pair 31 -> 32; elapsed 10141 ms
203. Verified five-dimensional pair 31 -> 33; elapsed 10172 ms
204. Verified five-dimensional pair 32 -> 1; elapsed 10172 ms
205. Verified five-dimensional pair 32 -> 3; elapsed 10172 ms
206. Verified five-dimensional pair 32 -> 4; elapsed 10172 ms
207. Verified five-dimensional pair 32 -> 5; elapsed 10172 ms
208. Verified five-dimensional pair 32 -> 6; elapsed 10172 ms
209. Verified five-dimensional pair 32 -> 8; elapsed 10172 ms
210. Verified five-dimensional pair 32 -> 9; elapsed 10172 ms
211. Verified five-dimensional pair 32 -> 10; elapsed 10172 ms
212. Verified five-dimensional pair 32 -> 12; elapsed 10172 ms
213. Verified five-dimensional pair 32 -> 14; elapsed 10172 ms
214. Verified five-dimensional pair 32 -> 15; elapsed 10172 ms
215. Verified five-dimensional pair 32 -> 17; elapsed 10172 ms
216. Verified five-dimensional pair 32 -> 21; elapsed 10172 ms
217. Verified five-dimensional pair 32 -> 23; elapsed 10172 ms
218. Verified five-dimensional pair 32 -> 26; elapsed 10172 ms
219. Verified five-dimensional pair 32 -> 33; elapsed 10172 ms
220. Verified five-dimensional pair 33 -> 5; elapsed 10172 ms
221. Verified five-dimensional pair 33 -> 23; elapsed 10188 ms
222. Verified five-dimensional pair 34 -> 1; elapsed 10188 ms
223. Verified five-dimensional pair 34 -> 2; elapsed 10188 ms
224. Verified five-dimensional pair 34 -> 3; elapsed 10188 ms
225. Verified five-dimensional pair 34 -> 4; elapsed 10188 ms
226. Verified five-dimensional pair 34 -> 5; elapsed 10188 ms
227. Verified five-dimensional pair 34 -> 6; elapsed 10188 ms
228. Verified five-dimensional pair 34 -> 7; elapsed 10188 ms
229. Verified five-dimensional pair 34 -> 8; elapsed 10188 ms
230. Verified five-dimensional pair 34 -> 9; elapsed 10188 ms
231. Verified five-dimensional pair 34 -> 10; elapsed 10188 ms
232. Verified five-dimensional pair 34 -> 11; elapsed 10188 ms
233. Verified five-dimensional pair 34 -> 12; elapsed 10188 ms
234. Verified five-dimensional pair 34 -> 13; elapsed 10188 ms
235. Verified five-dimensional pair 34 -> 14; elapsed 10188 ms
236. Verified five-dimensional pair 34 -> 15; elapsed 10188 ms
237. Verified five-dimensional pair 34 -> 16; elapsed 10188 ms
238. Verified five-dimensional pair 34 -> 17; elapsed 10188 ms
239. Verified five-dimensional pair 34 -> 18; elapsed 10188 ms
240. Verified five-dimensional pair 34 -> 19; elapsed 10188 ms
241. Verified five-dimensional pair 34 -> 20; elapsed 10188 ms
242. Verified five-dimensional pair 34 -> 21; elapsed 10188 ms
243. Verified five-dimensional pair 34 -> 22; elapsed 10188 ms
244. Verified five-dimensional pair 34 -> 23; elapsed 10188 ms
245. Verified five-dimensional pair 34 -> 24; elapsed 10188 ms
246. Verified five-dimensional pair 34 -> 25; elapsed 10188 ms
247. Verified five-dimensional pair 34 -> 26; elapsed 10188 ms
248. Verified five-dimensional pair 34 -> 27; elapsed 10188 ms
249. Verified five-dimensional pair 34 -> 28; elapsed 10188 ms
250. Verified five-dimensional pair 34 -> 29; elapsed 10203 ms
251. Verified five-dimensional pair 34 -> 30; elapsed 10235 ms
252. Verified five-dimensional pair 34 -> 31; elapsed 10281 ms
253. Verified five-dimensional pair 34 -> 32; elapsed 10281 ms
254. Verified five-dimensional pair 34 -> 33; elapsed 10281 ms
255. Verified five-dimensional pair 34 -> 35; elapsed 10297 ms
256. Verified five-dimensional pair 34 -> 36; elapsed 10328 ms
257. Verified five-dimensional pair 34 -> 37; elapsed 10344 ms
258. Verified five-dimensional pair 34 -> 38; elapsed 10375 ms
259. Verified five-dimensional pair 34 -> 39; elapsed 10438 ms
260. Verified five-dimensional pair 34 -> 40; elapsed 10594 ms
261. Verified five-dimensional pair 35 -> 1; elapsed 10594 ms
262. Verified five-dimensional pair 35 -> 3; elapsed 10594 ms
263. Verified five-dimensional pair 35 -> 4; elapsed 10594 ms
264. Verified five-dimensional pair 35 -> 5; elapsed 10594 ms
265. Verified five-dimensional pair 35 -> 6; elapsed 10594 ms
266. Verified five-dimensional pair 35 -> 8; elapsed 10594 ms
267. Verified five-dimensional pair 35 -> 9; elapsed 10594 ms
268. Verified five-dimensional pair 35 -> 10; elapsed 10594 ms
269. Verified five-dimensional pair 35 -> 11; elapsed 10594 ms
270. Verified five-dimensional pair 35 -> 12; elapsed 10594 ms
271. Verified five-dimensional pair 35 -> 14; elapsed 10594 ms
272. Verified five-dimensional pair 35 -> 15; elapsed 10594 ms
273. Verified five-dimensional pair 35 -> 17; elapsed 10594 ms
274. Verified five-dimensional pair 35 -> 20; elapsed 10594 ms
275. Verified five-dimensional pair 35 -> 21; elapsed 10594 ms
276. Verified five-dimensional pair 35 -> 22; elapsed 10594 ms
277. Verified five-dimensional pair 35 -> 23; elapsed 10594 ms
278. Verified five-dimensional pair 35 -> 24; elapsed 10610 ms
279. Verified five-dimensional pair 35 -> 26; elapsed 10610 ms
280. Verified five-dimensional pair 35 -> 28; elapsed 10610 ms
281. Verified five-dimensional pair 35 -> 30; elapsed 10610 ms
282. Verified five-dimensional pair 35 -> 32; elapsed 10610 ms
283. Verified five-dimensional pair 35 -> 33; elapsed 10610 ms
284. Verified five-dimensional pair 35 -> 36; elapsed 10610 ms
285. Verified five-dimensional pair 35 -> 37; elapsed 10610 ms
286. Verified five-dimensional pair 35 -> 38; elapsed 10610 ms
287. Verified five-dimensional pair 35 -> 39; elapsed 10610 ms
288. Verified five-dimensional pair 35 -> 40; elapsed 10641 ms
289. Verified five-dimensional pair 36 -> 5; elapsed 10656 ms
290. Verified five-dimensional pair 36 -> 22; elapsed 10656 ms
291. Verified five-dimensional pair 36 -> 23; elapsed 10656 ms
292. Verified five-dimensional pair 36 -> 24; elapsed 10656 ms
293. Verified five-dimensional pair 36 -> 33; elapsed 10656 ms
294. Verified five-dimensional pair 36 -> 38; elapsed 10656 ms
295. Verified five-dimensional pair 36 -> 40; elapsed 10688 ms
296. Verified five-dimensional pair 37 -> 5; elapsed 10688 ms
297. Verified five-dimensional pair 37 -> 23; elapsed 10688 ms
298. Verified five-dimensional pair 37 -> 33; elapsed 10688 ms
299. Verified five-dimensional pair 37 -> 39; elapsed 10703 ms
300. Verified five-dimensional pair 38 -> 24; elapsed 10703 ms
301. Verified five-dimensional pair 38 -> 40; elapsed 10735 ms
302. Direct five-dimensional relation agrees with the complete fourfold compar\
ison; elapsed 10735 ms
303. Completed: maximal actions = 7; elapsed 10797 ms
THREEFOLD_CONTAINMENT_COMPLETED
