## SLURM PROLOG ###############################################################
##    Job ID : 7017919
##  Job Name : remark-rerun
##  Nodelist : node1805
##      CPUs : 
##  Mem/Node : 16384 MB
## Directory : /oscar/home/jfu74/oscar-julia-test/remark_rerun_20261005
##   Job Started : Mon Oct  5 01:22:06 AM EDT 2026
###############################################################################
array=7017743 task=5 kind=highrank family=11
family=11 job=7017919 host=node1805.oscar.ccv.brown.edu started=2026-10-05T05:22:08Z
PASS No. 11 input: rank(S)=19, rank(T)=3, quotient=2, gluing index=60
2026-10-05T01:23:40.055 | Loading shared OSCAR search functions; Julia 1.12.4 | elapsed=0.18 s
2026-10-05T01:27:05.364 | START selected original inputs | elapsed=205.49 s
2026-10-05T01:27:05.663 | DONE selected original inputs; step=0.292 s | elapsed=205.79 s
2026-10-05T01:27:05.666 | No. 11: prescribed T action of order 2; gluing index 60; preparing O(S) | elapsed=205.79 s
2026-10-05T01:27:05.668 | START discriminant_group(S) | elapsed=205.8 s
2026-10-05T01:27:05.672 | DONE discriminant_group(S); step=0.002 s | elapsed=205.8 s
2026-10-05T01:27:05.674 | START orthogonal_group(S) | elapsed=205.8 s
2026-10-05T01:27:13.944 | DONE orthogonal_group(S); step=8.269 s | elapsed=214.07 s
2026-10-05T01:27:13.947 | START discriminant_representation(S,O(S)) | elapsed=214.08 s
2026-10-05T01:27:30.066 | DONE discriminant_representation(S,O(S)); step=16.115 s | elapsed=230.19 s
2026-10-05T01:27:30.070 | START discriminant image | elapsed=230.2 s
2026-10-05T01:27:32.437 | DONE discriminant image; step=2.366 s | elapsed=232.57 s
2026-10-05T01:27:32.439 | START stable kernel order | elapsed=232.57 s
2026-10-05T01:27:32.446 | DONE stable kernel order; step=0.003 s | elapsed=232.57 s
2026-10-05T01:27:32.447 | START cache O(S) and stable-kernel matrices | elapsed=232.58 s
2026-10-05T01:27:33.230 | DONE cache O(S) and stable-kernel matrices; step=0.781 s | elapsed=233.36 s
2026-10-05T01:27:33.232 | START lattice_data_for_T_action | elapsed=233.36 s
2026-10-05T01:28:36.688 | DONE lattice_data_for_T_action; step=63.455 s | elapsed=296.82 s
2026-10-05T01:28:36.693 | Prescribed-action search returned 1 ambient witnesses | elapsed=296.82 s
2026-10-05T01:28:37.686 | START output 1 cached full-group check | elapsed=297.81 s
2026-10-05T01:28:38.550 | DONE output 1 cached full-group check; step=0.86 s | elapsed=298.68 s
2026-10-05T01:28:40 | START save and reload sidecar | elapsed=300.13 s
2026-10-05T01:29:14.449 | DONE save and reload sidecar; step=34.445 s | elapsed=334.58 s
2026-10-05T01:29:14.454 | PASS No. 11: saved 1 ambient witnesses; full group order 720 | elapsed=334.58 s
No. 11 output 1: checking embedded action and roots
PASS No. 11 output 1: kernel 360, full group 720, gluing 60, dimension 1
PASS No. 11: 1 saved outputs; current source hashes matched; sidecar_sha256=d09c5c47992a138da844b882364c4b8b3a70f4350723ffcec6491cdbcda10597
family=11 verified=2026-10-05T05:31:23Z output=/oscar/home/jfu74/oscar-julia-test/remark_rerun_20261005/results/highrank/job_7017919/family_011.mrdi
