LARGE_TARGET_PREPARE layer=6 family=5
LARGE_TARGET_PREPARED family=5 cpu_ms=812
LARGE_TARGET_START layer=6 family=5 candidates=125 frontier=33
LARGE_PAIR_START source=10 target=5 classified=0/125
  subgroup classes: started
  subgroup classes: completed; count=43; cpu_ms=907
  isomorphic subgroup classes=1; cpu_ms=125
  source automorphisms=1440; cpu_ms=78
LARGE_PAIR_DONE source=10 target=5 status=embedded method=subgroup_classes_full_aut reason=found cpu_ms=2000
LARGE_PAIR_START source=11 target=5 classified=14/125
LARGE_PAIR_DONE source=11 target=5 status=no_embedding method=filter reason=element_order_multiset cpu_ms=375
LARGE_PAIR_START source=15 target=5 classified=15/125
LARGE_PAIR_DONE source=15 target=5 status=no_embedding method=filter reason=element_order_multiset cpu_ms=235
LARGE_PAIR_START source=16 target=5 classified=16/125
LARGE_PAIR_DONE source=16 target=5 status=no_embedding method=filter reason=element_order_multiset cpu_ms=328
LARGE_PAIR_START source=17 target=5 classified=17/125
  isomorphic subgroup classes=1; cpu_ms=15
  source automorphisms=432; cpu_ms=235
LARGE_PAIR_DONE source=17 target=5 status=embedded method=subgroup_classes_full_aut reason=found cpu_ms=938
LARGE_TARGET_PROGRESS layer=6 family=5 direct=5 classified=19/125
LARGE_PAIR_START source=19 target=5 classified=19/125
LARGE_PAIR_DONE source=19 target=5 status=no_embedding method=filter reason=element_order_multiset cpu_ms=172
LARGE_PAIR_START source=20 target=5 classified=20/125
LARGE_PAIR_DONE source=20 target=5 status=no_embedding method=filter reason=weak_fingerprint cpu_ms=1171
LARGE_PAIR_START source=26 target=5 classified=21/125
LARGE_PAIR_DONE source=26 target=5 status=no_embedding method=filter reason=element_order_multiset cpu_ms=313
LARGE_PAIR_START source=27 target=5 classified=22/125
LARGE_PAIR_DONE source=27 target=5 status=no_embedding method=filter reason=element_order_multiset cpu_ms=281
LARGE_PAIR_START source=30 target=5 classified=23/125
LARGE_PAIR_DONE source=30 target=5 status=no_embedding method=filter reason=element_order_multiset cpu_ms=391
LARGE_TARGET_PROGRESS layer=6 family=5 direct=10 classified=24/125
LARGE_PAIR_START source=32 target=5 classified=24/125
LARGE_PAIR_DONE source=32 target=5 status=no_embedding method=filter reason=element_order_multiset cpu_ms=360
LARGE_PAIR_START source=49 target=5 classified=25/125
LARGE_PAIR_DONE source=49 target=5 status=no_embedding method=filter reason=weak_fingerprint cpu_ms=453
LARGE_PAIR_START source=50 target=5 classified=26/125
LARGE_PAIR_DONE source=50 target=5 status=no_embedding method=filter reason=weak_fingerprint cpu_ms=391
LARGE_PAIR_START source=62 target=5 classified=27/125
LARGE_PAIR_DONE source=62 target=5 status=no_embedding method=filter reason=element_order_multiset cpu_ms=328
LARGE_PAIR_START source=64 target=5 classified=28/125
LARGE_PAIR_DONE source=64 target=5 status=no_embedding method=filter reason=element_order_multiset cpu_ms=359
LARGE_TARGET_PROGRESS layer=6 family=5 direct=15 classified=29/125
LARGE_PAIR_START source=75 target=5 classified=29/125
LARGE_PAIR_DONE source=75 target=5 status=no_embedding method=filter reason=weak_fingerprint cpu_ms=422
LARGE_PAIR_START source=76 target=5 classified=30/125
LARGE_PAIR_DONE source=76 target=5 status=no_embedding method=filter reason=weak_fingerprint cpu_ms=4390
LARGE_PAIR_START source=81 target=5 classified=31/125
LARGE_PAIR_DONE source=81 target=5 status=no_embedding method=filter reason=weak_fingerprint cpu_ms=406
LARGE_PAIR_START source=82 target=5 classified=32/125
LARGE_PAIR_DONE source=82 target=5 status=no_embedding method=filter reason=weak_fingerprint cpu_ms=1063
LARGE_PAIR_START source=87 target=5 classified=33/125
LARGE_PAIR_DONE source=87 target=5 status=no_embedding method=filter reason=weak_fingerprint cpu_ms=250
LARGE_TARGET_PROGRESS layer=6 family=5 direct=20 classified=34/125
LARGE_PAIR_START source=92 target=5 classified=34/125
LARGE_PAIR_DONE source=92 target=5 status=no_embedding method=filter reason=weak_fingerprint cpu_ms=297
LARGE_PAIR_START source=93 target=5 classified=35/125
LARGE_PAIR_DONE source=93 target=5 status=no_embedding method=filter reason=weak_fingerprint cpu_ms=3828
LARGE_PAIR_START source=94 target=5 classified=36/125
LARGE_PAIR_DONE source=94 target=5 status=no_embedding method=filter reason=weak_fingerprint cpu_ms=594
LARGE_PAIR_START source=95 target=5 classified=37/125
LARGE_PAIR_DONE source=95 target=5 status=no_embedding method=filter reason=weak_fingerprint cpu_ms=516
LARGE_PAIR_START source=104 target=5 classified=38/125
LARGE_PAIR_DONE source=104 target=5 status=no_embedding method=filter reason=weak_fingerprint cpu_ms=203
LARGE_TARGET_PROGRESS layer=6 family=5 direct=25 classified=39/125
LARGE_PAIR_START source=105 target=5 classified=39/125
LARGE_PAIR_DONE source=105 target=5 status=no_embedding method=filter reason=exponent cpu_ms=1813
LARGE_PAIR_START source=114 target=5 classified=40/125
LARGE_PAIR_DONE source=114 target=5 status=no_embedding method=filter reason=exponent cpu_ms=1610
LARGE_PAIR_START source=127 target=5 classified=41/125
LARGE_PAIR_DONE source=127 target=5 status=no_embedding method=filter reason=weak_fingerprint cpu_ms=250
LARGE_PAIR_START source=131 target=5 classified=42/125
LARGE_PAIR_DONE source=131 target=5 status=no_embedding method=filter reason=weak_fingerprint cpu_ms=594
LARGE_PAIR_START source=151 target=5 classified=43/125
LARGE_PAIR_DONE source=151 target=5 status=no_embedding method=filter reason=exponent cpu_ms=87828
LARGE_TARGET_PROGRESS layer=6 family=5 direct=30 classified=44/125
LARGE_PAIR_START source=152 target=5 classified=44/125
LARGE_PAIR_DONE source=152 target=5 status=no_embedding method=filter reason=exponent cpu_ms=105797
LARGE_PAIR_START source=153 target=5 classified=45/125
LARGE_PAIR_DONE source=153 target=5 status=no_embedding method=filter reason=weak_fingerprint cpu_ms=3344
LARGE_PAIR_START source=154 target=5 classified=46/125
LARGE_PAIR_DONE source=154 target=5 status=no_embedding method=filter reason=weak_fingerprint cpu_ms=6438
LARGE_PAIR_START source=31 target=5 classified=47/125
LARGE_PAIR_DONE source=31 target=5 status=no_embedding method=filter reason=element_order_multiset cpu_ms=265
LARGE_PAIR_START source=34 target=5 classified=48/125
LARGE_PAIR_DONE source=34 target=5 status=no_embedding method=filter reason=element_order_multiset cpu_ms=266
LARGE_TARGET_PROGRESS layer=6 family=5 direct=35 classified=49/125
LARGE_PAIR_START source=46 target=5 classified=49/125
LARGE_PAIR_DONE source=46 target=5 status=no_embedding method=filter reason=weak_fingerprint cpu_ms=187
LARGE_PAIR_START source=47 target=5 classified=50/125
LARGE_PAIR_DONE source=47 target=5 status=no_embedding method=filter reason=weak_fingerprint cpu_ms=266
LARGE_PAIR_START source=55 target=5 classified=51/125
LARGE_PAIR_DONE source=55 target=5 status=no_embedding method=filter reason=weak_fingerprint cpu_ms=172
LARGE_PAIR_START source=66 target=5 classified=52/125
LARGE_PAIR_DONE source=66 target=5 status=no_embedding method=filter reason=weak_fingerprint cpu_ms=344
LARGE_PAIR_START source=68 target=5 classified=53/125
LARGE_PAIR_DONE source=68 target=5 status=no_embedding method=filter reason=weak_fingerprint cpu_ms=203
LARGE_TARGET_PROGRESS layer=6 family=5 direct=40 classified=54/125
LARGE_PAIR_START source=74 target=5 classified=54/125
LARGE_PAIR_DONE source=74 target=5 status=no_embedding method=filter reason=weak_fingerprint cpu_ms=328
LARGE_PAIR_START source=78 target=5 classified=55/125
LARGE_PAIR_DONE source=78 target=5 status=no_embedding method=filter reason=weak_fingerprint cpu_ms=344
LARGE_PAIR_START source=84 target=5 classified=56/125
LARGE_PAIR_DONE source=84 target=5 status=no_embedding method=filter reason=weak_fingerprint cpu_ms=344
LARGE_PAIR_START source=88 target=5 classified=57/125
LARGE_PAIR_DONE source=88 target=5 status=no_embedding method=filter reason=weak_fingerprint cpu_ms=172
LARGE_PAIR_START source=98 target=5 classified=58/125
LARGE_PAIR_DONE source=98 target=5 status=no_embedding method=filter reason=weak_fingerprint cpu_ms=172
LARGE_TARGET_PROGRESS layer=6 family=5 direct=45 classified=59/125
LARGE_PAIR_START source=99 target=5 classified=59/125
LARGE_PAIR_DONE source=99 target=5 status=no_embedding method=filter reason=weak_fingerprint cpu_ms=109
LARGE_PAIR_START source=100 target=5 classified=60/125
LARGE_PAIR_DONE source=100 target=5 status=no_embedding method=filter reason=weak_fingerprint cpu_ms=250
LARGE_PAIR_START source=107 target=5 classified=61/125
LARGE_PAIR_DONE source=107 target=5 status=no_embedding method=filter reason=weak_fingerprint cpu_ms=140
LARGE_PAIR_START source=109 target=5 classified=62/125
LARGE_PAIR_DONE source=109 target=5 status=no_embedding method=filter reason=weak_fingerprint cpu_ms=157
LARGE_PAIR_START source=115 target=5 classified=63/125
LARGE_PAIR_DONE source=115 target=5 status=no_embedding method=filter reason=weak_fingerprint cpu_ms=140
LARGE_TARGET_PROGRESS layer=6 family=5 direct=50 classified=64/125
LARGE_PAIR_START source=120 target=5 classified=64/125
LARGE_PAIR_DONE source=120 target=5 status=no_embedding method=filter reason=weak_fingerprint cpu_ms=140
LARGE_PAIR_START source=121 target=5 classified=65/125
LARGE_PAIR_DONE source=121 target=5 status=no_embedding method=filter reason=weak_fingerprint cpu_ms=188
LARGE_PAIR_START source=122 target=5 classified=66/125
LARGE_PAIR_DONE source=122 target=5 status=no_embedding method=filter reason=weak_fingerprint cpu_ms=125
LARGE_PAIR_START source=133 target=5 classified=67/125
LARGE_PAIR_DONE source=133 target=5 status=no_embedding method=filter reason=weak_fingerprint cpu_ms=78
LARGE_PAIR_START source=134 target=5 classified=68/125
LARGE_PAIR_DONE source=134 target=5 status=no_embedding method=filter reason=weak_fingerprint cpu_ms=93
LARGE_TARGET_PROGRESS layer=6 family=5 direct=55 classified=69/125
LARGE_PAIR_START source=42 target=5 classified=69/125
  isomorphic subgroup classes=1; cpu_ms=15
  source automorphisms=40; cpu_ms=47
LARGE_PAIR_DONE source=42 target=5 status=embedded method=subgroup_classes_full_aut reason=found cpu_ms=407
LARGE_PAIR_START source=58 target=5 classified=70/125
LARGE_PAIR_DONE source=58 target=5 status=no_embedding method=filter reason=weak_fingerprint cpu_ms=235
LARGE_PAIR_START source=63 target=5 classified=71/125
LARGE_PAIR_DONE source=63 target=5 status=no_embedding method=filter reason=weak_fingerprint cpu_ms=250
LARGE_PAIR_START source=71 target=5 classified=72/125
LARGE_PAIR_DONE source=71 target=5 status=no_embedding method=filter reason=element_order_multiset cpu_ms=3063
LARGE_PAIR_START source=35 target=5 classified=73/125
LARGE_PAIR_DONE source=35 target=5 status=no_embedding method=filter reason=element_order_multiset cpu_ms=187
LARGE_TARGET_PROGRESS layer=6 family=5 direct=60 classified=74/125
LARGE_PAIR_START source=37 target=5 classified=74/125
LARGE_PAIR_DONE source=37 target=5 status=no_embedding method=filter reason=element_order_multiset cpu_ms=203
LARGE_PAIR_START source=60 target=5 classified=75/125
LARGE_PAIR_DONE source=60 target=5 status=no_embedding method=filter reason=weak_fingerprint cpu_ms=282
LARGE_PAIR_START source=85 target=5 classified=76/125
LARGE_PAIR_DONE source=85 target=5 status=no_embedding method=filter reason=weak_fingerprint cpu_ms=172
LARGE_PAIR_START source=108 target=5 classified=77/125
LARGE_PAIR_DONE source=108 target=5 status=no_embedding method=filter reason=weak_fingerprint cpu_ms=125
LARGE_PAIR_START source=43 target=5 classified=78/125
  isomorphic subgroup classes=1; cpu_ms=16
  source automorphisms=32; cpu_ms=15
LARGE_PAIR_DONE source=43 target=5 status=embedded method=subgroup_classes_full_aut reason=found cpu_ms=5500
LARGE_TARGET_PROGRESS layer=6 family=5 direct=65 classified=79/125
LARGE_PAIR_START source=25 target=5 classified=79/125
LARGE_PAIR_DONE source=25 target=5 status=no_embedding method=filter reason=weak_fingerprint cpu_ms=235
LARGE_PAIR_START source=53 target=5 classified=80/125
LARGE_PAIR_DONE source=53 target=5 status=no_embedding method=filter reason=weak_fingerprint cpu_ms=297
LARGE_PAIR_START source=59 target=5 classified=81/125
LARGE_PAIR_DONE source=59 target=5 status=no_embedding method=filter reason=weak_fingerprint cpu_ms=328
LARGE_PAIR_START source=67 target=5 classified=82/125
LARGE_PAIR_DONE source=67 target=5 status=no_embedding method=filter reason=weak_fingerprint cpu_ms=188
LARGE_PAIR_START source=72 target=5 classified=83/125
LARGE_PAIR_DONE source=72 target=5 status=no_embedding method=filter reason=weak_fingerprint cpu_ms=1250
LARGE_TARGET_PROGRESS layer=6 family=5 direct=70 classified=84/125
LARGE_PAIR_START source=86 target=5 classified=84/125
LARGE_PAIR_DONE source=86 target=5 status=no_embedding method=filter reason=weak_fingerprint cpu_ms=250
LARGE_PAIR_START source=101 target=5 classified=85/125
LARGE_PAIR_DONE source=101 target=5 status=no_embedding method=filter reason=weak_fingerprint cpu_ms=156
LARGE_PAIR_START source=102 target=5 classified=86/125
LARGE_PAIR_DONE source=102 target=5 status=no_embedding method=filter reason=weak_fingerprint cpu_ms=203
LARGE_PAIR_START source=110 target=5 classified=87/125
LARGE_PAIR_DONE source=110 target=5 status=no_embedding method=filter reason=weak_fingerprint cpu_ms=250
LARGE_PAIR_START source=123 target=5 classified=88/125
LARGE_PAIR_DONE source=123 target=5 status=no_embedding method=filter reason=weak_fingerprint cpu_ms=125
LARGE_TARGET_PROGRESS layer=6 family=5 direct=75 classified=89/125
LARGE_PAIR_START source=135 target=5 classified=89/125
LARGE_PAIR_DONE source=135 target=5 status=no_embedding method=filter reason=weak_fingerprint cpu_ms=125
LARGE_PAIR_START source=136 target=5 classified=90/125
LARGE_PAIR_DONE source=136 target=5 status=no_embedding method=filter reason=weak_fingerprint cpu_ms=94
LARGE_PAIR_START source=69 target=5 classified=91/125
LARGE_PAIR_DONE source=69 target=5 status=no_embedding method=filter reason=weak_fingerprint cpu_ms=250
LARGE_PAIR_START source=91 target=5 classified=92/125
LARGE_PAIR_DONE source=91 target=5 status=no_embedding method=filter reason=weak_fingerprint cpu_ms=250
LARGE_PAIR_START source=103 target=5 classified=93/125
LARGE_PAIR_DONE source=103 target=5 status=no_embedding method=filter reason=weak_fingerprint cpu_ms=250
LARGE_TARGET_PROGRESS layer=6 family=5 direct=80 classified=94/125
LARGE_PAIR_START source=117 target=5 classified=94/125
LARGE_PAIR_DONE source=117 target=5 status=no_embedding method=filter reason=weak_fingerprint cpu_ms=187
LARGE_PAIR_START source=125 target=5 classified=95/125
LARGE_PAIR_DONE source=125 target=5 status=no_embedding method=filter reason=weak_fingerprint cpu_ms=188
LARGE_PAIR_START source=139 target=5 classified=96/125
LARGE_PAIR_DONE source=139 target=5 status=no_embedding method=filter reason=weak_fingerprint cpu_ms=219
LARGE_PAIR_START source=141 target=5 classified=97/125
LARGE_PAIR_DONE source=141 target=5 status=no_embedding method=filter reason=weak_fingerprint cpu_ms=188
LARGE_PAIR_START source=79 target=5 classified=98/125
LARGE_PAIR_DONE source=79 target=5 status=no_embedding method=filter reason=weak_fingerprint cpu_ms=265
LARGE_TARGET_PROGRESS layer=6 family=5 direct=85 classified=99/125
LARGE_PAIR_START source=80 target=5 classified=99/125
LARGE_PAIR_DONE source=80 target=5 status=no_embedding method=filter reason=weak_fingerprint cpu_ms=359
LARGE_PAIR_START source=126 target=5 classified=100/125
LARGE_PAIR_DONE source=126 target=5 status=no_embedding method=filter reason=weak_fingerprint cpu_ms=125
LARGE_PAIR_START source=61 target=5 classified=101/125
LARGE_PAIR_DONE source=61 target=5 status=no_embedding method=filter reason=weak_fingerprint cpu_ms=281
LARGE_PAIR_START source=113 target=5 classified=102/125
LARGE_PAIR_DONE source=113 target=5 status=no_embedding method=filter reason=weak_fingerprint cpu_ms=219
LARGE_PAIR_START source=128 target=5 classified=103/125
LARGE_PAIR_DONE source=128 target=5 status=no_embedding method=filter reason=weak_fingerprint cpu_ms=266
LARGE_TARGET_PROGRESS layer=6 family=5 direct=90 classified=104/125
LARGE_PAIR_START source=142 target=5 classified=104/125
LARGE_PAIR_DONE source=142 target=5 status=no_embedding method=filter reason=weak_fingerprint cpu_ms=188
LARGE_PAIR_START source=90 target=5 classified=105/125
LARGE_PAIR_DONE source=90 target=5 status=no_embedding method=filter reason=weak_fingerprint cpu_ms=234
LARGE_PAIR_START source=116 target=5 classified=106/125
LARGE_PAIR_DONE source=116 target=5 status=no_embedding method=filter reason=weak_fingerprint cpu_ms=172
LARGE_PAIR_START source=124 target=5 classified=107/125
LARGE_PAIR_DONE source=124 target=5 status=no_embedding method=filter reason=weak_fingerprint cpu_ms=359
LARGE_PAIR_START source=137 target=5 classified=108/125
LARGE_PAIR_DONE source=137 target=5 status=no_embedding method=filter reason=weak_fingerprint cpu_ms=266
LARGE_TARGET_PROGRESS layer=6 family=5 direct=95 classified=109/125
LARGE_PAIR_START source=138 target=5 classified=109/125
LARGE_PAIR_DONE source=138 target=5 status=no_embedding method=filter reason=weak_fingerprint cpu_ms=297
LARGE_PAIR_START source=111 target=5 classified=110/125
LARGE_PAIR_DONE source=111 target=5 status=no_embedding method=filter reason=weak_fingerprint cpu_ms=187
LARGE_PAIR_START source=118 target=5 classified=111/125
LARGE_PAIR_DONE source=118 target=5 status=no_embedding method=filter reason=weak_fingerprint cpu_ms=266
LARGE_PAIR_START source=89 target=5 classified=112/125
LARGE_PAIR_DONE source=89 target=5 status=no_embedding method=filter reason=weak_fingerprint cpu_ms=500
LARGE_PAIR_START source=129 target=5 classified=113/125
LARGE_PAIR_DONE source=129 target=5 status=no_embedding method=filter reason=weak_fingerprint cpu_ms=3219
LARGE_TARGET_PROGRESS layer=6 family=5 direct=100 classified=114/125
LARGE_PAIR_START source=144 target=5 classified=114/125
LARGE_PAIR_DONE source=144 target=5 status=no_embedding method=filter reason=weak_fingerprint cpu_ms=3437
LARGE_PAIR_START source=145 target=5 classified=115/125
LARGE_PAIR_DONE source=145 target=5 status=no_embedding method=filter reason=weak_fingerprint cpu_ms=2360
LARGE_PAIR_START source=147 target=5 classified=116/125
LARGE_PAIR_DONE source=147 target=5 status=no_embedding method=filter reason=weak_fingerprint cpu_ms=562
LARGE_PAIR_START source=130 target=5 classified=117/125
LARGE_PAIR_DONE source=130 target=5 status=no_embedding method=filter reason=weak_fingerprint cpu_ms=422
LARGE_PAIR_START source=148 target=5 classified=118/125
LARGE_PAIR_DONE source=148 target=5 status=no_embedding method=filter reason=weak_fingerprint cpu_ms=422
LARGE_TARGET_PROGRESS layer=6 family=5 direct=105 classified=119/125
LARGE_PAIR_START source=149 target=5 classified=119/125
LARGE_PAIR_DONE source=149 target=5 status=no_embedding method=filter reason=weak_fingerprint cpu_ms=594
LARGE_PAIR_START source=140 target=5 classified=120/125
LARGE_PAIR_DONE source=140 target=5 status=no_embedding method=filter reason=exponent cpu_ms=515
LARGE_PAIR_START source=143 target=5 classified=121/125
LARGE_PAIR_DONE source=143 target=5 status=no_embedding method=filter reason=exponent cpu_ms=1469
LARGE_PAIR_START source=112 target=5 classified=122/125
LARGE_PAIR_DONE source=112 target=5 status=no_embedding method=filter reason=exponent cpu_ms=953
LARGE_PAIR_START source=150 target=5 classified=123/125
LARGE_PAIR_DONE source=150 target=5 status=no_embedding method=filter reason=weak_fingerprint cpu_ms=875
LARGE_TARGET_PROGRESS layer=6 family=5 direct=110 classified=124/125
LARGE_PAIR_START source=146 target=5 classified=124/125
LARGE_PAIR_DONE source=146 target=5 status=no_embedding method=filter reason=weak_fingerprint cpu_ms=2438
LARGE_TARGET_DONE layer=6 family=5 candidates=125 direct=111 inferred=14 embedded=18 no_embedding=107 cpu_ms=271078 undecided=0 coverage=complete
