LARGE_TARGET_PREPARE layer=11 family=3
LARGE_TARGET_PREPARED family=3 cpu_ms=234
LARGE_TARGET_START layer=11 family=3 candidates=128 frontier=35
LARGE_PAIR_START source=10 target=3 classified=0/128
  subgroup classes: started
  subgroup classes: completed; count=219; cpu_ms=2484
  isomorphic subgroup classes=0; cpu_ms=0
LARGE_PAIR_DONE source=10 target=3 status=no_embedding method=subgroup_classes_full_aut reason=no_abstract_subgroup cpu_ms=2968
LARGE_PAIR_START source=11 target=3 classified=1/128
LARGE_PAIR_DONE source=11 target=3 status=embedded method=literal_matrix_subgroup reason=literal_matrix_subgroup cpu_ms=203
LARGE_PAIR_START source=12 target=3 classified=35/128
LARGE_PAIR_DONE source=12 target=3 status=embedded method=literal_matrix_subgroup reason=literal_matrix_subgroup cpu_ms=312
LARGE_PAIR_START source=15 target=3 classified=37/128
LARGE_PAIR_DONE source=15 target=3 status=no_embedding method=filter reason=weak_fingerprint cpu_ms=203
LARGE_PAIR_START source=16 target=3 classified=38/128
  isomorphic subgroup classes=1; cpu_ms=2063
  source automorphisms=480; cpu_ms=0
LARGE_PAIR_DONE source=16 target=3 status=embedded method=subgroup_classes_full_aut reason=found cpu_ms=2484
LARGE_TARGET_PROGRESS layer=11 family=3 direct=5 classified=42/128
LARGE_PAIR_START source=17 target=3 classified=42/128
  isomorphic subgroup classes=0; cpu_ms=15
LARGE_PAIR_DONE source=17 target=3 status=no_embedding method=subgroup_classes_full_aut reason=no_abstract_subgroup cpu_ms=453
LARGE_PAIR_START source=19 target=3 classified=43/128
LARGE_PAIR_DONE source=19 target=3 status=no_embedding method=filter reason=weak_fingerprint cpu_ms=157
LARGE_PAIR_START source=20 target=3 classified=44/128
LARGE_PAIR_DONE source=20 target=3 status=no_embedding method=filter reason=exponent cpu_ms=1032
LARGE_PAIR_START source=26 target=3 classified=45/128
LARGE_PAIR_DONE source=26 target=3 status=no_embedding method=filter reason=weak_fingerprint cpu_ms=281
LARGE_PAIR_START source=27 target=3 classified=46/128
  isomorphic subgroup classes=1; cpu_ms=46
  source automorphisms=288; cpu_ms=188
LARGE_PAIR_DONE source=27 target=3 status=embedded method=subgroup_classes_full_aut reason=found cpu_ms=563
LARGE_TARGET_PROGRESS layer=11 family=3 direct=10 classified=47/128
LARGE_PAIR_START source=30 target=3 classified=47/128
LARGE_PAIR_DONE source=30 target=3 status=no_embedding method=filter reason=weak_fingerprint cpu_ms=328
LARGE_PAIR_START source=32 target=3 classified=48/128
LARGE_PAIR_DONE source=32 target=3 status=no_embedding method=filter reason=weak_fingerprint cpu_ms=406
LARGE_PAIR_START source=40 target=3 classified=49/128
  isomorphic subgroup classes=1; cpu_ms=16
  source automorphisms=252; cpu_ms=46
LARGE_PAIR_DONE source=40 target=3 status=embedded method=subgroup_classes_full_aut reason=found cpu_ms=14563
LARGE_PAIR_START source=49 target=3 classified=50/128
LARGE_PAIR_DONE source=49 target=3 status=no_embedding method=filter reason=weak_fingerprint cpu_ms=422
LARGE_PAIR_START source=50 target=3 classified=51/128
LARGE_PAIR_DONE source=50 target=3 status=no_embedding method=filter reason=weak_fingerprint cpu_ms=468
LARGE_TARGET_PROGRESS layer=11 family=3 direct=15 classified=52/128
LARGE_PAIR_START source=62 target=3 classified=52/128
LARGE_PAIR_DONE source=62 target=3 status=no_embedding method=filter reason=weak_fingerprint cpu_ms=250
LARGE_PAIR_START source=64 target=3 classified=53/128
LARGE_PAIR_DONE source=64 target=3 status=no_embedding method=filter reason=weak_fingerprint cpu_ms=312
LARGE_PAIR_START source=75 target=3 classified=54/128
LARGE_PAIR_DONE source=75 target=3 status=no_embedding method=filter reason=weak_fingerprint cpu_ms=312
LARGE_PAIR_START source=76 target=3 classified=55/128
LARGE_PAIR_DONE source=76 target=3 status=no_embedding method=filter reason=exponent cpu_ms=2125
LARGE_PAIR_START source=81 target=3 classified=56/128
LARGE_PAIR_DONE source=81 target=3 status=no_embedding method=filter reason=weak_fingerprint cpu_ms=422
LARGE_TARGET_PROGRESS layer=11 family=3 direct=20 classified=57/128
LARGE_PAIR_START source=82 target=3 classified=57/128
LARGE_PAIR_DONE source=82 target=3 status=no_embedding method=filter reason=exponent cpu_ms=562
LARGE_PAIR_START source=87 target=3 classified=58/128
LARGE_PAIR_DONE source=87 target=3 status=no_embedding method=filter reason=weak_fingerprint cpu_ms=266
LARGE_PAIR_START source=92 target=3 classified=59/128
LARGE_PAIR_DONE source=92 target=3 status=no_embedding method=filter reason=weak_fingerprint cpu_ms=297
LARGE_PAIR_START source=93 target=3 classified=60/128
LARGE_PAIR_DONE source=93 target=3 status=no_embedding method=filter reason=exponent cpu_ms=9765
LARGE_PAIR_START source=94 target=3 classified=61/128
LARGE_PAIR_DONE source=94 target=3 status=no_embedding method=filter reason=weak_fingerprint cpu_ms=563
LARGE_TARGET_PROGRESS layer=11 family=3 direct=25 classified=62/128
LARGE_PAIR_START source=95 target=3 classified=62/128
LARGE_PAIR_DONE source=95 target=3 status=no_embedding method=filter reason=weak_fingerprint cpu_ms=531
LARGE_PAIR_START source=104 target=3 classified=63/128
LARGE_PAIR_DONE source=104 target=3 status=no_embedding method=filter reason=weak_fingerprint cpu_ms=219
LARGE_PAIR_START source=105 target=3 classified=64/128
LARGE_PAIR_DONE source=105 target=3 status=no_embedding method=filter reason=exponent cpu_ms=1250
LARGE_PAIR_START source=114 target=3 classified=65/128
LARGE_PAIR_DONE source=114 target=3 status=no_embedding method=filter reason=exponent cpu_ms=2485
LARGE_PAIR_START source=127 target=3 classified=66/128
LARGE_PAIR_DONE source=127 target=3 status=no_embedding method=filter reason=weak_fingerprint cpu_ms=218
LARGE_TARGET_PROGRESS layer=11 family=3 direct=30 classified=67/128
LARGE_PAIR_START source=131 target=3 classified=67/128
LARGE_PAIR_DONE source=131 target=3 status=no_embedding method=filter reason=weak_fingerprint cpu_ms=516
LARGE_PAIR_START source=151 target=3 classified=68/128
LARGE_PAIR_DONE source=151 target=3 status=no_embedding method=filter reason=exponent cpu_ms=87562
LARGE_PAIR_START source=152 target=3 classified=69/128
LARGE_PAIR_DONE source=152 target=3 status=no_embedding method=filter reason=exponent cpu_ms=186015
LARGE_PAIR_START source=153 target=3 classified=70/128
LARGE_PAIR_DONE source=153 target=3 status=no_embedding method=filter reason=exponent cpu_ms=7532
LARGE_PAIR_START source=154 target=3 classified=71/128
LARGE_PAIR_DONE source=154 target=3 status=no_embedding method=filter reason=exponent cpu_ms=9421
LARGE_TARGET_PROGRESS layer=11 family=3 direct=35 classified=72/128
LARGE_PAIR_START source=33 target=3 classified=72/128
  isomorphic subgroup classes=0; cpu_ms=0
LARGE_PAIR_DONE source=33 target=3 status=no_embedding method=subgroup_classes_full_aut reason=no_abstract_subgroup cpu_ms=422
LARGE_PAIR_START source=52 target=3 classified=73/128
  isomorphic subgroup classes=0; cpu_ms=0
LARGE_PAIR_DONE source=52 target=3 status=no_embedding method=subgroup_classes_full_aut reason=no_abstract_subgroup cpu_ms=281
LARGE_PAIR_START source=58 target=3 classified=74/128
LARGE_PAIR_DONE source=58 target=3 status=no_embedding method=filter reason=weak_fingerprint cpu_ms=250
LARGE_PAIR_START source=48 target=3 classified=75/128
  isomorphic subgroup classes=0; cpu_ms=0
LARGE_PAIR_DONE source=48 target=3 status=no_embedding method=subgroup_classes_full_aut reason=no_abstract_subgroup cpu_ms=375
LARGE_PAIR_START source=35 target=3 classified=76/128
LARGE_PAIR_DONE source=35 target=3 status=no_embedding method=filter reason=weak_fingerprint cpu_ms=219
LARGE_TARGET_PROGRESS layer=11 family=3 direct=40 classified=77/128
LARGE_PAIR_START source=37 target=3 classified=77/128
LARGE_PAIR_DONE source=37 target=3 status=no_embedding method=filter reason=weak_fingerprint cpu_ms=250
LARGE_PAIR_START source=60 target=3 classified=78/128
LARGE_PAIR_DONE source=60 target=3 status=no_embedding method=filter reason=weak_fingerprint cpu_ms=375
LARGE_PAIR_START source=85 target=3 classified=79/128
LARGE_PAIR_DONE source=85 target=3 status=no_embedding method=filter reason=weak_fingerprint cpu_ms=171
LARGE_PAIR_START source=108 target=3 classified=80/128
LARGE_PAIR_DONE source=108 target=3 status=no_embedding method=filter reason=weak_fingerprint cpu_ms=172
LARGE_PAIR_START source=43 target=3 classified=81/128
LARGE_PAIR_DONE source=43 target=3 status=no_embedding method=filter reason=exponent cpu_ms=3453
LARGE_TARGET_PROGRESS layer=11 family=3 direct=45 classified=82/128
LARGE_PAIR_START source=25 target=3 classified=82/128
LARGE_PAIR_DONE source=25 target=3 status=no_embedding method=filter reason=weak_fingerprint cpu_ms=265
LARGE_PAIR_START source=53 target=3 classified=83/128
  isomorphic subgroup classes=0; cpu_ms=0
LARGE_PAIR_DONE source=53 target=3 status=no_embedding method=subgroup_classes_full_aut reason=no_abstract_subgroup cpu_ms=407
LARGE_PAIR_START source=59 target=3 classified=84/128
LARGE_PAIR_DONE source=59 target=3 status=no_embedding method=filter reason=weak_fingerprint cpu_ms=250
LARGE_PAIR_START source=67 target=3 classified=85/128
LARGE_PAIR_DONE source=67 target=3 status=no_embedding method=filter reason=weak_fingerprint cpu_ms=281
LARGE_PAIR_START source=72 target=3 classified=86/128
LARGE_PAIR_DONE source=72 target=3 status=no_embedding method=filter reason=weak_fingerprint cpu_ms=2719
LARGE_TARGET_PROGRESS layer=11 family=3 direct=50 classified=87/128
LARGE_PAIR_START source=86 target=3 classified=87/128
LARGE_PAIR_DONE source=86 target=3 status=no_embedding method=filter reason=weak_fingerprint cpu_ms=203
LARGE_PAIR_START source=101 target=3 classified=88/128
LARGE_PAIR_DONE source=101 target=3 status=no_embedding method=filter reason=weak_fingerprint cpu_ms=156
LARGE_PAIR_START source=102 target=3 classified=89/128
LARGE_PAIR_DONE source=102 target=3 status=no_embedding method=filter reason=weak_fingerprint cpu_ms=172
LARGE_PAIR_START source=110 target=3 classified=90/128
LARGE_PAIR_DONE source=110 target=3 status=no_embedding method=filter reason=weak_fingerprint cpu_ms=110
LARGE_PAIR_START source=123 target=3 classified=91/128
LARGE_PAIR_DONE source=123 target=3 status=no_embedding method=filter reason=weak_fingerprint cpu_ms=172
LARGE_TARGET_PROGRESS layer=11 family=3 direct=55 classified=92/128
LARGE_PAIR_START source=135 target=3 classified=92/128
LARGE_PAIR_DONE source=135 target=3 status=no_embedding method=filter reason=weak_fingerprint cpu_ms=156
LARGE_PAIR_START source=136 target=3 classified=93/128
LARGE_PAIR_DONE source=136 target=3 status=no_embedding method=filter reason=weak_fingerprint cpu_ms=266
LARGE_PAIR_START source=69 target=3 classified=94/128
LARGE_PAIR_DONE source=69 target=3 status=no_embedding method=filter reason=weak_fingerprint cpu_ms=250
LARGE_PAIR_START source=91 target=3 classified=95/128
LARGE_PAIR_DONE source=91 target=3 status=no_embedding method=filter reason=weak_fingerprint cpu_ms=313
LARGE_PAIR_START source=103 target=3 classified=96/128
LARGE_PAIR_DONE source=103 target=3 status=no_embedding method=filter reason=weak_fingerprint cpu_ms=250
LARGE_TARGET_PROGRESS layer=11 family=3 direct=60 classified=97/128
LARGE_PAIR_START source=117 target=3 classified=97/128
LARGE_PAIR_DONE source=117 target=3 status=no_embedding method=filter reason=weak_fingerprint cpu_ms=219
LARGE_PAIR_START source=125 target=3 classified=98/128
LARGE_PAIR_DONE source=125 target=3 status=no_embedding method=filter reason=weak_fingerprint cpu_ms=125
LARGE_PAIR_START source=139 target=3 classified=99/128
LARGE_PAIR_DONE source=139 target=3 status=no_embedding method=filter reason=weak_fingerprint cpu_ms=187
LARGE_PAIR_START source=141 target=3 classified=100/128
LARGE_PAIR_DONE source=141 target=3 status=no_embedding method=filter reason=weak_fingerprint cpu_ms=188
LARGE_PAIR_START source=79 target=3 classified=101/128
LARGE_PAIR_DONE source=79 target=3 status=no_embedding method=filter reason=weak_fingerprint cpu_ms=219
LARGE_TARGET_PROGRESS layer=11 family=3 direct=65 classified=102/128
LARGE_PAIR_START source=80 target=3 classified=102/128
  isomorphic subgroup classes=6; cpu_ms=47
  source automorphisms=16; cpu_ms=15
LARGE_PAIR_DONE source=80 target=3 status=no_embedding method=subgroup_classes_full_aut reason=exhausted_subgroup_classes_and_twists cpu_ms=453
LARGE_PAIR_START source=126 target=3 classified=103/128
LARGE_PAIR_DONE source=126 target=3 status=no_embedding method=filter reason=weak_fingerprint cpu_ms=125
LARGE_PAIR_START source=61 target=3 classified=104/128
LARGE_PAIR_DONE source=61 target=3 status=no_embedding method=filter reason=weak_fingerprint cpu_ms=391
LARGE_PAIR_START source=113 target=3 classified=105/128
LARGE_PAIR_DONE source=113 target=3 status=no_embedding method=filter reason=weak_fingerprint cpu_ms=203
LARGE_PAIR_START source=128 target=3 classified=106/128
LARGE_PAIR_DONE source=128 target=3 status=no_embedding method=filter reason=weak_fingerprint cpu_ms=234
LARGE_TARGET_PROGRESS layer=11 family=3 direct=70 classified=107/128
LARGE_PAIR_START source=142 target=3 classified=107/128
LARGE_PAIR_DONE source=142 target=3 status=no_embedding method=filter reason=weak_fingerprint cpu_ms=313
LARGE_PAIR_START source=90 target=3 classified=108/128
LARGE_PAIR_DONE source=90 target=3 status=no_embedding method=filter reason=weak_fingerprint cpu_ms=234
LARGE_PAIR_START source=116 target=3 classified=109/128
LARGE_PAIR_DONE source=116 target=3 status=no_embedding method=filter reason=weak_fingerprint cpu_ms=156
LARGE_PAIR_START source=124 target=3 classified=110/128
LARGE_PAIR_DONE source=124 target=3 status=no_embedding method=filter reason=weak_fingerprint cpu_ms=312
LARGE_PAIR_START source=137 target=3 classified=111/128
LARGE_PAIR_DONE source=137 target=3 status=no_embedding method=filter reason=weak_fingerprint cpu_ms=235
LARGE_TARGET_PROGRESS layer=11 family=3 direct=75 classified=112/128
LARGE_PAIR_START source=138 target=3 classified=112/128
LARGE_PAIR_DONE source=138 target=3 status=no_embedding method=filter reason=weak_fingerprint cpu_ms=359
LARGE_PAIR_START source=111 target=3 classified=113/128
LARGE_PAIR_DONE source=111 target=3 status=no_embedding method=filter reason=weak_fingerprint cpu_ms=110
LARGE_PAIR_START source=118 target=3 classified=114/128
LARGE_PAIR_DONE source=118 target=3 status=no_embedding method=filter reason=weak_fingerprint cpu_ms=219
LARGE_PAIR_START source=89 target=3 classified=115/128
LARGE_PAIR_DONE source=89 target=3 status=no_embedding method=filter reason=weak_fingerprint cpu_ms=406
LARGE_PAIR_START source=129 target=3 classified=116/128
LARGE_PAIR_DONE source=129 target=3 status=no_embedding method=filter reason=exponent cpu_ms=3391
LARGE_TARGET_PROGRESS layer=11 family=3 direct=80 classified=117/128
LARGE_PAIR_START source=144 target=3 classified=117/128
LARGE_PAIR_DONE source=144 target=3 status=no_embedding method=filter reason=exponent cpu_ms=3578
LARGE_PAIR_START source=145 target=3 classified=118/128
LARGE_PAIR_DONE source=145 target=3 status=no_embedding method=filter reason=exponent cpu_ms=2922
LARGE_PAIR_START source=147 target=3 classified=119/128
LARGE_PAIR_DONE source=147 target=3 status=no_embedding method=filter reason=weak_fingerprint cpu_ms=719
LARGE_PAIR_START source=130 target=3 classified=120/128
LARGE_PAIR_DONE source=130 target=3 status=no_embedding method=filter reason=weak_fingerprint cpu_ms=437
LARGE_PAIR_START source=148 target=3 classified=121/128
LARGE_PAIR_DONE source=148 target=3 status=no_embedding method=filter reason=weak_fingerprint cpu_ms=531
LARGE_TARGET_PROGRESS layer=11 family=3 direct=85 classified=122/128
LARGE_PAIR_START source=149 target=3 classified=122/128
LARGE_PAIR_DONE source=149 target=3 status=no_embedding method=filter reason=weak_fingerprint cpu_ms=703
LARGE_PAIR_START source=140 target=3 classified=123/128
LARGE_PAIR_DONE source=140 target=3 status=no_embedding method=filter reason=exponent cpu_ms=891
LARGE_PAIR_START source=143 target=3 classified=124/128
LARGE_PAIR_DONE source=143 target=3 status=no_embedding method=filter reason=exponent cpu_ms=1469
LARGE_PAIR_START source=112 target=3 classified=125/128
LARGE_PAIR_DONE source=112 target=3 status=no_embedding method=filter reason=exponent cpu_ms=625
LARGE_PAIR_START source=150 target=3 classified=126/128
LARGE_PAIR_DONE source=150 target=3 status=no_embedding method=filter reason=weak_fingerprint cpu_ms=656
LARGE_TARGET_PROGRESS layer=11 family=3 direct=90 classified=127/128
LARGE_PAIR_START source=146 target=3 classified=127/128
LARGE_PAIR_DONE source=146 target=3 status=no_embedding method=filter reason=exponent cpu_ms=4297
LARGE_TARGET_DONE layer=11 family=3 candidates=128 direct=91 inferred=37 embedded=42 no_embedding=86 cpu_ms=373672 undecided=0 coverage=complete
