2026-10-05T01:23:05.567 | Loading shared OSCAR search functions; Julia 1.12.4 | elapsed=0.18 s
2026-10-05T01:26:26.529 | START selected original inputs | elapsed=201.14 s
2026-10-05T01:26:26.817 | DONE selected original inputs; step=0.284 s | elapsed=201.43 s
2026-10-05T01:26:26.822 | No. 8: prescribed T action of order 6; gluing index 75; preparing O(S) | elapsed=201.44 s
2026-10-05T01:26:26.824 | START discriminant_group(S) | elapsed=201.44 s
2026-10-05T01:26:26.828 | DONE discriminant_group(S); step=0.002 s | elapsed=201.44 s
2026-10-05T01:26:26.830 | START orthogonal_group(S) | elapsed=201.44 s
2026-10-05T01:26:33.002 | DONE orthogonal_group(S); step=6.171 s | elapsed=207.62 s
2026-10-05T01:26:33.012 | START discriminant_representation(S,O(S)) | elapsed=207.63 s
2026-10-05T01:26:50.883 | DONE discriminant_representation(S,O(S)); step=17.87 s | elapsed=225.5 s
2026-10-05T01:26:50.887 | START discriminant image | elapsed=225.5 s
2026-10-05T01:26:53.586 | DONE discriminant image; step=2.696 s | elapsed=228.2 s
2026-10-05T01:26:53.588 | START stable kernel order | elapsed=228.2 s
2026-10-05T01:26:53.592 | DONE stable kernel order; step=0.003 s | elapsed=228.21 s
2026-10-05T01:26:53.594 | START cache O(S) and stable-kernel matrices | elapsed=228.21 s
2026-10-05T01:26:54.361 | DONE cache O(S) and stable-kernel matrices; step=0.765 s | elapsed=228.98 s
2026-10-05T01:26:54.363 | START lattice_data_for_T_action | elapsed=228.98 s
2026-10-05T01:27:55.351 | DONE lattice_data_for_T_action; step=60.986 s | elapsed=289.97 s
2026-10-05T01:27:55.357 | Prescribed-action search returned 1 ambient witnesses | elapsed=289.97 s
2026-10-05T01:27:56.445 | START output 1 cached full-group check | elapsed=291.06 s
2026-10-05T01:27:57.037 | DONE output 1 cached full-group check; step=0.59 s | elapsed=291.65 s
2026-10-05T01:27:58.406 | START save and reload sidecar | elapsed=293.02 s
2026-10-05T01:28:30.691 | DONE save and reload sidecar; step=32.283 s | elapsed=325.31 s
2026-10-05T01:28:30.695 | PASS No. 8: saved 1 ambient witnesses; full group order 2160 | elapsed=325.31 s
