2026-10-05T01:23:40.055 | Loading shared OSCAR search functions; Julia 1.12.4 | elapsed=0.18 s
2026-10-05T01:27:05.364 | START selected original inputs | elapsed=205.49 s
2026-10-05T01:27:05.663 | DONE selected original inputs; step=0.292 s | elapsed=205.79 s
2026-10-05T01:27:05.666 | No. 11: prescribed T action of order 2; gluing index 60; preparing O(S) | elapsed=205.79 s
2026-10-05T01:27:05.668 | START discriminant_group(S) | elapsed=205.8 s
2026-10-05T01:27:05.672 | DONE discriminant_group(S); step=0.002 s | elapsed=205.8 s
2026-10-05T01:27:05.674 | START orthogonal_group(S) | elapsed=205.8 s
2026-10-05T01:27:13.944 | DONE orthogonal_group(S); step=8.269 s | elapsed=214.07 s
2026-10-05T01:27:13.947 | START discriminant_representation(S,O(S)) | elapsed=214.08 s
2026-10-05T01:27:30.066 | DONE discriminant_representation(S,O(S)); step=16.115 s | elapsed=230.19 s
2026-10-05T01:27:30.070 | START discriminant image | elapsed=230.2 s
2026-10-05T01:27:32.437 | DONE discriminant image; step=2.366 s | elapsed=232.57 s
2026-10-05T01:27:32.439 | START stable kernel order | elapsed=232.57 s
2026-10-05T01:27:32.446 | DONE stable kernel order; step=0.003 s | elapsed=232.57 s
2026-10-05T01:27:32.447 | START cache O(S) and stable-kernel matrices | elapsed=232.58 s
2026-10-05T01:27:33.230 | DONE cache O(S) and stable-kernel matrices; step=0.781 s | elapsed=233.36 s
2026-10-05T01:27:33.232 | START lattice_data_for_T_action | elapsed=233.36 s
2026-10-05T01:28:36.688 | DONE lattice_data_for_T_action; step=63.455 s | elapsed=296.82 s
2026-10-05T01:28:36.693 | Prescribed-action search returned 1 ambient witnesses | elapsed=296.82 s
2026-10-05T01:28:37.686 | START output 1 cached full-group check | elapsed=297.81 s
2026-10-05T01:28:38.550 | DONE output 1 cached full-group check; step=0.86 s | elapsed=298.68 s
2026-10-05T01:28:40 | START save and reload sidecar | elapsed=300.13 s
2026-10-05T01:29:14.449 | DONE save and reload sidecar; step=34.445 s | elapsed=334.58 s
2026-10-05T01:29:14.454 | PASS No. 11: saved 1 ambient witnesses; full group order 720 | elapsed=334.58 s
