GeneratorOptimizationAudit := rec(
  gapVersion := "4.15.1",
  fixedGenericFullGroup := true,
  selectedFamilyNumbers := [ 26, 28, 32, 36, 38, 44, 49, 54, 56, 57, 61, 62, 
  64, 67, 69, 72, 74, 75, 79, 86, 87, 90, 91, 92, 95, 96, 103, 104, 105, 107, 
  113, 114, 116, 117, 118, 125, 127, 128, 129, 130, 131, 141, 142, 143, 147, 
  148, 149, 150, 153, 154 ],
  numberOfFamiliesChecked := 50,
  numberOfImprovements := 18,
  improvements := [ rec(
      bestGenerator := 
       [ [ -1469/1995*E(3)-943/1995*E(3)^2, 526/1995*E(3)+1052/1995*E(3)^2, 
              526/1995*E(3)+1052/1995*E(3)^2, 263/266*E(3)+263/133*E(3)^2, 
              -1052/1995*E(3)-2104/1995*E(3)^2, 0 ], 
          [ 526/1995*E(3)+1052/1995*E(3)^2, 526/1995*E(3)+1052/1995*E(3)^2, 
              -1469/1995*E(3)-943/1995*E(3)^2, 263/266*E(3)+263/133*E(3)^2, 
              -1052/1995*E(3)-2104/1995*E(3)^2, 0 ], 
          [ 526/1995*E(3)+1052/1995*E(3)^2, -1469/1995*E(3)-943/1995*E(3)^2, 
              526/1995*E(3)+1052/1995*E(3)^2, 263/266*E(3)+263/133*E(3)^2, 
              -1052/1995*E(3)-2104/1995*E(3)^2, 0 ], 
          [ -156/665*E(3)-312/665*E(3)^2, -156/665*E(3)-312/665*E(3)^2, 
              -156/665*E(3)-312/665*E(3)^2, -250/133*E(3)-367/133*E(3)^2, 
              312/665*E(3)+624/665*E(3)^2, 0 ], 
          [ -362/665*E(3)-724/665*E(3)^2, -362/665*E(3)-724/665*E(3)^2, 
              -362/665*E(3)-724/665*E(3)^2, -543/266*E(3)-543/133*E(3)^2, 
              59/665*E(3)+783/665*E(3)^2, 0 ], [ 0, 0, 0, 0, 0, 1 ] ],
      bestScore := [ 40, 26, 25, 728, 32 ],
      currentScore := [ 40, 26, 25, 729, 32 ],
      exactGroupVerified := true,
      fullIndex := 6,
      improved := true,
      number := 91,
      sourceKey := 
       "small-nonabelian-S3-PGL-36-12-index-6-dimension-3-representation-2" ),
  rec(
      bestGenerator := 
       [ 
          [ -E(12)^4+1/3*E(12)^7-2/3*E(12)^8+1/3*E(12)^11, 
              -E(12)^4+1/3*E(12)^7-2/3*E(12)^8+1/3*E(12)^11, 
              1/3*E(12)^7-2/3*E(12)^8+1/3*E(12)^11, -4/3+4/3*E(4), 
              2/3-2/3*E(4), 0 ], 
          [ -E(12)^4+1/3*E(12)^7-2/3*E(12)^8+1/3*E(12)^11, 
              1/3*E(12)^7-2/3*E(12)^8+1/3*E(12)^11, 
              -E(12)^4+1/3*E(12)^7-2/3*E(12)^8+1/3*E(12)^11, -4/3+4/3*E(4), 
              2/3-2/3*E(4), 0 ], 
          [ 1/3*E(12)^7-2/3*E(12)^8+1/3*E(12)^11, 
              -E(12)^4+1/3*E(12)^7-2/3*E(12)^8+1/3*E(12)^11, 
              -E(12)^4+1/3*E(12)^7-2/3*E(12)^8+1/3*E(12)^11, -4/3+4/3*E(4), 
              2/3-2/3*E(4), 0 ], 
          [ 1-1/3*E(4), 1-1/3*E(4), 1-1/3*E(4), -7/3+4/3*E(4), 2/3-2/3*E(4), 
              0 ], 
          [ 1+1/3*E(4), 1+1/3*E(4), 1+1/3*E(4), -8/3-4/3*E(4), 1/3+2/3*E(4), 
              0 ], [ 0, 0, 0, 0, 0, E(8)^3 ] ],
      bestScore := [ 40, 26, 26, 569, 45 ],
      currentScore := [ 40, 26, 26, 570, 45 ],
      exactGroupVerified := true,
      fullIndex := 24,
      improved := true,
      number := 96,
      sourceKey := "small-nonabelian-S3-PGL-144-69-index-24-dimension-0" ), 
  rec(
      bestGenerator := 
       [ 
          [ -443/523*E(3)-483/523*E(3)^2, -90/523*E(3)-45/523*E(3)^2, 
              -180/523*E(3)-90/523*E(3)^2, 0, 0, 0 ], 
          [ -2512/1569*E(3)-1256/1569*E(3)^2, 419/523*E(3)-52/523*E(3)^2, 
              1884/523*E(3)+942/523*E(3)^2, 0, 0, 0 ], 
          [ -32/1569*E(3)-16/1569*E(3)^2, 12/523*E(3)+6/523*E(3)^2, 
              -499/523*E(3)-511/523*E(3)^2, 0, 0, 0 ], [ 0, 0, 0, 1, 0, 0 ], 
          [ 0, 0, 0, 0, 0, 7/2 ], [ 0, 0, 0, 0, 2/7, 0 ] ],
      bestScore := [ 12, 12, 11, 254, 32 ],
      currentScore := [ 12, 12, 11, 257, 32 ],
      exactGroupVerified := true,
      fullIndex := 6,
      improved := true,
      number := 103,
      sourceKey := "small-nonabelian-C2^2-PGL-24-10-index-6-dimension-3" ), 
  rec(
      bestGenerator := 
       [ 
          [ 1117/523*E(3)+1077/523*E(3)^2, 66/523*E(3)+111/523*E(3)^2, 
              -726/523*E(3)-636/523*E(3)^2, 0, 0, 0 ], 
          [ -1824/523*E(3)-4216/1569*E(3)^2, 961/1569*E(3)-452/1569*E(3)^2, 
              6688/1569*E(3)+3862/1569*E(3)^2, 0, 0, 0 ], 
          [ 1176/523*E(3)+3544/1569*E(3)^2, 392/1569*E(3)+374/1569*E(3)^2, 
              -2743/1569*E(3)-2779/1569*E(3)^2, 0, 0, 0 ], 
          [ 0, 0, 0, 0, 0, 2/7 ], [ 0, 0, 0, 7/8, 0, 0 ], 
          [ 0, 0, 0, 0, 4, 0 ] ],
      bestScore := [ 12, 12, 12, 272, 32 ],
      currentScore := [ 12, 12, 12, 279, 30 ],
      exactGroupVerified := true,
      fullIndex := 6,
      improved := true,
      number := 104,
      sourceKey := "small-nonabelian-C2^2-PGL-24-13-index-6-dimension-2" ), 
  rec(
      bestGenerator := 
       [ [ -740/523*E(9)^2-1077/523*E(9)^5, -123/523*E(9)^2-111/523*E(9)^5, 
              183/523*E(9)^2+636/523*E(9)^5, 0, 0, 0 ], 
          [ 224/1569*E(9)^2+4216/1569*E(9)^5, 1561/1569*E(9)^2+452/1569*E(9)^5
                , 2308/1569*E(9)^2-3862/1569*E(9)^5, 0, 0, 0 ], 
          [ -1796/1569*E(9)^2-3544/1569*E(9)^5, 
              -160/1569*E(9)^2-374/1569*E(9)^5, 
              659/1569*E(9)^2+2779/1569*E(9)^5, 0, 0, 0 ], 
          [ 0, 0, 0, 0, -2/7*E(3)^2, 0 ], [ 0, 0, 0, 0, 0, 4 ], 
          [ 0, 0, 0, 7/8, 0, 0 ] ],
      bestScore := [ 12, 12, 12, 300, 34 ],
      currentScore := [ 12, 12, 12, 302, 34 ],
      exactGroupVerified := true,
      fullIndex := 6,
      improved := true,
      number := 105,
      sourceKey := 
       "small-nonabelian-C2^2-PGL-24-13-index-6-dimension-2-representation-2" 
     ), rec(
      bestGenerator := 
       [ [ -1, 0, 0, 0, 0, 0 ], [ 0, 1, 0, 0, 0, 0 ], [ 0, 0, 1, 0, 0, 0 ], 
          [ 0, 0, 0, 1, 0, 0 ], [ 0, 0, 0, 0, 1, 0 ], [ 0, 0, 0, 0, 0, E(3) ] 
         ],
      bestScore := [ 0, 6, 1, 10, 4 ],
      currentScore := [ 0, 6, 1, 12, 6 ],
      exactGroupVerified := true,
      fullIndex := 6,
      improved := true,
      number := 113,
      sourceKey := "liftable-abelian-C3-PGL-18-5-index-6-dimension-2" ), rec(
      bestGenerator := 
       [ [ 1, 0, 0, 0, 0, 0 ], [ 0, 1, 0, 0, 0, 0 ], [ 0, 0, 1, 0, 0, 0 ], 
          [ 0, 0, 0, 1, 0, 0 ], [ 0, 0, 0, 0, 0, 1 ], [ 0, 0, 0, 0, E(3), 0 ] 
         ],
      bestScore := [ 0, 6, 1, 9, 4 ],
      currentScore := [ 0, 6, 1, 11, 6 ],
      exactGroupVerified := true,
      fullIndex := 6,
      improved := true,
      number := 116,
      sourceKey := "small-nonabelian-C3-PGL-18-3-index-6-dimension-4" ), rec(
      bestGenerator := 
       [ [ 1, 0, 0, 0, 0, 0 ], [ 0, 1, 0, 0, 0, 0 ], [ 0, 0, 1, 0, 0, 0 ], 
          [ 0, 0, 0, E(3), 0, 0 ], [ 0, 0, 0, 0, -1, 0 ], 
          [ 0, 0, 0, 0, 0, 1 ] ],
      bestScore := [ 0, 6, 1, 10, 4 ],
      currentScore := [ 0, 6, 1, 12, 6 ],
      exactGroupVerified := true,
      fullIndex := 6,
      improved := true,
      number := 125,
      sourceKey := "liftable-abelian-C2-PGL-12-5-index-6-dimension-5" ), rec(
      bestGenerator := 
       [ [ 1, 0, 0, 0, 0, 0 ], [ 0, 1, 0, 0, 0, 0 ], [ 0, 0, E(3), 0, 0, 0 ], 
          [ 0, 0, 0, E(3)^2, 0, 0 ], [ 0, 0, 0, 0, -1, 0 ], 
          [ 0, 0, 0, 0, 0, E(3) ] ],
      bestScore := [ 0, 6, 3, 18, 6 ],
      currentScore := [ 0, 6, 3, 20, 6 ],
      exactGroupVerified := true,
      fullIndex := 6,
      improved := true,
      number := 128,
      sourceKey := "liftable-abelian-C2-PGL-12-5-index-6-dimension-3" ), rec(
      bestGenerator := [ [ -E(4), 0, 0, 0, 0, 0 ], [ 0, -1, 0, 0, 0, 0 ], 
          [ 0, 0, 1, 0, 0, 0 ], [ 0, 0, 0, 1, 0, 0 ], [ 0, 0, 0, 0, E(8), 0 ],
          [ 0, 0, 0, 0, 0, 1 ] ],
      bestScore := [ 0, 6, 2, 14, 5 ],
      currentScore := [ 0, 6, 2, 15, 6 ],
      exactGroupVerified := true,
      fullIndex := 8,
      improved := true,
      number := 129,
      sourceKey := "liftable-abelian-C2-PGL-16-5-index-8-dimension-2" ), rec(
      bestGenerator := 
       [ [ -1, 0, 0, 0, 0, 0 ], [ 0, 1, 0, 0, 0, 0 ], [ 0, 0, 1, 0, 0, 0 ], 
          [ 0, 0, 0, E(3), 0, 0 ], [ 0, 0, 0, 0, E(4), 0 ], 
          [ 0, 0, 0, 0, 0, 1 ] ],
      bestScore := [ 0, 6, 2, 13, 4 ],
      currentScore := [ 0, 6, 2, 17, 6 ],
      exactGroupVerified := true,
      fullIndex := 12,
      improved := true,
      number := 130,
      sourceKey := "liftable-abelian-C2-PGL-24-9-index-12-dimension-2" ), rec(
      bestGenerator := 
       [ [ -1, 0, 0, 0, 0, 0 ], [ 0, 1, 0, 0, 0, 0 ], [ 0, 0, E(3), 0, 0, 0 ],
          [ 0, 0, 0, E(3)^2, 0, 0 ], [ 0, 0, 0, 0, E(4), 0 ], 
          [ 0, 0, 0, 0, 0, E(3) ] ],
      bestScore := [ 0, 6, 4, 21, 6 ],
      currentScore := [ 0, 6, 4, 25, 7 ],
      exactGroupVerified := true,
      fullIndex := 12,
      improved := true,
      number := 131,
      sourceKey := "liftable-abelian-C2-PGL-24-9-index-12-dimension-1" ), rec(
      bestGenerator := [ [ E(4), 0, 0, 0, 0, 0 ], [ 0, -1, 0, 0, 0, 0 ], 
          [ 0, 0, 1, 0, 0, 0 ], [ 0, 0, 0, 1, 0, 0 ], [ 0, 0, 0, 0, 1, 0 ], 
          [ 0, 0, 0, 0, 0, E(3) ] ],
      bestScore := [ 0, 6, 2, 13, 4 ],
      currentScore := [ 0, 6, 2, 16, 6 ],
      exactGroupVerified := true,
      fullIndex := 12,
      improved := true,
      number := 147,
      sourceKey := "liftable-abelian-1-PGL-12-2-index-12-dimension-3" ), rec(
      bestGenerator := [ [ E(4), 0, 0, 0, 0, 0 ], [ 0, -1, 0, 0, 0, 0 ], 
          [ 0, 0, 1, 0, 0, 0 ], [ 0, 0, 0, -1, 0, 0 ], [ 0, 0, 0, 0, 1, 0 ], 
          [ 0, 0, 0, 0, 0, E(3) ] ],
      bestScore := [ 0, 6, 2, 14, 4 ],
      currentScore := [ 0, 6, 2, 17, 6 ],
      exactGroupVerified := true,
      fullIndex := 12,
      improved := true,
      number := 148,
      sourceKey := 
       "liftable-abelian-1-PGL-12-2-index-12-dimension-3-representation-2" ), 
  rec(
      bestGenerator := [ [ E(4), 0, 0, 0, 0, 0 ], [ 0, -1, 0, 0, 0, 0 ], 
          [ 0, 0, 1, 0, 0, 0 ], [ 0, 0, 0, E(3)^2, 0, 0 ], 
          [ 0, 0, 0, 0, E(3), 0 ], [ 0, 0, 0, 0, 0, E(3) ] ],
      bestScore := [ 0, 6, 4, 21, 6 ],
      currentScore := [ 0, 6, 4, 22, 6 ],
      exactGroupVerified := true,
      fullIndex := 12,
      improved := true,
      number := 149,
      sourceKey := "liftable-abelian-1-PGL-12-2-index-12-dimension-2" ), rec(
      bestGenerator := [ [ E(4), 0, 0, 0, 0, 0 ], [ 0, -1, 0, 0, 0, 0 ], 
          [ 0, 0, 1, 0, 0, 0 ], [ 0, 0, 0, -E(3), 0, 0 ], 
          [ 0, 0, 0, 0, E(3), 0 ], [ 0, 0, 0, 0, 0, E(3)^2 ] ],
      bestScore := [ 0, 6, 4, 22, 6 ],
      currentScore := [ 0, 6, 4, 23, 6 ],
      exactGroupVerified := true,
      fullIndex := 12,
      improved := true,
      number := 150,
      sourceKey := 
       "liftable-abelian-1-PGL-12-2-index-12-dimension-2-representation-2" ), 
  rec(
      bestGenerator := [ [ E(8), 0, 0, 0, 0, 0 ], [ 0, -E(4), 0, 0, 0, 0 ], 
          [ 0, 0, -1, 0, 0, 0 ], [ 0, 0, 0, 1, 0, 0 ], [ 0, 0, 0, 0, 1, 0 ], 
          [ 0, 0, 0, 0, 0, E(3) ] ],
      bestScore := [ 0, 6, 3, 17, 5 ],
      currentScore := [ 0, 6, 3, 20, 6 ],
      exactGroupVerified := true,
      fullIndex := 24,
      improved := true,
      number := 153,
      sourceKey := "liftable-abelian-1-PGL-24-2-index-24-dimension-1" ), rec(
      bestGenerator := [ [ E(8), 0, 0, 0, 0, 0 ], [ 0, -E(4), 0, 0, 0, 0 ], 
          [ 0, 0, E(4), 0, 0, 0 ], [ 0, 0, 0, -1, 0, 0 ], 
          [ 0, 0, 0, 0, 1, 0 ], [ 0, 0, 0, 0, 0, E(3) ] ],
      bestScore := [ 0, 6, 4, 20, 5 ],
      currentScore := [ 0, 6, 4, 23, 6 ],
      exactGroupVerified := true,
      fullIndex := 24,
      improved := true,
      number := 154,
      sourceKey := 
       "liftable-abelian-1-PGL-24-2-index-24-dimension-1-representation-2" ) 
 ],
  rows := [ rec(
      bestGenerator := 
       [ 
          [ -1/3*E(3)+1/3*E(3)^2, -2/3*E(3)-1/3*E(3)^2, 0, 0, 
              1/3*E(3)-1/3*E(3)^2, -1/3*E(3)-2/3*E(3)^2 ], 
          [ -1/3*E(3)-2/3*E(3)^2, 1/3*E(3)-1/3*E(3)^2, 0, 0, 
              -2/3*E(3)-1/3*E(3)^2, -1/3*E(3)+1/3*E(3)^2 ], 
          [ 0, 0, 1, 0, 0, 0 ], [ 0, 0, 0, 1, 0, 0 ], 
          [ 1/3*E(3)-1/3*E(3)^2, -1/3*E(3)-2/3*E(3)^2, 0, 0, 
              -1/3*E(3)+1/3*E(3)^2, -2/3*E(3)-1/3*E(3)^2 ], 
          [ -2/3*E(3)-1/3*E(3)^2, -1/3*E(3)+1/3*E(3)^2, 0, 0, 
              -1/3*E(3)-2/3*E(3)^2, 1/3*E(3)-1/3*E(3)^2 ] ],
      bestScore := [ 24, 18, 16, 318, 20 ],
      currentScore := [ 24, 18, 16, 318, 20 ],
      exactGroupVerified := true,
      fullIndex := 2,
      improved := false,
      number := 26,
      sourceKey := "rank-at-least-15-A_4,3-PGL-144-189-index-2-dimension-1" ),
  rec(
      bestGenerator := 
       [ [ 0, 0, 0, 1, 2/3*E(3)+1/3*E(3)^2, 2/3*E(3)+1/3*E(3)^2 ], 
          [ 0, 0, 1, 0, 2/3*E(3)+1/3*E(3)^2, 2/3*E(3)+1/3*E(3)^2 ], 
          [ 0, 1, 0, 0, 2/3*E(3)+1/3*E(3)^2, 2/3*E(3)+1/3*E(3)^2 ], 
          [ 1, 0, 0, 0, 2/3*E(3)+1/3*E(3)^2, 2/3*E(3)+1/3*E(3)^2 ], 
          [ 0, 0, 0, 0, 0, E(3) ], [ 0, 0, 0, 0, E(3), 0 ] ],
      bestScore := [ 16, 14, 10, 164, 19 ],
      currentScore := [ 16, 14, 10, 164, 19 ],
      exactGroupVerified := true,
      fullIndex := 6,
      improved := false,
      number := 28,
      sourceKey := "rank-at-least-15-A_4,3-PGL-432-745-index-6-dimension-1" ),
  rec(
      bestGenerator := 
       [ [ 0, 0, 0, 0, 1, 0 ], [ 0, 0, 0, 1, 0, 0 ], [ 0, 0, 1, 0, 0, 0 ], 
          [ 1, 0, 0, 0, 0, 0 ], [ 0, 1, 0, 0, 0, 0 ], 
          [ 2*E(3)+E(3)^2, 2*E(3)+E(3)^2, 2*E(3)+E(3)^2, 2*E(3)+E(3)^2, 
              2*E(3)+E(3)^2, E(3) ] ],
      bestScore := [ 10, 11, 6, 74, 13 ],
      currentScore := [ 10, 11, 6, 74, 13 ],
      exactGroupVerified := true,
      fullIndex := 6,
      improved := false,
      number := 32,
      sourceKey := "rank-at-least-15-A_5-PGL-360-119-index-6-dimension-1" ), 
  rec(
      bestGenerator := 
       [ [ 0, 0, 1, 0, 0, 0 ], [ 0, 1, 0, 0, 0, 0 ], [ 1, 0, 0, 0, 0, 0 ], 
          [ 0, 0, 0, -2/3*E(3)-1/3*E(3)^2, -2/3*E(3)-1/3*E(3)^2, 
              1/3*E(3)-1/3*E(3)^2 ], 
          [ 0, 0, 0, 1/3*E(3)-1/3*E(3)^2, -2/3*E(3)-1/3*E(3)^2, 
              -2/3*E(3)-1/3*E(3)^2 ], 
          [ 0, 0, 0, -2/3*E(3)-1/3*E(3)^2, 1/3*E(3)-1/3*E(3)^2, 
              -2/3*E(3)-1/3*E(3)^2 ] ],
      bestScore := [ 12, 12, 9, 180, 20 ],
      currentScore := [ 12, 12, 9, 180, 20 ],
      exactGroupVerified := true,
      fullIndex := 6,
      improved := false,
      number := 36,
      sourceKey := "rank-at-least-15-S_3,3-PGL-216-170-index-6-dimension-1" ),
  rec(
      bestGenerator := 
       [ [ -3/5*E(3)-4/5*E(3)^2, 4/5*E(3)+2/5*E(3)^2, 0, 0, 0, 0 ], 
          [ 4/5*E(3)+2/5*E(3)^2, 3/5*E(3)-1/5*E(3)^2, 0, 0, 0, 0 ], 
          [ 0, 0, 0, 0, 0, 1 ], [ 0, 0, 0, 0, 1, 0 ], [ 0, 0, 1, 0, 0, 0 ], 
          [ 0, 0, 0, 1, 0, 0 ] ],
      bestScore := [ 4, 8, 4, 81, 20 ],
      currentScore := [ 4, 8, 4, 81, 20 ],
      exactGroupVerified := true,
      fullIndex := 6,
      improved := false,
      number := 38,
      sourceKey := "rank-at-least-15-S_3,3-PGL-216-157-index-6-dimension-1" ),
  rec(
      bestGenerator := 
       [ [ 1, 0, 0, 0, 0, 0 ], [ 0, 1, 0, 0, 0, 0 ], [ 0, 0, 0, 1, 0, 0 ], 
          [ 0, 0, 1, 0, 0, 0 ], [ 0, 0, 0, 0, 0, -1 ], [ 0, 0, 0, 0, 1, 0 ] ],
      bestScore := [ 0, 6, 0, 7, 2 ],
      currentScore := [ 0, 6, 0, 7, 2 ],
      exactGroupVerified := true,
      fullIndex := 2,
      improved := false,
      number := 44,
      sourceKey := "rank-at-least-15-QD_16-PGL-32-42-index-2-dimension-1" ), 
  rec(
      bestGenerator := 
       [ [ 1, 0, 0, 0, 0, 0 ], [ 0, 1, 0, 0, 0, 0 ], [ 0, 0, 1, 0, 0, 0 ], 
          [ 0, 0, 0, 1, 0, 0 ], [ 0, 0, 0, 0, -1, 0 ], [ 0, 0, 0, 0, 0, 1 ] ],
      bestScore := [ 0, 6, 0, 7, 2 ],
      currentScore := [ 0, 6, 0, 7, 2 ],
      exactGroupVerified := true,
      fullIndex := 2,
      improved := false,
      number := 49,
      sourceKey := "rank-at-least-15-Q_8-PGL-16-13-index-2-dimension-2" ), 
  rec(
      bestGenerator := [ [ 0, 0, 1, 0, 0, 0 ], [ 0, E(3), 0, 0, 0, 0 ], 
          [ E(3), 0, 0, 0, 0, 0 ], [ 0, 0, E(3)+2*E(3)^2, 0, 0, E(3)^2 ], 
          [ 0, -2*E(3)-E(3)^2, 0, 0, 1, 0 ], 
          [ -2*E(3)-E(3)^2, 0, 0, 1, 0, 0 ] ],
      bestScore := [ 6, 9, 6, 58, 14 ],
      currentScore := [ 6, 9, 6, 58, 14 ],
      exactGroupVerified := true,
      fullIndex := 3,
      improved := false,
      number := 54,
      sourceKey := "rank-at-least-15-A_3,3-PGL-54-5-index-3-dimension-1" ), 
  rec(
      bestGenerator := 
       [ [ -2/3*E(3)-1/3*E(3)^2, -2/3*E(3)-1/3*E(3)^2, 1/3*E(3)-1/3*E(3)^2, 
              0, 0, 0 ], 
          [ -2/3*E(3)-1/3*E(3)^2, 1/3*E(3)-1/3*E(3)^2, -2/3*E(3)-1/3*E(3)^2, 
              0, 0, 0 ], 
          [ 1/3*E(3)-1/3*E(3)^2, -2/3*E(3)-1/3*E(3)^2, -2/3*E(3)-1/3*E(3)^2, 
              0, 0, 0 ], [ 0, 0, 0, 0, 0, 1 ], [ 0, 0, 0, 1, 0, 0 ], 
          [ 0, 0, 0, 0, 1, 0 ] ],
      bestScore := [ 12, 12, 9, 180, 20 ],
      currentScore := [ 12, 12, 9, 180, 20 ],
      exactGroupVerified := true,
      fullIndex := 6,
      improved := false,
      number := 56,
      sourceKey := "rank-at-least-15-A_3,3-PGL-108-38-index-6-dimension-2" ), 
  rec(
      bestGenerator := 
       [ [ 0, 0, 1, 0, 0, 0 ], [ 0, 1, 0, 0, 0, 0 ], [ 1, 0, 0, 0, 0, 0 ], 
          [ 1/3*E(3)+2/3*E(3)^2, 1/3*E(3)+2/3*E(3)^2, 1/3*E(3)+2/3*E(3)^2, 
              -2/3*E(3)-1/3*E(3)^2, 1/3*E(3)+2/3*E(3)^2, 1/3*E(3)+2/3*E(3)^2 ]
            , 
          [ 1/3*E(3)+2/3*E(3)^2, 1/3*E(3)+2/3*E(3)^2, 1/3*E(3)+2/3*E(3)^2, 
              1/3*E(3)+2/3*E(3)^2, -2/3*E(3)-1/3*E(3)^2, 1/3*E(3)+2/3*E(3)^2 ]
            , 
          [ 1/3*E(3)+2/3*E(3)^2, 1/3*E(3)+2/3*E(3)^2, 1/3*E(3)+2/3*E(3)^2, 
              1/3*E(3)+2/3*E(3)^2, 1/3*E(3)+2/3*E(3)^2, -2/3*E(3)-1/3*E(3)^2 
             ] ],
      bestScore := [ 30, 21, 18, 348, 20 ],
      currentScore := [ 30, 21, 18, 348, 20 ],
      exactGroupVerified := true,
      fullIndex := 6,
      improved := false,
      number := 57,
      sourceKey := 
       "rank-at-least-15-A_3,3-PGL-108-38-index-6-dimension-2-representation-2\
" ), rec(
      bestGenerator := 
       [ [ 0, 0, 1, 0, 0, 0 ], [ 0, 0, 0, 1, 0, 0 ], [ 1, 0, 0, 0, 0, 0 ], 
          [ 0, 1, 0, 0, 0, 0 ], [ 0, 0, 0, 0, 1, 0 ], 
          [ 0, 0, 0, 0, 2*E(3)+E(3)^2, E(3) ] ],
      bestScore := [ 2, 7, 2, 22, 13 ],
      currentScore := [ 2, 7, 2, 22, 13 ],
      exactGroupVerified := true,
      fullIndex := 3,
      improved := false,
      number := 61,
      sourceKey := "rank-at-least-15-D_12-PGL-36-12-index-3-dimension-2" ), 
  rec(
      bestGenerator := 
       [ [ 0, 0, 1, 0, 0, 0 ], [ 0, 0, 0, -1, 0, 0 ], [ 1, 0, 0, 0, 0, 0 ], 
          [ 0, 1, 0, 0, 0, 0 ], [ 0, 0, 0, 0, 1, 0 ], 
          [ 0, 0, 0, 0, 2*E(3)+E(3)^2, E(3) ] ],
      bestScore := [ 2, 7, 2, 23, 13 ],
      currentScore := [ 2, 7, 2, 23, 13 ],
      exactGroupVerified := true,
      fullIndex := 6,
      improved := false,
      number := 62,
      sourceKey := "rank-at-least-15-D_12-PGL-72-30-index-6-dimension-1" ), 
  rec(
      bestGenerator := 
       [ [ 0, 1, 0, 0, 0, 0 ], [ 1, 0, 0, 0, 0, 0 ], [ 0, 0, 1, 0, 0, 0 ], 
          [ 0, 0, 0, 1, 0, 0 ], [ 0, 0, 0, 0, 1, 0 ], [ 0, 0, 0, 0, 0, E(3) ] 
         ],
      bestScore := [ 0, 6, 1, 9, 4 ],
      currentScore := [ 0, 6, 1, 9, 4 ],
      exactGroupVerified := true,
      fullIndex := 6,
      improved := false,
      number := 64,
      sourceKey := "rank-at-least-15-D_12-PGL-72-48-index-6-dimension-2" ), 
  rec(
      bestGenerator := 
       [ [ 0, 0, 0, 1, 0, 0 ], [ 0, 0, 1, 0, 0, 0 ], [ 0, 1, 0, 0, 0, 0 ], 
          [ 1, 0, 0, 0, 0, 0 ], [ 0, 0, 0, 0, E(3), 0 ], [ 0, 0, 0, 0, 0, 1 ] 
         ],
      bestScore := [ 0, 6, 1, 9, 4 ],
      currentScore := [ 0, 6, 1, 9, 4 ],
      exactGroupVerified := true,
      fullIndex := 3,
      improved := false,
      number := 67,
      sourceKey := "rank-at-least-15-A_4-PGL-36-11-index-3-dimension-2" ), 
  rec(
      bestGenerator := 
       [ [ 0, 0, 0, 1, -5/18*E(3)-5/9*E(3)^2, 5/6*E(3)+5/3*E(3)^2 ], 
          [ 0, 0, 1, 0, -5/18*E(3)-5/9*E(3)^2, 5/6*E(3)+5/3*E(3)^2 ], 
          [ 1, 0, 0, 0, -5/18*E(3)-5/9*E(3)^2, 5/6*E(3)+5/3*E(3)^2 ], 
          [ 0, 1, 0, 0, -5/18*E(3)-5/9*E(3)^2, 5/6*E(3)+5/3*E(3)^2 ], 
          [ 0, 0, 0, 0, -5/3*E(3)-7/3*E(3)^2, 2*E(3)+4*E(3)^2 ], 
          [ 0, 0, 0, 0, -5/9*E(3)-10/9*E(3)^2, 2/3*E(3)+7/3*E(3)^2 ] ],
      bestScore := [ 20, 16, 12, 239, 21 ],
      currentScore := [ 20, 16, 12, 239, 21 ],
      exactGroupVerified := true,
      fullIndex := 6,
      improved := false,
      number := 69,
      sourceKey := "rank-at-least-15-A_4-PGL-72-42-index-6-dimension-2" ), 
  rec(
      bestGenerator := 
       [ [ 1, 0, 0, 0, 0, 0 ], [ 2*E(3)+E(3)^2, E(3), 0, 0, 0, 0 ], 
          [ 0, 0, 0, 0, 0, 1 ], [ 0, 0, 0, 0, 1, 0 ], [ 0, 0, 0, 1, 0, 0 ], 
          [ 0, 0, 1, 0, 0, 0 ] ],
      bestScore := [ 2, 7, 2, 22, 13 ],
      currentScore := [ 2, 7, 2, 22, 13 ],
      exactGroupVerified := true,
      fullIndex := 3,
      improved := false,
      number := 72,
      sourceKey := "rank-at-least-15-D_10-PGL-30-2-index-3-dimension-2" ), 
  rec(
      bestGenerator := 
       [ [ 1, 0, 0, 0, 0, 0 ], [ 0, 1, 0, 0, 0, 0 ], [ 0, 0, 1, 0, 0, 0 ], 
          [ 0, 0, 0, 1, 0, 0 ], [ 0, 0, 0, 0, 0, 1 ], [ 0, 0, 0, 0, 1, 0 ] ],
      bestScore := [ 0, 6, 0, 6, 1 ],
      currentScore := [ 0, 6, 0, 6, 1 ],
      exactGroupVerified := true,
      fullIndex := 2,
      improved := false,
      number := 74,
      sourceKey := "rank-at-least-15-D_8-PGL-16-11-index-2-dimension-4" ), 
  rec(
      bestGenerator := 
       [ [ 1, 0, 0, 0, 0, 0 ], [ 0, 1, 0, 0, 0, 0 ], [ 0, 0, 1, 0, 0, 0 ], 
          [ 0, 0, 0, 1, 0, 0 ], [ 0, 0, 0, 0, -1, 0 ], [ 0, 0, 0, 0, 0, 1 ] ],
      bestScore := [ 0, 6, 0, 7, 2 ],
      currentScore := [ 0, 6, 0, 7, 2 ],
      exactGroupVerified := true,
      fullIndex := 2,
      improved := false,
      number := 75,
      sourceKey := "rank-at-least-15-D_8-PGL-16-13-index-2-dimension-3" ), 
  rec(
      bestGenerator := 
       [ [ 1, 0, 0, 0, 0, 0 ], [ 0, 1, 0, 0, 0, 0 ], [ 0, 0, 1, 0, 0, 0 ], 
          [ 0, 0, 0, 1, 0, 0 ], [ 0, 0, 0, 0, -1, 0 ], [ 0, 0, 0, 0, 0, 1 ] ],
      bestScore := [ 0, 6, 0, 7, 2 ],
      currentScore := [ 0, 6, 0, 7, 2 ],
      exactGroupVerified := true,
      fullIndex := 2,
      improved := false,
      number := 79,
      sourceKey := "liftable-abelian-C4-PGL-8-2-index-2-dimension-4" ), rec(
      bestGenerator := 
       [ [ 0, 0, 1, 0, 0, 0 ], [ 0, 1, 0, 0, 0, 0 ], [ 1, 0, 0, 0, 0, 0 ], 
          [ 1/3*E(3)+2/3*E(3)^2, 1/3*E(3)+2/3*E(3)^2, 1/3*E(3)+2/3*E(3)^2, 
              1/3*E(3)+2/3*E(3)^2, 1/3*E(3)+2/3*E(3)^2, -2/3*E(3)-1/3*E(3)^2 ]
            , 
          [ 1/3*E(3)+2/3*E(3)^2, 1/3*E(3)+2/3*E(3)^2, 1/3*E(3)+2/3*E(3)^2, 
              1/3*E(3)+2/3*E(3)^2, -2/3*E(3)-1/3*E(3)^2, 1/3*E(3)+2/3*E(3)^2 ]
            , 
          [ 1/3*E(3)+2/3*E(3)^2, 1/3*E(3)+2/3*E(3)^2, 1/3*E(3)+2/3*E(3)^2, 
              -2/3*E(3)-1/3*E(3)^2, 1/3*E(3)+2/3*E(3)^2, 1/3*E(3)+2/3*E(3)^2 
             ] ],
      bestScore := [ 30, 21, 18, 348, 20 ],
      currentScore := [ 30, 21, 18, 348, 20 ],
      exactGroupVerified := true,
      fullIndex := 3,
      improved := false,
      number := 86,
      sourceKey := "small-nonabelian-S3-PGL-18-3-index-3-dimension-3" ), rec(
      bestGenerator := 
       [ [ 0, 0, 1, 0, 0, 0 ], [ 0, 1, 0, 0, 0, 0 ], [ 1, 0, 0, 0, 0, 0 ], 
          [ 1/3*E(3)-1/3*E(3)^2, 1/3*E(3)-1/3*E(3)^2, 4/3*E(3)+5/3*E(3)^2, 
              1/3*E(3)-1/3*E(3)^2, 1/3*E(3)-1/3*E(3)^2, 1/3*E(3)+2/3*E(3)^2 ],
          [ 1/3*E(3)-1/3*E(3)^2, 4/3*E(3)+5/3*E(3)^2, 1/3*E(3)-1/3*E(3)^2, 
              1/3*E(3)-1/3*E(3)^2, 1/3*E(3)+2/3*E(3)^2, 1/3*E(3)-1/3*E(3)^2 ],
          [ 4/3*E(3)+5/3*E(3)^2, 1/3*E(3)-1/3*E(3)^2, 1/3*E(3)-1/3*E(3)^2, 
              1/3*E(3)+2/3*E(3)^2, 1/3*E(3)-1/3*E(3)^2, 1/3*E(3)-1/3*E(3)^2 ] 
         ],
      bestScore := [ 30, 21, 18, 345, 19 ],
      currentScore := [ 30, 21, 18, 345, 19 ],
      exactGroupVerified := true,
      fullIndex := 3,
      improved := false,
      number := 87,
      sourceKey := 
       "small-nonabelian-S3-PGL-18-3-index-3-dimension-2-representation-2" ), 
  rec(
      bestGenerator := 
       [ [ -2/3*E(3)-1/3*E(3)^2, -2/3*E(3)-1/3*E(3)^2, 1/3*E(3)-1/3*E(3)^2, 
              0, 0, 0 ], 
          [ -2/3*E(3)-1/3*E(3)^2, 1/3*E(3)-1/3*E(3)^2, -2/3*E(3)-1/3*E(3)^2, 
              0, 0, 0 ], 
          [ 1/3*E(3)-1/3*E(3)^2, -2/3*E(3)-1/3*E(3)^2, -2/3*E(3)-1/3*E(3)^2, 
              0, 0, 0 ], [ 0, 0, 0, 1, 0, 0 ], [ 0, 0, 0, 0, 1, 0 ], 
          [ 0, 0, 0, 0, 0, 1 ] ],
      bestScore := [ 12, 12, 9, 180, 20 ],
      currentScore := [ 12, 12, 9, 180, 20 ],
      exactGroupVerified := true,
      fullIndex := 6,
      improved := false,
      number := 90,
      sourceKey := "small-nonabelian-S3-PGL-36-12-index-6-dimension-3" ), rec(
      bestGenerator := 
       [ [ -1469/1995*E(3)-943/1995*E(3)^2, 526/1995*E(3)+1052/1995*E(3)^2, 
              526/1995*E(3)+1052/1995*E(3)^2, 263/266*E(3)+263/133*E(3)^2, 
              -1052/1995*E(3)-2104/1995*E(3)^2, 0 ], 
          [ 526/1995*E(3)+1052/1995*E(3)^2, 526/1995*E(3)+1052/1995*E(3)^2, 
              -1469/1995*E(3)-943/1995*E(3)^2, 263/266*E(3)+263/133*E(3)^2, 
              -1052/1995*E(3)-2104/1995*E(3)^2, 0 ], 
          [ 526/1995*E(3)+1052/1995*E(3)^2, -1469/1995*E(3)-943/1995*E(3)^2, 
              526/1995*E(3)+1052/1995*E(3)^2, 263/266*E(3)+263/133*E(3)^2, 
              -1052/1995*E(3)-2104/1995*E(3)^2, 0 ], 
          [ -156/665*E(3)-312/665*E(3)^2, -156/665*E(3)-312/665*E(3)^2, 
              -156/665*E(3)-312/665*E(3)^2, -250/133*E(3)-367/133*E(3)^2, 
              312/665*E(3)+624/665*E(3)^2, 0 ], 
          [ -362/665*E(3)-724/665*E(3)^2, -362/665*E(3)-724/665*E(3)^2, 
              -362/665*E(3)-724/665*E(3)^2, -543/266*E(3)-543/133*E(3)^2, 
              59/665*E(3)+783/665*E(3)^2, 0 ], [ 0, 0, 0, 0, 0, 1 ] ],
      bestScore := [ 40, 26, 25, 728, 32 ],
      currentScore := [ 40, 26, 25, 729, 32 ],
      exactGroupVerified := true,
      fullIndex := 6,
      improved := true,
      number := 91,
      sourceKey := 
       "small-nonabelian-S3-PGL-36-12-index-6-dimension-3-representation-2" ),
  rec(
      bestGenerator := 
       [ 
          [ 16/285*E(3)+169/399*E(3)^2, 16/285*E(3)+169/399*E(3)^2, 
              301/285*E(3)+169/399*E(3)^2, -4757/3990*E(3)+3539/3990*E(3)^2, 
              718/665*E(3)-167/665*E(3)^2, 0 ], 
          [ 16/285*E(3)+169/399*E(3)^2, 301/285*E(3)+169/399*E(3)^2, 
              16/285*E(3)+169/399*E(3)^2, -4757/3990*E(3)+3539/3990*E(3)^2, 
              718/665*E(3)-167/665*E(3)^2, 0 ], 
          [ 301/285*E(3)+169/399*E(3)^2, 16/285*E(3)+169/399*E(3)^2, 
              16/285*E(3)+169/399*E(3)^2, -4757/3990*E(3)+3539/3990*E(3)^2, 
              718/665*E(3)-167/665*E(3)^2, 0 ], 
          [ -116/95*E(3)-128/133*E(3)^2, -116/95*E(3)-128/133*E(3)^2, 
              -116/95*E(3)-128/133*E(3)^2, 1866/665*E(3)-277/665*E(3)^2, 
              -1984/665*E(3)-524/665*E(3)^2, 0 ], 
          [ -162/95*E(3)-222/133*E(3)^2, -162/95*E(3)-222/133*E(3)^2, 
              -162/95*E(3)-222/133*E(3)^2, 4619/1330*E(3)-1763/1330*E(3)^2, 
              -2643/665*E(3)-568/665*E(3)^2, 0 ], [ 0, 0, 0, 0, 0, 1 ] ],
      bestScore := [ 40, 26, 25, 694, 32 ],
      currentScore := [ 40, 26, 25, 694, 32 ],
      exactGroupVerified := true,
      fullIndex := 6,
      improved := false,
      number := 92,
      sourceKey := 
       "small-nonabelian-S3-PGL-36-12-index-6-dimension-2-representation-2" ),
  rec(
      bestGenerator := 
       [ [ -1/3*E(3)-2/3*E(3)^2, 2/3*E(3)+1/3*E(3)^2, 2/3*E(3)+1/3*E(3)^2, 0, 
              0, 0 ], 
          [ 2/3*E(3)+1/3*E(3)^2, -1/3*E(3)-2/3*E(3)^2, 2/3*E(3)+1/3*E(3)^2, 
              0, 0, 0 ], 
          [ 2/3*E(3)+1/3*E(3)^2, 2/3*E(3)+1/3*E(3)^2, -1/3*E(3)-2/3*E(3)^2, 
              0, 0, 0 ], [ 0, 0, 0, -1, 0, 0 ], [ 0, 0, 0, 0, 1, 0 ], 
          [ 0, 0, 0, 0, 0, E(4) ] ],
      bestScore := [ 12, 12, 10, 181, 20 ],
      currentScore := [ 12, 12, 10, 181, 20 ],
      exactGroupVerified := true,
      fullIndex := 12,
      improved := false,
      number := 95,
      sourceKey := 
       "small-nonabelian-S3-PGL-72-27-index-12-dimension-1-representation-2" )
    , rec(
      bestGenerator := 
       [ 
          [ -E(12)^4+1/3*E(12)^7-2/3*E(12)^8+1/3*E(12)^11, 
              -E(12)^4+1/3*E(12)^7-2/3*E(12)^8+1/3*E(12)^11, 
              1/3*E(12)^7-2/3*E(12)^8+1/3*E(12)^11, -4/3+4/3*E(4), 
              2/3-2/3*E(4), 0 ], 
          [ -E(12)^4+1/3*E(12)^7-2/3*E(12)^8+1/3*E(12)^11, 
              1/3*E(12)^7-2/3*E(12)^8+1/3*E(12)^11, 
              -E(12)^4+1/3*E(12)^7-2/3*E(12)^8+1/3*E(12)^11, -4/3+4/3*E(4), 
              2/3-2/3*E(4), 0 ], 
          [ 1/3*E(12)^7-2/3*E(12)^8+1/3*E(12)^11, 
              -E(12)^4+1/3*E(12)^7-2/3*E(12)^8+1/3*E(12)^11, 
              -E(12)^4+1/3*E(12)^7-2/3*E(12)^8+1/3*E(12)^11, -4/3+4/3*E(4), 
              2/3-2/3*E(4), 0 ], 
          [ 1-1/3*E(4), 1-1/3*E(4), 1-1/3*E(4), -7/3+4/3*E(4), 2/3-2/3*E(4), 
              0 ], 
          [ 1+1/3*E(4), 1+1/3*E(4), 1+1/3*E(4), -8/3-4/3*E(4), 1/3+2/3*E(4), 
              0 ], [ 0, 0, 0, 0, 0, E(8)^3 ] ],
      bestScore := [ 40, 26, 26, 569, 45 ],
      currentScore := [ 40, 26, 26, 570, 45 ],
      exactGroupVerified := true,
      fullIndex := 24,
      improved := true,
      number := 96,
      sourceKey := "small-nonabelian-S3-PGL-144-69-index-24-dimension-0" ), 
  rec(
      bestGenerator := 
       [ 
          [ -443/523*E(3)-483/523*E(3)^2, -90/523*E(3)-45/523*E(3)^2, 
              -180/523*E(3)-90/523*E(3)^2, 0, 0, 0 ], 
          [ -2512/1569*E(3)-1256/1569*E(3)^2, 419/523*E(3)-52/523*E(3)^2, 
              1884/523*E(3)+942/523*E(3)^2, 0, 0, 0 ], 
          [ -32/1569*E(3)-16/1569*E(3)^2, 12/523*E(3)+6/523*E(3)^2, 
              -499/523*E(3)-511/523*E(3)^2, 0, 0, 0 ], [ 0, 0, 0, 1, 0, 0 ], 
          [ 0, 0, 0, 0, 0, 7/2 ], [ 0, 0, 0, 0, 2/7, 0 ] ],
      bestScore := [ 12, 12, 11, 254, 32 ],
      currentScore := [ 12, 12, 11, 257, 32 ],
      exactGroupVerified := true,
      fullIndex := 6,
      improved := true,
      number := 103,
      sourceKey := "small-nonabelian-C2^2-PGL-24-10-index-6-dimension-3" ), 
  rec(
      bestGenerator := 
       [ 
          [ 1117/523*E(3)+1077/523*E(3)^2, 66/523*E(3)+111/523*E(3)^2, 
              -726/523*E(3)-636/523*E(3)^2, 0, 0, 0 ], 
          [ -1824/523*E(3)-4216/1569*E(3)^2, 961/1569*E(3)-452/1569*E(3)^2, 
              6688/1569*E(3)+3862/1569*E(3)^2, 0, 0, 0 ], 
          [ 1176/523*E(3)+3544/1569*E(3)^2, 392/1569*E(3)+374/1569*E(3)^2, 
              -2743/1569*E(3)-2779/1569*E(3)^2, 0, 0, 0 ], 
          [ 0, 0, 0, 0, 0, 2/7 ], [ 0, 0, 0, 7/8, 0, 0 ], 
          [ 0, 0, 0, 0, 4, 0 ] ],
      bestScore := [ 12, 12, 12, 272, 32 ],
      currentScore := [ 12, 12, 12, 279, 30 ],
      exactGroupVerified := true,
      fullIndex := 6,
      improved := true,
      number := 104,
      sourceKey := "small-nonabelian-C2^2-PGL-24-13-index-6-dimension-2" ), 
  rec(
      bestGenerator := 
       [ [ -740/523*E(9)^2-1077/523*E(9)^5, -123/523*E(9)^2-111/523*E(9)^5, 
              183/523*E(9)^2+636/523*E(9)^5, 0, 0, 0 ], 
          [ 224/1569*E(9)^2+4216/1569*E(9)^5, 1561/1569*E(9)^2+452/1569*E(9)^5
                , 2308/1569*E(9)^2-3862/1569*E(9)^5, 0, 0, 0 ], 
          [ -1796/1569*E(9)^2-3544/1569*E(9)^5, 
              -160/1569*E(9)^2-374/1569*E(9)^5, 
              659/1569*E(9)^2+2779/1569*E(9)^5, 0, 0, 0 ], 
          [ 0, 0, 0, 0, -2/7*E(3)^2, 0 ], [ 0, 0, 0, 0, 0, 4 ], 
          [ 0, 0, 0, 7/8, 0, 0 ] ],
      bestScore := [ 12, 12, 12, 300, 34 ],
      currentScore := [ 12, 12, 12, 302, 34 ],
      exactGroupVerified := true,
      fullIndex := 6,
      improved := true,
      number := 105,
      sourceKey := 
       "small-nonabelian-C2^2-PGL-24-13-index-6-dimension-2-representation-2" 
     ), rec(
      bestGenerator := 
       [ [ -5/13, -9/13, 0, 0, 0, 0 ], [ -16/13, 5/13, 0, 0, 0, 0 ], 
          [ 0, 0, 0, 0, 83/69, 38/69 ], [ 0, 0, 0, 0, 133/69, 16/69 ], 
          [ 0, 0, -8/27, 19/27, 0, 0 ], [ 0, 0, 133/54, -83/54, 0, 0 ] ],
      bestScore := [ 12, 12, 12, 63, 6 ],
      currentScore := [ 12, 12, 12, 63, 6 ],
      exactGroupVerified := true,
      fullIndex := 2,
      improved := false,
      number := 107,
      sourceKey := "small-nonabelian-C3-PGL-6-1-index-2-dimension-4" ), rec(
      bestGenerator := 
       [ [ -1, 0, 0, 0, 0, 0 ], [ 0, 1, 0, 0, 0, 0 ], [ 0, 0, 1, 0, 0, 0 ], 
          [ 0, 0, 0, 1, 0, 0 ], [ 0, 0, 0, 0, 1, 0 ], [ 0, 0, 0, 0, 0, E(3) ] 
         ],
      bestScore := [ 0, 6, 1, 10, 4 ],
      currentScore := [ 0, 6, 1, 12, 6 ],
      exactGroupVerified := true,
      fullIndex := 6,
      improved := true,
      number := 113,
      sourceKey := "liftable-abelian-C3-PGL-18-5-index-6-dimension-2" ), rec(
      bestGenerator := 
       [ [ 0, 0, -E(9)^2, -E(9)^2, 0, 0 ], 
          [ 0, 0, -4/5*E(9)^2, -1/5*E(9)^2, 0, 0 ], 
          [ 0, 0, 0, 0, 9/19*E(9)^2, -2/19*E(9)^2 ], 
          [ 0, 0, 0, 0, -16/19*E(9)^2, -7/19*E(9)^2 ], 
          [ -E(9)^2, -5*E(9)^2, 0, 0, 0, 0 ], 
          [ -4/3*E(9)^2, -1/3*E(9)^2, 0, 0, 0, 0 ] ],
      bestScore := [ 12, 12, 12, 122, 13 ],
      currentScore := [ 12, 12, 12, 122, 13 ],
      exactGroupVerified := true,
      fullIndex := 6,
      improved := false,
      number := 114,
      sourceKey := "nonliftable-abelian-C3-PGL-18-5-index-6-dimension-1" ), 
  rec(
      bestGenerator := 
       [ [ 1, 0, 0, 0, 0, 0 ], [ 0, 1, 0, 0, 0, 0 ], [ 0, 0, 1, 0, 0, 0 ], 
          [ 0, 0, 0, 1, 0, 0 ], [ 0, 0, 0, 0, 0, 1 ], [ 0, 0, 0, 0, E(3), 0 ] 
         ],
      bestScore := [ 0, 6, 1, 9, 4 ],
      currentScore := [ 0, 6, 1, 11, 6 ],
      exactGroupVerified := true,
      fullIndex := 6,
      improved := true,
      number := 116,
      sourceKey := "small-nonabelian-C3-PGL-18-3-index-6-dimension-4" ), rec(
      bestGenerator := 
       [ 
          [ -639137/630287*E(3)-647987/630287*E(3)^2, 
              84370/630287*E(3)+168740/630287*E(3)^2, 
              171690/630287*E(3)+343380/630287*E(3)^2, 
              -358130/1890861*E(3)-716260/1890861*E(3)^2, 0, 0 ], 
          [ 107055/630287*E(3)+214110/630287*E(3)^2, 
              -1650878/630287*E(3)-2671469/630287*E(3)^2, 
              -2076867/630287*E(3)-4153734/630287*E(3)^2, 
              1444053/630287*E(3)+2888106/630287*E(3)^2, 0, 0 ], 
          [ 3870/630287*E(3)+7740/630287*E(3)^2, 
              -36894/630287*E(3)-73788/630287*E(3)^2, 
              -705365/630287*E(3)-780443/630287*E(3)^2, 
              52202/630287*E(3)+104404/630287*E(3)^2, 0, 0 ], 
          [ 128610/630287*E(3)+257220/630287*E(3)^2, 
              -1226082/630287*E(3)-2452164/630287*E(3)^2, 
              -2495034/630287*E(3)-4990068/630287*E(3)^2, 
              1104519/630287*E(3)+2839325/630287*E(3)^2, 0, 0 ], 
          [ 0, 0, 0, 0, 0, 1 ], [ 0, 0, 0, 0, 1, 0 ] ],
      bestScore := [ 24, 18, 16, 640, 42 ],
      currentScore := [ 24, 18, 16, 640, 42 ],
      exactGroupVerified := true,
      fullIndex := 6,
      improved := false,
      number := 117,
      sourceKey := 
       "small-nonabelian-C3-PGL-18-3-index-6-dimension-4-representation-2" ), 
  rec(
      bestGenerator := 
       [ 
          [ 77182/11509*E(3)-2133/11509*E(3)^2, 
              -18535/23018*E(3)-10265/23018*E(3)^2, 
              27923/11509*E(3)-3623/11509*E(3)^2, 
              57744/11509*E(3)+2196/11509*E(3)^2, 0, 0 ], 
          [ 5943740/218671*E(3)-100393/12863*E(3)^2, 
              -377004/218671*E(3)-21445/12863*E(3)^2, 
              2648684/218671*E(3)-60487/12863*E(3)^2, 
              5043978/218671*E(3)-61587/12863*E(3)^2, 0, 0 ], 
          [ -6600496/218671*E(3)+7648655/437342*E(3)^2, 
              703395/437342*E(3)+554925/437342*E(3)^2, 
              -2877541/218671*E(3)+4069009/437342*E(3)^2, 
              -5369175/218671*E(3)+5500593/437342*E(3)^2, 0, 0 ], 
          [ 6952393/656013*E(3)-12895559/1312026*E(3)^2, 
              6040/218671*E(3)-44160/218671*E(3)^2, 
              3455519/656013*E(3)-6525073/1312026*E(3)^2, 
              2006758/218671*E(3)-3258825/437342*E(3)^2, 0, 0 ], 
          [ 0, 0, 0, 0, 0, 1 ], [ 0, 0, 0, 0, 1, 0 ] ],
      bestScore := [ 24, 18, 16, 620, 43 ],
      currentScore := [ 24, 18, 16, 620, 43 ],
      exactGroupVerified := true,
      fullIndex := 6,
      improved := false,
      number := 118,
      sourceKey := "small-nonabelian-C3-PGL-18-3-index-6-dimension-3" ), rec(
      bestGenerator := 
       [ [ 1, 0, 0, 0, 0, 0 ], [ 0, 1, 0, 0, 0, 0 ], [ 0, 0, 1, 0, 0, 0 ], 
          [ 0, 0, 0, E(3), 0, 0 ], [ 0, 0, 0, 0, -1, 0 ], 
          [ 0, 0, 0, 0, 0, 1 ] ],
      bestScore := [ 0, 6, 1, 10, 4 ],
      currentScore := [ 0, 6, 1, 12, 6 ],
      exactGroupVerified := true,
      fullIndex := 6,
      improved := true,
      number := 125,
      sourceKey := "liftable-abelian-C2-PGL-12-5-index-6-dimension-5" ), rec(
      bestGenerator := [ [ E(4), 0, 0, 0, 0, 0 ], [ 0, -1, 0, 0, 0, 0 ], 
          [ 0, 0, 1, 0, 0, 0 ], [ 0, 0, 0, 1, 0, 0 ], [ 0, 0, 0, 0, -1, 0 ], 
          [ 0, 0, 0, 0, 0, 1 ] ],
      bestScore := [ 0, 6, 1, 11, 4 ],
      currentScore := [ 0, 6, 1, 11, 4 ],
      exactGroupVerified := true,
      fullIndex := 4,
      improved := false,
      number := 127,
      sourceKey := "liftable-abelian-C2-PGL-8-2-index-4-dimension-4" ), rec(
      bestGenerator := 
       [ [ 1, 0, 0, 0, 0, 0 ], [ 0, 1, 0, 0, 0, 0 ], [ 0, 0, E(3), 0, 0, 0 ], 
          [ 0, 0, 0, E(3)^2, 0, 0 ], [ 0, 0, 0, 0, -1, 0 ], 
          [ 0, 0, 0, 0, 0, E(3) ] ],
      bestScore := [ 0, 6, 3, 18, 6 ],
      currentScore := [ 0, 6, 3, 20, 6 ],
      exactGroupVerified := true,
      fullIndex := 6,
      improved := true,
      number := 128,
      sourceKey := "liftable-abelian-C2-PGL-12-5-index-6-dimension-3" ), rec(
      bestGenerator := [ [ -E(4), 0, 0, 0, 0, 0 ], [ 0, -1, 0, 0, 0, 0 ], 
          [ 0, 0, 1, 0, 0, 0 ], [ 0, 0, 0, 1, 0, 0 ], [ 0, 0, 0, 0, E(8), 0 ],
          [ 0, 0, 0, 0, 0, 1 ] ],
      bestScore := [ 0, 6, 2, 14, 5 ],
      currentScore := [ 0, 6, 2, 15, 6 ],
      exactGroupVerified := true,
      fullIndex := 8,
      improved := true,
      number := 129,
      sourceKey := "liftable-abelian-C2-PGL-16-5-index-8-dimension-2" ), rec(
      bestGenerator := 
       [ [ -1, 0, 0, 0, 0, 0 ], [ 0, 1, 0, 0, 0, 0 ], [ 0, 0, 1, 0, 0, 0 ], 
          [ 0, 0, 0, E(3), 0, 0 ], [ 0, 0, 0, 0, E(4), 0 ], 
          [ 0, 0, 0, 0, 0, 1 ] ],
      bestScore := [ 0, 6, 2, 13, 4 ],
      currentScore := [ 0, 6, 2, 17, 6 ],
      exactGroupVerified := true,
      fullIndex := 12,
      improved := true,
      number := 130,
      sourceKey := "liftable-abelian-C2-PGL-24-9-index-12-dimension-2" ), rec(
      bestGenerator := 
       [ [ -1, 0, 0, 0, 0, 0 ], [ 0, 1, 0, 0, 0, 0 ], [ 0, 0, E(3), 0, 0, 0 ],
          [ 0, 0, 0, E(3)^2, 0, 0 ], [ 0, 0, 0, 0, E(4), 0 ], 
          [ 0, 0, 0, 0, 0, E(3) ] ],
      bestScore := [ 0, 6, 4, 21, 6 ],
      currentScore := [ 0, 6, 4, 25, 7 ],
      exactGroupVerified := true,
      fullIndex := 12,
      improved := true,
      number := 131,
      sourceKey := "liftable-abelian-C2-PGL-24-9-index-12-dimension-1" ), rec(
      bestGenerator := 
       [ [ -1, 0, 0, 0, 0, 0 ], [ 0, 1, 0, 0, 0, 0 ], [ 0, 0, 1, 0, 0, 0 ], 
          [ 0, 0, 0, E(3)^2, 0, 0 ], [ 0, 0, 0, 0, E(3), 0 ], 
          [ 0, 0, 0, 0, 0, E(3) ] ],
      bestScore := [ 0, 6, 3, 18, 6 ],
      currentScore := [ 0, 6, 3, 18, 6 ],
      exactGroupVerified := true,
      fullIndex := 6,
      improved := false,
      number := 141,
      sourceKey := "liftable-abelian-1-PGL-6-2-index-6-dimension-5" ), rec(
      bestGenerator := [ [ -E(3), 0, 0, 0, 0, 0 ], [ 0, E(3), 0, 0, 0, 0 ], 
          [ 0, 0, 1, 0, 0, 0 ], [ 0, 0, 0, 1, 0, 0 ], 
          [ 0, 0, 0, 0, E(3)^2, 0 ], [ 0, 0, 0, 0, 0, 1 ] ],
      bestScore := [ 0, 6, 3, 18, 6 ],
      currentScore := [ 0, 6, 3, 18, 6 ],
      exactGroupVerified := true,
      fullIndex := 6,
      improved := false,
      number := 142,
      sourceKey := "liftable-abelian-1-PGL-6-2-index-6-dimension-4" ), rec(
      bestGenerator := 
       [ [ -E(9)^2-E(9)^5, 0, 0, 0, 0, 0 ], [ 0, E(9)^2, 0, 0, 0, 0 ], 
          [ 0, 0, E(9)^5, 0, 0, 0 ], [ 0, 0, 0, -E(9)^5, 0, 0 ], 
          [ 0, 0, 0, 0, E(9)^2+E(9)^5, 0 ], [ 0, 0, 0, 0, 0, -E(9)^2 ] ],
      bestScore := [ 0, 6, 6, 53, 14 ],
      currentScore := [ 0, 6, 6, 53, 14 ],
      exactGroupVerified := true,
      fullIndex := 6,
      improved := false,
      number := 143,
      sourceKey := "liftable-abelian-1-PGL-6-2-index-6-dimension-3" ), rec(
      bestGenerator := [ [ E(4), 0, 0, 0, 0, 0 ], [ 0, -1, 0, 0, 0, 0 ], 
          [ 0, 0, 1, 0, 0, 0 ], [ 0, 0, 0, 1, 0, 0 ], [ 0, 0, 0, 0, 1, 0 ], 
          [ 0, 0, 0, 0, 0, E(3) ] ],
      bestScore := [ 0, 6, 2, 13, 4 ],
      currentScore := [ 0, 6, 2, 16, 6 ],
      exactGroupVerified := true,
      fullIndex := 12,
      improved := true,
      number := 147,
      sourceKey := "liftable-abelian-1-PGL-12-2-index-12-dimension-3" ), rec(
      bestGenerator := [ [ E(4), 0, 0, 0, 0, 0 ], [ 0, -1, 0, 0, 0, 0 ], 
          [ 0, 0, 1, 0, 0, 0 ], [ 0, 0, 0, -1, 0, 0 ], [ 0, 0, 0, 0, 1, 0 ], 
          [ 0, 0, 0, 0, 0, E(3) ] ],
      bestScore := [ 0, 6, 2, 14, 4 ],
      currentScore := [ 0, 6, 2, 17, 6 ],
      exactGroupVerified := true,
      fullIndex := 12,
      improved := true,
      number := 148,
      sourceKey := 
       "liftable-abelian-1-PGL-12-2-index-12-dimension-3-representation-2" ), 
  rec(
      bestGenerator := [ [ E(4), 0, 0, 0, 0, 0 ], [ 0, -1, 0, 0, 0, 0 ], 
          [ 0, 0, 1, 0, 0, 0 ], [ 0, 0, 0, E(3)^2, 0, 0 ], 
          [ 0, 0, 0, 0, E(3), 0 ], [ 0, 0, 0, 0, 0, E(3) ] ],
      bestScore := [ 0, 6, 4, 21, 6 ],
      currentScore := [ 0, 6, 4, 22, 6 ],
      exactGroupVerified := true,
      fullIndex := 12,
      improved := true,
      number := 149,
      sourceKey := "liftable-abelian-1-PGL-12-2-index-12-dimension-2" ), rec(
      bestGenerator := [ [ E(4), 0, 0, 0, 0, 0 ], [ 0, -1, 0, 0, 0, 0 ], 
          [ 0, 0, 1, 0, 0, 0 ], [ 0, 0, 0, -E(3), 0, 0 ], 
          [ 0, 0, 0, 0, E(3), 0 ], [ 0, 0, 0, 0, 0, E(3)^2 ] ],
      bestScore := [ 0, 6, 4, 22, 6 ],
      currentScore := [ 0, 6, 4, 23, 6 ],
      exactGroupVerified := true,
      fullIndex := 12,
      improved := true,
      number := 150,
      sourceKey := 
       "liftable-abelian-1-PGL-12-2-index-12-dimension-2-representation-2" ), 
  rec(
      bestGenerator := [ [ E(8), 0, 0, 0, 0, 0 ], [ 0, -E(4), 0, 0, 0, 0 ], 
          [ 0, 0, -1, 0, 0, 0 ], [ 0, 0, 0, 1, 0, 0 ], [ 0, 0, 0, 0, 1, 0 ], 
          [ 0, 0, 0, 0, 0, E(3) ] ],
      bestScore := [ 0, 6, 3, 17, 5 ],
      currentScore := [ 0, 6, 3, 20, 6 ],
      exactGroupVerified := true,
      fullIndex := 24,
      improved := true,
      number := 153,
      sourceKey := "liftable-abelian-1-PGL-24-2-index-24-dimension-1" ), rec(
      bestGenerator := [ [ E(8), 0, 0, 0, 0, 0 ], [ 0, -E(4), 0, 0, 0, 0 ], 
          [ 0, 0, E(4), 0, 0, 0 ], [ 0, 0, 0, -1, 0, 0 ], 
          [ 0, 0, 0, 0, 1, 0 ], [ 0, 0, 0, 0, 0, E(3) ] ],
      bestScore := [ 0, 6, 4, 20, 5 ],
      currentScore := [ 0, 6, 4, 23, 6 ],
      exactGroupVerified := true,
      fullIndex := 24,
      improved := true,
      number := 154,
      sourceKey := 
       "liftable-abelian-1-PGL-24-2-index-24-dimension-1-representation-2" ) ]
);
