UniformizationSymplecticFamilyResults := [ rec(
      determinantKernelVerified := true,
      equalsStandardGenericFullGroup := true,
      extraGenerator := fail,
      extraGeneratorInSourceCoordinates := fail,
      extraGeneratorOrigin := "not_needed",
      extraGeneratorOriginPosition := fail,
      fullGroupVerified := true,
      fullIndex := 1,
      fullOrder := 3,
      genericFullGroupContainedVerified := true,
      genericIndex := 1,
      koikeReference := "trivial group",
      permutation := (),
      relativeQuotientOrder := 1,
      sourceKey := "liftable-abelian-1-PGL-1-1-index-1-dimension-20",
      sourceToStandardMatrix := 
       [ [ 1, 0, 0, 0, 0, 0 ], [ 0, 1, 0, 0, 0, 0 ], [ 0, 0, 1, 0, 0, 0 ], 
          [ 0, 0, 0, 1, 0, 0 ], [ 0, 0, 0, 0, 1, 0 ], [ 0, 0, 0, 0, 0, 1 ] ],
      standardGenericFullGenerators := 
       [ 
          [ [ E(3), 0, 0, 0, 0, 0 ], [ 0, E(3), 0, 0, 0, 0 ], 
              [ 0, 0, E(3), 0, 0, 0 ], [ 0, 0, 0, E(3), 0, 0 ], 
              [ 0, 0, 0, 0, E(3), 0 ], [ 0, 0, 0, 0, 0, E(3) ] ] ],
      standardKey := "trivial",
      standardLabel := "trivial symplectic group",
      standardSymplecticGenerators := 
       [ 
          [ [ E(3), 0, 0, 0, 0, 0 ], [ 0, E(3), 0, 0, 0, 0 ], 
              [ 0, 0, E(3), 0, 0, 0 ], [ 0, 0, 0, E(3), 0, 0 ], 
              [ 0, 0, 0, 0, E(3), 0 ], [ 0, 0, 0, 0, 0, E(3) ] ] ],
      standardToSourceMatrix := 
       [ [ 1, 0, 0, 0, 0, 0 ], [ 0, 1, 0, 0, 0, 0 ], [ 0, 0, 1, 0, 0, 0 ], 
          [ 0, 0, 0, 1, 0, 0 ], [ 0, 0, 0, 0, 1, 0 ], [ 0, 0, 0, 0, 0, 1 ] ],
      status := "uniformized",
      symplecticKernelOrder := 3,
      symplecticPart := "1",
      uniformizedGenerators := 
       [ 
          [ [ E(3), 0, 0, 0, 0, 0 ], [ 0, E(3), 0, 0, 0, 0 ], 
              [ 0, 0, E(3), 0, 0, 0 ], [ 0, 0, 0, E(3), 0, 0 ], 
              [ 0, 0, 0, 0, E(3), 0 ], [ 0, 0, 0, 0, 0, E(3) ] ] ],
      witnessType := "generic_full_literal_inclusion" ), rec(
      determinantKernelVerified := true,
      equalsStandardGenericFullGroup := true,
      extraGenerator := fail,
      extraGeneratorInSourceCoordinates := fail,
      extraGeneratorOrigin := "not_needed",
      extraGeneratorOriginPosition := fail,
      fullGroupVerified := true,
      fullIndex := 1,
      fullOrder := 6,
      genericFullGroupContainedVerified := true,
      genericIndex := 1,
      koikeReference := "Koike (3.1)",
      permutation := (1,2,4,6,3,5),
      relativeQuotientOrder := 1,
      sourceKey := "liftable-abelian-C2-PGL-2-1-index-1-dimension-12",
      sourceToStandardMatrix := 
       [ [ 0, 0, 0, 0, 1, 0 ], [ 1, 0, 0, 0, 0, 0 ], [ 0, 0, 0, 0, 0, 1 ], 
          [ 0, 1, 0, 0, 0, 0 ], [ 0, 0, 1, 0, 0, 0 ], [ 0, 0, 0, 1, 0, 0 ] ],
      standardGenericFullGenerators := 
       [ 
          [ [ E(3), 0, 0, 0, 0, 0 ], [ 0, E(3), 0, 0, 0, 0 ], 
              [ 0, 0, E(3), 0, 0, 0 ], [ 0, 0, 0, E(3), 0, 0 ], 
              [ 0, 0, 0, 0, E(3), 0 ], [ 0, 0, 0, 0, 0, E(3) ] ], 
          [ [ 1, 0, 0, 0, 0, 0 ], [ 0, 1, 0, 0, 0, 0 ], [ 0, 0, 1, 0, 0, 0 ], 
              [ 0, 0, 0, 1, 0, 0 ], [ 0, 0, 0, 0, -1, 0 ], 
              [ 0, 0, 0, 0, 0, -1 ] ] ],
      standardKey := "koike-3.1-C2",
      standardLabel := "C2, Koike (3.1)",
      standardSymplecticGenerators := 
       [ 
          [ [ E(3), 0, 0, 0, 0, 0 ], [ 0, E(3), 0, 0, 0, 0 ], 
              [ 0, 0, E(3), 0, 0, 0 ], [ 0, 0, 0, E(3), 0, 0 ], 
              [ 0, 0, 0, 0, E(3), 0 ], [ 0, 0, 0, 0, 0, E(3) ] ], 
          [ [ 1, 0, 0, 0, 0, 0 ], [ 0, 1, 0, 0, 0, 0 ], [ 0, 0, 1, 0, 0, 0 ], 
              [ 0, 0, 0, 1, 0, 0 ], [ 0, 0, 0, 0, -1, 0 ], 
              [ 0, 0, 0, 0, 0, -1 ] ] ],
      standardToSourceMatrix := 
       [ [ 0, 1, 0, 0, 0, 0 ], [ 0, 0, 0, 1, 0, 0 ], [ 0, 0, 0, 0, 1, 0 ], 
          [ 0, 0, 0, 0, 0, 1 ], [ 1, 0, 0, 0, 0, 0 ], [ 0, 0, 1, 0, 0, 0 ] ],
      status := "uniformized",
      symplecticKernelOrder := 6,
      symplecticPart := "C2",
      uniformizedGenerators := 
       [ 
          [ [ E(3), 0, 0, 0, 0, 0 ], [ 0, E(3), 0, 0, 0, 0 ], 
              [ 0, 0, E(3), 0, 0, 0 ], [ 0, 0, 0, E(3), 0, 0 ], 
              [ 0, 0, 0, 0, E(3), 0 ], [ 0, 0, 0, 0, 0, E(3) ] ], 
          [ [ 1, 0, 0, 0, 0, 0 ], [ 0, 1, 0, 0, 0, 0 ], [ 0, 0, 1, 0, 0, 0 ], 
              [ 0, 0, 0, 1, 0, 0 ], [ 0, 0, 0, 0, -1, 0 ], 
              [ 0, 0, 0, 0, 0, -1 ] ] ],
      witnessType := "generic_full_coordinate_permutation_inclusion" ), rec(
      determinantKernelVerified := true,
      equalsStandardGenericFullGroup := true,
      extraGenerator := fail,
      extraGeneratorInSourceCoordinates := fail,
      extraGeneratorOrigin := "not_needed",
      extraGeneratorOriginPosition := fail,
      fullGroupVerified := true,
      fullIndex := 1,
      fullOrder := 12,
      genericFullGroupContainedVerified := true,
      genericIndex := 1,
      koikeReference := "Koike (3.2)",
      permutation := (1,2,3,6,5,4),
      relativeQuotientOrder := 1,
      sourceKey := "liftable-abelian-C2^2-PGL-4-2-index-1-dimension-8",
      sourceToStandardMatrix := 
       [ [ 0, 0, 0, 1, 0, 0 ], [ 1, 0, 0, 0, 0, 0 ], [ 0, 1, 0, 0, 0, 0 ], 
          [ 0, 0, 0, 0, 1, 0 ], [ 0, 0, 0, 0, 0, 1 ], [ 0, 0, 1, 0, 0, 0 ] ],
      standardGenericFullGenerators := 
       [ 
          [ [ E(3), 0, 0, 0, 0, 0 ], [ 0, E(3), 0, 0, 0, 0 ], 
              [ 0, 0, E(3), 0, 0, 0 ], [ 0, 0, 0, E(3), 0, 0 ], 
              [ 0, 0, 0, 0, E(3), 0 ], [ 0, 0, 0, 0, 0, E(3) ] ], 
          [ [ 1, 0, 0, 0, 0, 0 ], [ 0, 1, 0, 0, 0, 0 ], [ 0, 0, 1, 0, 0, 0 ], 
              [ 0, 0, 0, 1, 0, 0 ], [ 0, 0, 0, 0, -1, 0 ], 
              [ 0, 0, 0, 0, 0, -1 ] ], 
          [ [ 1, 0, 0, 0, 0, 0 ], [ 0, 1, 0, 0, 0, 0 ], [ 0, 0, 1, 0, 0, 0 ], 
              [ 0, 0, 0, -1, 0, 0 ], [ 0, 0, 0, 0, -1, 0 ], 
              [ 0, 0, 0, 0, 0, 1 ] ] ],
      standardKey := "koike-3.2-C2^2",
      standardLabel := "C2^2, Koike (3.2)",
      standardSymplecticGenerators := 
       [ 
          [ [ E(3), 0, 0, 0, 0, 0 ], [ 0, E(3), 0, 0, 0, 0 ], 
              [ 0, 0, E(3), 0, 0, 0 ], [ 0, 0, 0, E(3), 0, 0 ], 
              [ 0, 0, 0, 0, E(3), 0 ], [ 0, 0, 0, 0, 0, E(3) ] ], 
          [ [ 1, 0, 0, 0, 0, 0 ], [ 0, 1, 0, 0, 0, 0 ], [ 0, 0, 1, 0, 0, 0 ], 
              [ 0, 0, 0, 1, 0, 0 ], [ 0, 0, 0, 0, -1, 0 ], 
              [ 0, 0, 0, 0, 0, -1 ] ], 
          [ [ 1, 0, 0, 0, 0, 0 ], [ 0, 1, 0, 0, 0, 0 ], [ 0, 0, 1, 0, 0, 0 ], 
              [ 0, 0, 0, -1, 0, 0 ], [ 0, 0, 0, 0, -1, 0 ], 
              [ 0, 0, 0, 0, 0, 1 ] ] ],
      standardToSourceMatrix := 
       [ [ 0, 1, 0, 0, 0, 0 ], [ 0, 0, 1, 0, 0, 0 ], [ 0, 0, 0, 0, 0, 1 ], 
          [ 1, 0, 0, 0, 0, 0 ], [ 0, 0, 0, 1, 0, 0 ], [ 0, 0, 0, 0, 1, 0 ] ],
      status := "uniformized",
      symplecticKernelOrder := 12,
      symplecticPart := "C2^2",
      uniformizedGenerators := 
       [ 
          [ [ E(3), 0, 0, 0, 0, 0 ], [ 0, E(3), 0, 0, 0, 0 ], 
              [ 0, 0, E(3), 0, 0, 0 ], [ 0, 0, 0, E(3), 0, 0 ], 
              [ 0, 0, 0, 0, E(3), 0 ], [ 0, 0, 0, 0, 0, E(3) ] ], 
          [ [ 1, 0, 0, 0, 0, 0 ], [ 0, 1, 0, 0, 0, 0 ], [ 0, 0, 1, 0, 0, 0 ], 
              [ 0, 0, 0, 1, 0, 0 ], [ 0, 0, 0, 0, -1, 0 ], 
              [ 0, 0, 0, 0, 0, -1 ] ], 
          [ [ 1, 0, 0, 0, 0, 0 ], [ 0, 1, 0, 0, 0, 0 ], [ 0, 0, 1, 0, 0, 0 ], 
              [ 0, 0, 0, -1, 0, 0 ], [ 0, 0, 0, 0, -1, 0 ], 
              [ 0, 0, 0, 0, 0, 1 ] ] ],
      witnessType := "generic_full_coordinate_permutation_inclusion" ), rec(
      determinantKernelVerified := true,
      equalsStandardGenericFullGroup := true,
      extraGenerator := fail,
      extraGeneratorInSourceCoordinates := fail,
      extraGeneratorOrigin := "not_needed",
      extraGeneratorOriginPosition := fail,
      fullGroupVerified := true,
      fullIndex := 1,
      fullOrder := 9,
      genericFullGroupContainedVerified := true,
      genericIndex := 1,
      koikeReference := "Koike (3.4)",
      permutation := (4,5),
      relativeQuotientOrder := 1,
      sourceKey := "liftable-abelian-C3-PGL-3-1-index-1-dimension-8",
      sourceToStandardMatrix := 
       [ [ 1, 0, 0, 0, 0, 0 ], [ 0, 1, 0, 0, 0, 0 ], [ 0, 0, 1, 0, 0, 0 ], 
          [ 0, 0, 0, 0, 1, 0 ], [ 0, 0, 0, 1, 0, 0 ], [ 0, 0, 0, 0, 0, 1 ] ],
      standardGenericFullGenerators := 
       [ 
          [ [ E(3), 0, 0, 0, 0, 0 ], [ 0, E(3), 0, 0, 0, 0 ], 
              [ 0, 0, E(3), 0, 0, 0 ], [ 0, 0, 0, E(3), 0, 0 ], 
              [ 0, 0, 0, 0, E(3), 0 ], [ 0, 0, 0, 0, 0, E(3) ] ], 
          [ [ 1, 0, 0, 0, 0, 0 ], [ 0, 1, 0, 0, 0, 0 ], 
              [ 0, 0, E(3), 0, 0, 0 ], [ 0, 0, 0, E(3), 0, 0 ], 
              [ 0, 0, 0, 0, E(3)^2, 0 ], [ 0, 0, 0, 0, 0, E(3)^2 ] ] ],
      standardKey := "koike-3.4-C3",
      standardLabel := "C3, Koike (3.4)",
      standardSymplecticGenerators := 
       [ 
          [ [ E(3), 0, 0, 0, 0, 0 ], [ 0, E(3), 0, 0, 0, 0 ], 
              [ 0, 0, E(3), 0, 0, 0 ], [ 0, 0, 0, E(3), 0, 0 ], 
              [ 0, 0, 0, 0, E(3), 0 ], [ 0, 0, 0, 0, 0, E(3) ] ], 
          [ [ 1, 0, 0, 0, 0, 0 ], [ 0, 1, 0, 0, 0, 0 ], 
              [ 0, 0, E(3), 0, 0, 0 ], [ 0, 0, 0, E(3), 0, 0 ], 
              [ 0, 0, 0, 0, E(3)^2, 0 ], [ 0, 0, 0, 0, 0, E(3)^2 ] ] ],
      standardToSourceMatrix := 
       [ [ 1, 0, 0, 0, 0, 0 ], [ 0, 1, 0, 0, 0, 0 ], [ 0, 0, 1, 0, 0, 0 ], 
          [ 0, 0, 0, 0, 1, 0 ], [ 0, 0, 0, 1, 0, 0 ], [ 0, 0, 0, 0, 0, 1 ] ],
      status := "uniformized",
      symplecticKernelOrder := 9,
      symplecticPart := "C3",
      uniformizedGenerators := 
       [ 
          [ [ E(3), 0, 0, 0, 0, 0 ], [ 0, E(3), 0, 0, 0, 0 ], 
              [ 0, 0, E(3), 0, 0, 0 ], [ 0, 0, 0, E(3), 0, 0 ], 
              [ 0, 0, 0, 0, E(3), 0 ], [ 0, 0, 0, 0, 0, E(3) ] ], 
          [ [ 1, 0, 0, 0, 0, 0 ], [ 0, 1, 0, 0, 0, 0 ], 
              [ 0, 0, E(3), 0, 0, 0 ], [ 0, 0, 0, E(3), 0, 0 ], 
              [ 0, 0, 0, 0, E(3)^2, 0 ], [ 0, 0, 0, 0, 0, E(3)^2 ] ] ],
      witnessType := "generic_full_coordinate_permutation_inclusion" ), rec(
      determinantKernelVerified := true,
      equalsStandardGenericFullGroup := true,
      extraGenerator := fail,
      extraGeneratorInSourceCoordinates := fail,
      extraGeneratorOrigin := "not_needed",
      extraGeneratorOriginPosition := fail,
      fullGroupVerified := true,
      fullIndex := 1,
      fullOrder := 12,
      genericFullGroupContainedVerified := true,
      genericIndex := 1,
      koikeReference := "Koike (3.5)",
      permutation := (1,3,2,6,4,5),
      relativeQuotientOrder := 1,
      sourceKey := "liftable-abelian-C4-PGL-4-1-index-1-dimension-6",
      sourceToStandardMatrix := 
       [ [ 0, 0, 0, 0, 1, 0 ], [ 0, 0, 1, 0, 0, 0 ], [ 1, 0, 0, 0, 0, 0 ], 
          [ 0, 0, 0, 0, 0, 1 ], [ 0, 0, 0, 1, 0, 0 ], [ 0, 1, 0, 0, 0, 0 ] ],
      standardGenericFullGenerators := 
       [ 
          [ [ E(3), 0, 0, 0, 0, 0 ], [ 0, E(3), 0, 0, 0, 0 ], 
              [ 0, 0, E(3), 0, 0, 0 ], [ 0, 0, 0, E(3), 0, 0 ], 
              [ 0, 0, 0, 0, E(3), 0 ], [ 0, 0, 0, 0, 0, E(3) ] ], 
          [ [ 1, 0, 0, 0, 0, 0 ], [ 0, 1, 0, 0, 0, 0 ], [ 0, 0, -1, 0, 0, 0 ],
              [ 0, 0, 0, -1, 0, 0 ], [ 0, 0, 0, 0, E(4), 0 ], 
              [ 0, 0, 0, 0, 0, -E(4) ] ] ],
      standardKey := "koike-3.5-C4",
      standardLabel := "C4, Koike (3.5)",
      standardSymplecticGenerators := 
       [ 
          [ [ E(3), 0, 0, 0, 0, 0 ], [ 0, E(3), 0, 0, 0, 0 ], 
              [ 0, 0, E(3), 0, 0, 0 ], [ 0, 0, 0, E(3), 0, 0 ], 
              [ 0, 0, 0, 0, E(3), 0 ], [ 0, 0, 0, 0, 0, E(3) ] ], 
          [ [ 1, 0, 0, 0, 0, 0 ], [ 0, 1, 0, 0, 0, 0 ], [ 0, 0, -1, 0, 0, 0 ],
              [ 0, 0, 0, -1, 0, 0 ], [ 0, 0, 0, 0, E(4), 0 ], 
              [ 0, 0, 0, 0, 0, -E(4) ] ] ],
      standardToSourceMatrix := 
       [ [ 0, 0, 1, 0, 0, 0 ], [ 0, 0, 0, 0, 0, 1 ], [ 0, 1, 0, 0, 0, 0 ], 
          [ 0, 0, 0, 0, 1, 0 ], [ 1, 0, 0, 0, 0, 0 ], [ 0, 0, 0, 1, 0, 0 ] ],
      status := "uniformized",
      symplecticKernelOrder := 12,
      symplecticPart := "C4",
      uniformizedGenerators := 
       [ 
          [ [ E(3), 0, 0, 0, 0, 0 ], [ 0, E(3), 0, 0, 0, 0 ], 
              [ 0, 0, E(3), 0, 0, 0 ], [ 0, 0, 0, E(3), 0, 0 ], 
              [ 0, 0, 0, 0, E(3), 0 ], [ 0, 0, 0, 0, 0, E(3) ] ], 
          [ [ 1, 0, 0, 0, 0, 0 ], [ 0, 1, 0, 0, 0, 0 ], [ 0, 0, -1, 0, 0, 0 ],
              [ 0, 0, 0, -1, 0, 0 ], [ 0, 0, 0, 0, E(4), 0 ], 
              [ 0, 0, 0, 0, 0, -E(4) ] ] ],
      witnessType := "generic_full_coordinate_permutation_inclusion" ), rec(
      determinantKernelVerified := true,
      equalsStandardGenericFullGroup := true,
      extraGenerator := fail,
      extraGeneratorInSourceCoordinates := fail,
      extraGeneratorOrigin := "not_needed",
      extraGeneratorOriginPosition := fail,
      fullGroupVerified := true,
      fullIndex := 2,
      fullOrder := 18,
      genericFullGroupContainedVerified := true,
      genericIndex := 2,
      koikeReference := "Koike (3.3)",
      permutation := fail,
      relativeQuotientOrder := 1,
      sourceKey := "small-nonabelian-C3-PGL-6-1-index-2-dimension-8",
      sourceToStandardMatrix := 
       [ [ -1/15, -1/3, 7/15, 0, 0, 0 ], [ 3/10, 1/2, -7/20, -1/4, 0, 0 ], 
          [ 1/30, 1/6, -29/60, -1/4, 0, 0 ], [ -2/5, 0, -1/5, 0, 0, 0 ], 
          [ 0, 0, 0, 0, -1/18, 0 ], [ 0, 0, 0, 0, 0, -1/2 ] ],
      standardGenericFullGenerators := 
       [ 
          [ [ E(3), 0, 0, 0, 0, 0 ], [ 0, E(3), 0, 0, 0, 0 ], 
              [ 0, 0, E(3), 0, 0, 0 ], [ 0, 0, 0, E(3), 0, 0 ], 
              [ 0, 0, 0, 0, E(3), 0 ], [ 0, 0, 0, 0, 0, E(3) ] ], 
          [ [ 1, 0, 0, 0, 0, 0 ], [ 0, 1, 0, 0, 0, 0 ], [ 0, 0, 1, 0, 0, 0 ], 
              [ 0, 0, 0, 1, 0, 0 ], [ 0, 0, 0, 0, E(3), 0 ], 
              [ 0, 0, 0, 0, 0, E(3)^2 ] ], 
          [ [ 1, 0, 0, 0, 0, 0 ], [ 0, 1, 0, 0, 0, 0 ], [ 0, 0, 1, 0, 0, 0 ], 
              [ 0, 0, 0, 1, 0, 0 ], [ 0, 0, 0, 0, 0, 1 ], 
              [ 0, 0, 0, 0, 1, 0 ] ] ],
      standardKey := "koike-3.3-C3",
      standardLabel := "C3, Koike (3.3)",
      standardSymplecticGenerators := 
       [ 
          [ [ E(3), 0, 0, 0, 0, 0 ], [ 0, E(3), 0, 0, 0, 0 ], 
              [ 0, 0, E(3), 0, 0, 0 ], [ 0, 0, 0, E(3), 0, 0 ], 
              [ 0, 0, 0, 0, E(3), 0 ], [ 0, 0, 0, 0, 0, E(3) ] ], 
          [ [ 1, 0, 0, 0, 0, 0 ], [ 0, 1, 0, 0, 0, 0 ], [ 0, 0, 1, 0, 0, 0 ], 
              [ 0, 0, 0, 1, 0, 0 ], [ 0, 0, 0, 0, E(3), 0 ], 
              [ 0, 0, 0, 0, 0, E(3)^2 ] ] ],
      standardToSourceMatrix := 
       [ [ -1, -1, 1, -3, 0, 0 ], [ 0, 3, -3, 2, 0, 0 ], 
          [ 2, 2, -2, 1, 0, 0 ], [ -4, -2, -2, -1, 0, 0 ], 
          [ 0, 0, 0, 0, -18, 0 ], [ 0, 0, 0, 0, 0, -2 ] ],
      status := "uniformized",
      symplecticKernelOrder := 9,
      symplecticPart := "C3",
      uniformizedGenerators := 
       [ 
          [ [ E(3), 0, 0, 0, 0, 0 ], [ 0, E(3), 0, 0, 0, 0 ], 
              [ 0, 0, E(3), 0, 0, 0 ], [ 0, 0, 0, E(3), 0, 0 ], 
              [ 0, 0, 0, 0, E(3), 0 ], [ 0, 0, 0, 0, 0, E(3) ] ], 
          [ [ 1, 0, 0, 0, 0, 0 ], [ 0, 1, 0, 0, 0, 0 ], [ 0, 0, 1, 0, 0, 0 ], 
              [ 0, 0, 0, 1, 0, 0 ], [ 0, 0, 0, 0, E(3), 0 ], 
              [ 0, 0, 0, 0, 0, E(3)^2 ] ], 
          [ [ 1, 0, 0, 0, 0, 0 ], [ 0, 1, 0, 0, 0, 0 ], [ 0, 0, 1, 0, 0, 0 ], 
              [ 0, 0, 0, 1, 0, 0 ], [ 0, 0, 0, 0, 0, 1 ], 
              [ 0, 0, 0, 0, 1, 0 ] ] ],
      witnessType := "generic_full_linear_embedding" ), rec(
      determinantKernelVerified := true,
      equalsStandardGenericFullGroup := true,
      extraGenerator := fail,
      extraGeneratorInSourceCoordinates := fail,
      extraGeneratorOrigin := "not_needed",
      extraGeneratorOriginPosition := fail,
      fullGroupVerified := true,
      fullIndex := 1,
      fullOrder := 18,
      genericFullGroupContainedVerified := true,
      genericIndex := 1,
      koikeReference := "Koike (3.6)",
      permutation := (),
      relativeQuotientOrder := 1,
      sourceKey := "small-nonabelian-S3-PGL-6-1-index-1-dimension-6",
      sourceToStandardMatrix := 
       [ [ 1, 0, 0, 0, 0, 0 ], [ 0, 1, 0, 0, 0, 0 ], [ 0, 0, 1, 0, 0, 0 ], 
          [ 0, 0, 0, 1, 0, 0 ], [ 0, 0, 0, 0, 1, 0 ], [ 0, 0, 0, 0, 0, 1 ] ],
      standardGenericFullGenerators := 
       [ 
          [ [ E(3), 0, 0, 0, 0, 0 ], [ 0, E(3), 0, 0, 0, 0 ], 
              [ 0, 0, E(3), 0, 0, 0 ], [ 0, 0, 0, E(3), 0, 0 ], 
              [ 0, 0, 0, 0, E(3), 0 ], [ 0, 0, 0, 0, 0, E(3) ] ], 
          [ [ 0, 1, 0, 0, 0, 0 ], [ 1, 0, 0, 0, 0, 0 ], [ 0, 0, 1, 0, 0, 0 ], 
              [ 0, 0, 0, 0, 1, 0 ], [ 0, 0, 0, 1, 0, 0 ], 
              [ 0, 0, 0, 0, 0, 1 ] ], 
          [ [ 0, 0, 1, 0, 0, 0 ], [ 1, 0, 0, 0, 0, 0 ], [ 0, 1, 0, 0, 0, 0 ], 
              [ 0, 0, 0, 0, 0, 1 ], [ 0, 0, 0, 1, 0, 0 ], 
              [ 0, 0, 0, 0, 1, 0 ] ] ],
      standardKey := "koike-3.6-S3",
      standardLabel := "S3, Koike (3.6)",
      standardSymplecticGenerators := 
       [ 
          [ [ E(3), 0, 0, 0, 0, 0 ], [ 0, E(3), 0, 0, 0, 0 ], 
              [ 0, 0, E(3), 0, 0, 0 ], [ 0, 0, 0, E(3), 0, 0 ], 
              [ 0, 0, 0, 0, E(3), 0 ], [ 0, 0, 0, 0, 0, E(3) ] ], 
          [ [ 0, 1, 0, 0, 0, 0 ], [ 1, 0, 0, 0, 0, 0 ], [ 0, 0, 1, 0, 0, 0 ], 
              [ 0, 0, 0, 0, 1, 0 ], [ 0, 0, 0, 1, 0, 0 ], 
              [ 0, 0, 0, 0, 0, 1 ] ], 
          [ [ 0, 0, 1, 0, 0, 0 ], [ 1, 0, 0, 0, 0, 0 ], [ 0, 1, 0, 0, 0, 0 ], 
              [ 0, 0, 0, 0, 0, 1 ], [ 0, 0, 0, 1, 0, 0 ], 
              [ 0, 0, 0, 0, 1, 0 ] ] ],
      standardToSourceMatrix := 
       [ [ 1, 0, 0, 0, 0, 0 ], [ 0, 1, 0, 0, 0, 0 ], [ 0, 0, 1, 0, 0, 0 ], 
          [ 0, 0, 0, 1, 0, 0 ], [ 0, 0, 0, 0, 1, 0 ], [ 0, 0, 0, 0, 0, 1 ] ],
      status := "uniformized",
      symplecticKernelOrder := 18,
      symplecticPart := "S3",
      uniformizedGenerators := 
       [ 
          [ [ E(3), 0, 0, 0, 0, 0 ], [ 0, E(3), 0, 0, 0, 0 ], 
              [ 0, 0, E(3), 0, 0, 0 ], [ 0, 0, 0, E(3), 0, 0 ], 
              [ 0, 0, 0, 0, E(3), 0 ], [ 0, 0, 0, 0, 0, E(3) ] ], 
          [ [ 0, 1, 0, 0, 0, 0 ], [ 1, 0, 0, 0, 0, 0 ], [ 0, 0, 1, 0, 0, 0 ], 
              [ 0, 0, 0, 0, 1, 0 ], [ 0, 0, 0, 1, 0, 0 ], 
              [ 0, 0, 0, 0, 0, 1 ] ], 
          [ [ 0, 0, 1, 0, 0, 0 ], [ 1, 0, 0, 0, 0, 0 ], [ 0, 1, 0, 0, 0, 0 ], 
              [ 0, 0, 0, 0, 0, 1 ], [ 0, 0, 0, 1, 0, 0 ], 
              [ 0, 0, 0, 0, 1, 0 ] ] ],
      witnessType := "generic_full_literal_inclusion" ), rec(
      determinantKernelVerified := true,
      equalsStandardGenericFullGroup := true,
      extraGenerator := fail,
      extraGeneratorInSourceCoordinates := fail,
      extraGeneratorOrigin := "not_needed",
      extraGeneratorOriginPosition := fail,
      fullGroupVerified := true,
      fullIndex := 2,
      fullOrder := 36,
      genericFullGroupContainedVerified := true,
      genericIndex := 2,
      koikeReference := "Koike corrigendum (0.1)",
      permutation := (),
      relativeQuotientOrder := 1,
      sourceKey := "small-nonabelian-S3-PGL-12-4-index-2-dimension-6",
      sourceToStandardMatrix := 
       [ [ 1, 0, 0, 0, 0, 0 ], [ 0, 1, 0, 0, 0, 0 ], [ 0, 0, 1, 0, 0, 0 ], 
          [ 0, 0, 0, 1, 0, 0 ], [ 0, 0, 0, 0, 1, 0 ], [ 0, 0, 0, 0, 0, 1 ] ],
      standardGenericFullGenerators := 
       [ 
          [ [ E(3), 0, 0, 0, 0, 0 ], [ 0, E(3), 0, 0, 0, 0 ], 
              [ 0, 0, E(3), 0, 0, 0 ], [ 0, 0, 0, E(3), 0, 0 ], 
              [ 0, 0, 0, 0, E(3), 0 ], [ 0, 0, 0, 0, 0, E(3) ] ], 
          [ [ 0, 1, 0, 0, 0, 0 ], [ 1, 0, 0, 0, 0, 0 ], [ 0, 0, 1, 0, 0, 0 ], 
              [ 0, 0, 0, 1, 0, 0 ], [ 0, 0, 0, 0, 1, 0 ], 
              [ 0, 0, 0, 0, 0, -1 ] ], 
          [ [ 0, 0, 1, 0, 0, 0 ], [ 1, 0, 0, 0, 0, 0 ], [ 0, 1, 0, 0, 0, 0 ], 
              [ 0, 0, 0, 1, 0, 0 ], [ 0, 0, 0, 0, 1, 0 ], 
              [ 0, 0, 0, 0, 0, 1 ] ], 
          [ [ 1, 0, 0, 0, 0, 0 ], [ 0, 1, 0, 0, 0, 0 ], [ 0, 0, 1, 0, 0, 0 ], 
              [ 0, 0, 0, 1, 0, 0 ], [ 0, 0, 0, 0, 1, 0 ], 
              [ 0, 0, 0, 0, 0, -1 ] ] ],
      standardKey := "koike-corrigendum-0.1-S3",
      standardLabel := "S3, corrigendum (0.1)",
      standardSymplecticGenerators := 
       [ 
          [ [ E(3), 0, 0, 0, 0, 0 ], [ 0, E(3), 0, 0, 0, 0 ], 
              [ 0, 0, E(3), 0, 0, 0 ], [ 0, 0, 0, E(3), 0, 0 ], 
              [ 0, 0, 0, 0, E(3), 0 ], [ 0, 0, 0, 0, 0, E(3) ] ], 
          [ [ 0, 1, 0, 0, 0, 0 ], [ 1, 0, 0, 0, 0, 0 ], [ 0, 0, 1, 0, 0, 0 ], 
              [ 0, 0, 0, 1, 0, 0 ], [ 0, 0, 0, 0, 1, 0 ], 
              [ 0, 0, 0, 0, 0, -1 ] ], 
          [ [ 0, 0, 1, 0, 0, 0 ], [ 1, 0, 0, 0, 0, 0 ], [ 0, 1, 0, 0, 0, 0 ], 
              [ 0, 0, 0, 1, 0, 0 ], [ 0, 0, 0, 0, 1, 0 ], 
              [ 0, 0, 0, 0, 0, 1 ] ] ],
      standardToSourceMatrix := 
       [ [ 1, 0, 0, 0, 0, 0 ], [ 0, 1, 0, 0, 0, 0 ], [ 0, 0, 1, 0, 0, 0 ], 
          [ 0, 0, 0, 1, 0, 0 ], [ 0, 0, 0, 0, 1, 0 ], [ 0, 0, 0, 0, 0, 1 ] ],
      status := "uniformized",
      symplecticKernelOrder := 18,
      symplecticPart := "S3",
      uniformizedGenerators := 
       [ 
          [ [ E(3), 0, 0, 0, 0, 0 ], [ 0, E(3), 0, 0, 0, 0 ], 
              [ 0, 0, E(3), 0, 0, 0 ], [ 0, 0, 0, E(3), 0, 0 ], 
              [ 0, 0, 0, 0, E(3), 0 ], [ 0, 0, 0, 0, 0, E(3) ] ], 
          [ [ 0, 1, 0, 0, 0, 0 ], [ 1, 0, 0, 0, 0, 0 ], [ 0, 0, 1, 0, 0, 0 ], 
              [ 0, 0, 0, 1, 0, 0 ], [ 0, 0, 0, 0, 1, 0 ], 
              [ 0, 0, 0, 0, 0, -1 ] ], 
          [ [ 0, 0, 1, 0, 0, 0 ], [ 1, 0, 0, 0, 0, 0 ], [ 0, 1, 0, 0, 0, 0 ], 
              [ 0, 0, 0, 1, 0, 0 ], [ 0, 0, 0, 0, 1, 0 ], 
              [ 0, 0, 0, 0, 0, 1 ] ], 
          [ [ 1, 0, 0, 0, 0, 0 ], [ 0, 1, 0, 0, 0, 0 ], [ 0, 0, 1, 0, 0, 0 ], 
              [ 0, 0, 0, 1, 0, 0 ], [ 0, 0, 0, 0, 1, 0 ], 
              [ 0, 0, 0, 0, 0, -1 ] ] ],
      witnessType := "generic_full_literal_inclusion" ) ];
