GenericFullGroupAudit := rec(
  failures := [  ],
  gapVersion := "4.15.1",
  numberOfFailures := 0,
  numberOfFamilies := 156,
  rows := [ rec(
          fullIndex := 6,
          fullOrderCorrect := true,
          genericFullGroupContained := true,
          genericIndex := 6,
          number := 1,
          sourceKey := 
           "rank-at-least-15-3^4:A_6-PGL-174960-0-index-6-dimension-0",
          symplecticGroupContained := true,
          symplecticPart := "3^4:A_6" ), rec(
          fullIndex := 1,
          fullOrderCorrect := true,
          genericFullGroupContained := true,
          genericIndex := 1,
          number := 2,
          sourceKey := "rank-at-least-15-A_7-PGL-2520-0-index-1-dimension-0",
          symplecticGroupContained := true,
          symplecticPart := "A_7" ), rec(
          fullIndex := 2,
          fullOrderCorrect := true,
          genericFullGroupContained := true,
          genericIndex := 2,
          number := 3,
          sourceKey := "rank-at-least-15-A_7-PGL-5040-0-index-2-dimension-0",
          symplecticGroupContained := true,
          symplecticPart := "A_7" ), rec(
          fullIndex := 4,
          fullOrderCorrect := true,
          genericFullGroupContained := true,
          genericIndex := 4,
          number := 4,
          sourceKey := 
           "rank-at-least-15-3^{1+4}:2.2^2-PGL-7776-0-index-4-dimension-0",
          symplecticGroupContained := true,
          symplecticPart := "3^{1+4}:2.2^2" ), rec(
          fullIndex := 1,
          fullOrderCorrect := true,
          genericFullGroupContained := true,
          genericIndex := 1,
          number := 5,
          sourceKey := "rank-at-least-15-M_10-PGL-720-0-index-1-dimension-0",
          symplecticGroupContained := true,
          symplecticPart := "M_10" ), rec(
          fullIndex := 1,
          fullOrderCorrect := true,
          genericFullGroupContained := true,
          genericIndex := 1,
          number := 6,
          sourceKey := 
           "rank-at-least-15-M_10-PGL-720-0-index-1-dimension-0-representation\
-2",
          symplecticGroupContained := true,
          symplecticPart := "M_10" ), rec(
          fullIndex := 3,
          fullOrderCorrect := true,
          genericFullGroupContained := true,
          genericIndex := 3,
          number := 7,
          sourceKey := 
           "rank-at-least-15-L_2(11)-PGL-1980-0-index-3-dimension-0",
          symplecticGroupContained := true,
          symplecticPart := "L_2(11)" ), rec(
          fullIndex := 6,
          fullOrderCorrect := true,
          genericFullGroupContained := true,
          genericIndex := 6,
          number := 8,
          sourceKey := "rank-at-least-15-A_3,5-PGL-2160-0-index-6-dimension-0"
           ,
          symplecticGroupContained := true,
          symplecticPart := "A_3,5" ), rec(
          fullIndex := 2,
          fullOrderCorrect := true,
          genericFullGroupContained := true,
          genericIndex := 2,
          number := 9,
          sourceKey := 
           "rank-at-least-15-3^{1+4}:2.2-PGL-1944-0-index-2-dimension-1",
          symplecticGroupContained := true,
          symplecticPart := "3^{1+4}:2.2" ), rec(
          fullIndex := 1,
          fullOrderCorrect := true,
          genericFullGroupContained := true,
          genericIndex := 1,
          number := 10,
          sourceKey := "rank-at-least-15-A_6-PGL-360-0-index-1-dimension-1",
          symplecticGroupContained := true,
          symplecticPart := "A_6" ), rec(
          fullIndex := 2,
          fullOrderCorrect := true,
          genericFullGroupContained := true,
          genericIndex := 2,
          number := 11,
          sourceKey := "rank-at-least-15-A_6-PGL-720-0-index-2-dimension-1",
          symplecticGroupContained := true,
          symplecticPart := "A_6" ), rec(
          fullIndex := 1,
          fullOrderCorrect := true,
          genericFullGroupContained := true,
          genericIndex := 1,
          number := 12,
          sourceKey := 
           "rank-at-least-15-PSL(2,7)-PGL-168-0-index-1-dimension-1",
          symplecticGroupContained := true,
          symplecticPart := "PSL(2,7)" ), rec(
          fullIndex := 2,
          fullOrderCorrect := true,
          genericFullGroupContained := true,
          genericIndex := 1,
          number := 13,
          sourceKey := 
           "rank-at-least-15-PSL(2,7)-PGL-336-0-index-2-dimension-0",
          symplecticGroupContained := true,
          symplecticPart := "PSL(2,7)" ), rec(
          fullIndex := 2,
          fullOrderCorrect := true,
          genericFullGroupContained := true,
          genericIndex := 1,
          number := 14,
          sourceKey := 
           "rank-at-least-15-PSL(2,7)-PGL-336-0-index-2-dimension-0-representa\
tion-2",
          symplecticGroupContained := true,
          symplecticPart := "PSL(2,7)" ), rec(
          fullIndex := 1,
          fullOrderCorrect := true,
          genericFullGroupContained := true,
          genericIndex := 1,
          number := 15,
          sourceKey := "rank-at-least-15-S_5-PGL-120-0-index-1-dimension-1",
          symplecticGroupContained := true,
          symplecticPart := "S_5" ), rec(
          fullIndex := 2,
          fullOrderCorrect := true,
          genericFullGroupContained := true,
          genericIndex := 2,
          number := 16,
          sourceKey := "rank-at-least-15-S_5-PGL-240-0-index-2-dimension-1",
          symplecticGroupContained := true,
          symplecticPart := "S_5" ), rec(
          fullIndex := 1,
          fullOrderCorrect := true,
          genericFullGroupContained := true,
          genericIndex := 1,
          number := 17,
          sourceKey := "rank-at-least-15-M_9-PGL-72-41-index-1-dimension-1",
          symplecticGroupContained := true,
          symplecticPart := "M_9" ), rec(
          fullIndex := 3,
          fullOrderCorrect := true,
          genericFullGroupContained := true,
          genericIndex := 1,
          number := 18,
          sourceKey := "rank-at-least-15-M_9-PGL-216-0-index-3-dimension-0",
          symplecticGroupContained := true,
          symplecticPart := "M_9" ), rec(
          fullIndex := 2,
          fullOrderCorrect := true,
          genericFullGroupContained := true,
          genericIndex := 2,
          number := 19,
          sourceKey := "rank-at-least-15-N_72-PGL-144-186-index-2-dimension-1"
           ,
          symplecticGroupContained := true,
          symplecticPart := "N_72" ), rec(
          fullIndex := 1,
          fullOrderCorrect := true,
          genericFullGroupContained := true,
          genericIndex := 1,
          number := 20,
          sourceKey := "rank-at-least-15-T_48-PGL-48-0-index-1-dimension-1",
          symplecticGroupContained := true,
          symplecticPart := "T_48" ), rec(
          fullIndex := 2,
          fullOrderCorrect := true,
          genericFullGroupContained := true,
          genericIndex := 2,
          number := 21,
          sourceKey := 
           "rank-at-least-15-3^{1+4}:2-PGL-972-0-index-2-dimension-2",
          symplecticGroupContained := true,
          symplecticPart := "3^{1+4}:2" ), rec(
          fullIndex := 4,
          fullOrderCorrect := true,
          genericFullGroupContained := true,
          genericIndex := 2,
          number := 22,
          sourceKey := 
           "rank-at-least-15-3^{1+4}:2-PGL-1944-3493-index-4-dimension-1",
          symplecticGroupContained := true,
          symplecticPart := "3^{1+4}:2" ), rec(
          fullIndex := 6,
          fullOrderCorrect := true,
          genericFullGroupContained := true,
          genericIndex := 2,
          number := 23,
          sourceKey := 
           "rank-at-least-15-3^{1+4}:2-PGL-2916-0-index-6-dimension-1",
          symplecticGroupContained := true,
          symplecticPart := "3^{1+4}:2" ), rec(
          fullIndex := 12,
          fullOrderCorrect := true,
          genericFullGroupContained := true,
          genericIndex := 2,
          number := 24,
          sourceKey := 
           "rank-at-least-15-3^{1+4}:2-PGL-5832-0-index-12-dimension-0",
          symplecticGroupContained := true,
          symplecticPart := "3^{1+4}:2" ), rec(
          fullIndex := 1,
          fullOrderCorrect := true,
          genericFullGroupContained := true,
          genericIndex := 1,
          number := 25,
          sourceKey := "rank-at-least-15-A_4,3-PGL-72-43-index-1-dimension-2",
          symplecticGroupContained := true,
          symplecticPart := "A_4,3" ), rec(
          fullIndex := 2,
          fullOrderCorrect := true,
          genericFullGroupContained := true,
          genericIndex := 1,
          number := 26,
          sourceKey := 
           "rank-at-least-15-A_4,3-PGL-144-189-index-2-dimension-1",
          symplecticGroupContained := true,
          symplecticPart := "A_4,3" ), rec(
          fullIndex := 2,
          fullOrderCorrect := true,
          genericFullGroupContained := true,
          genericIndex := 2,
          number := 27,
          sourceKey := "rank-at-least-15-A_4,3-PGL-144-0-index-2-dimension-2",
          symplecticGroupContained := true,
          symplecticPart := "A_4,3" ), rec(
          fullIndex := 6,
          fullOrderCorrect := true,
          genericFullGroupContained := true,
          genericIndex := 2,
          number := 28,
          sourceKey := 
           "rank-at-least-15-A_4,3-PGL-432-745-index-6-dimension-1",
          symplecticGroupContained := true,
          symplecticPart := "A_4,3" ), rec(
          fullIndex := 1,
          fullOrderCorrect := true,
          genericFullGroupContained := true,
          genericIndex := 1,
          number := 29,
          sourceKey := "rank-at-least-15-A_5-PGL-60-0-index-1-dimension-2",
          symplecticGroupContained := true,
          symplecticPart := "A_5" ), rec(
          fullIndex := 3,
          fullOrderCorrect := true,
          genericFullGroupContained := true,
          genericIndex := 1,
          number := 30,
          sourceKey := "rank-at-least-15-A_5-PGL-180-19-index-3-dimension-1",
          symplecticGroupContained := true,
          symplecticPart := "A_5" ), rec(
          fullIndex := 2,
          fullOrderCorrect := true,
          genericFullGroupContained := true,
          genericIndex := 2,
          number := 31,
          sourceKey := "rank-at-least-15-A_5-PGL-120-0-index-2-dimension-2",
          symplecticGroupContained := true,
          symplecticPart := "A_5" ), rec(
          fullIndex := 6,
          fullOrderCorrect := true,
          genericFullGroupContained := true,
          genericIndex := 2,
          number := 32,
          sourceKey := "rank-at-least-15-A_5-PGL-360-119-index-6-dimension-1",
          symplecticGroupContained := true,
          symplecticPart := "A_5" ), rec(
          fullIndex := 1,
          fullOrderCorrect := true,
          genericFullGroupContained := true,
          genericIndex := 1,
          number := 33,
          sourceKey := "rank-at-least-15-3^2.4-PGL-36-0-index-1-dimension-2",
          symplecticGroupContained := true,
          symplecticPart := "3^2.4" ), rec(
          fullIndex := 2,
          fullOrderCorrect := true,
          genericFullGroupContained := true,
          genericIndex := 2,
          number := 34,
          sourceKey := "rank-at-least-15-3^2.4-PGL-72-40-index-2-dimension-2",
          symplecticGroupContained := true,
          symplecticPart := "3^2.4" ), rec(
          fullIndex := 2,
          fullOrderCorrect := true,
          genericFullGroupContained := true,
          genericIndex := 2,
          number := 35,
          sourceKey := "rank-at-least-15-S_3,3-PGL-72-46-index-2-dimension-2",
          symplecticGroupContained := true,
          symplecticPart := "S_3,3" ), rec(
          fullIndex := 6,
          fullOrderCorrect := true,
          genericFullGroupContained := true,
          genericIndex := 2,
          number := 36,
          sourceKey := 
           "rank-at-least-15-S_3,3-PGL-216-170-index-6-dimension-1",
          symplecticGroupContained := true,
          symplecticPart := "S_3,3" ), rec(
          fullIndex := 2,
          fullOrderCorrect := true,
          genericFullGroupContained := true,
          genericIndex := 2,
          number := 37,
          sourceKey := "rank-at-least-15-S_3,3-PGL-72-40-index-2-dimension-2",
          symplecticGroupContained := true,
          symplecticPart := "S_3,3" ), rec(
          fullIndex := 6,
          fullOrderCorrect := true,
          genericFullGroupContained := true,
          genericIndex := 2,
          number := 38,
          sourceKey := 
           "rank-at-least-15-S_3,3-PGL-216-157-index-6-dimension-1",
          symplecticGroupContained := true,
          symplecticPart := "S_3,3" ), rec(
          fullIndex := 1,
          fullOrderCorrect := true,
          genericFullGroupContained := true,
          genericIndex := 1,
          number := 39,
          sourceKey := "rank-at-least-15-F_21-PGL-21-0-index-1-dimension-2",
          symplecticGroupContained := true,
          symplecticPart := "F_21" ), rec(
          fullIndex := 2,
          fullOrderCorrect := true,
          genericFullGroupContained := true,
          genericIndex := 1,
          number := 40,
          sourceKey := "rank-at-least-15-F_21-PGL-42-0-index-2-dimension-1",
          symplecticGroupContained := true,
          symplecticPart := "F_21" ), rec(
          fullIndex := 6,
          fullOrderCorrect := true,
          genericFullGroupContained := true,
          genericIndex := 1,
          number := 41,
          sourceKey := "rank-at-least-15-F_21-PGL-126-0-index-6-dimension-0",
          symplecticGroupContained := true,
          symplecticPart := "F_21" ), rec(
          fullIndex := 1,
          fullOrderCorrect := true,
          genericFullGroupContained := true,
          genericIndex := 1,
          number := 42,
          sourceKey := "rank-at-least-15-Hol_5-PGL-20-0-index-1-dimension-2",
          symplecticGroupContained := true,
          symplecticPart := "Hol_5" ), rec(
          fullIndex := 1,
          fullOrderCorrect := true,
          genericFullGroupContained := true,
          genericIndex := 1,
          number := 43,
          sourceKey := "rank-at-least-15-QD_16-PGL-16-0-index-1-dimension-2",
          symplecticGroupContained := true,
          symplecticPart := "QD_16" ), rec(
          fullIndex := 2,
          fullOrderCorrect := true,
          genericFullGroupContained := true,
          genericIndex := 1,
          number := 44,
          sourceKey := "rank-at-least-15-QD_16-PGL-32-42-index-2-dimension-1",
          symplecticGroupContained := true,
          symplecticPart := "QD_16" ), rec(
          fullIndex := 1,
          fullOrderCorrect := true,
          genericFullGroupContained := true,
          genericIndex := 1,
          number := 45,
          sourceKey := "rank-at-least-15-S_4-PGL-24-0-index-1-dimension-3",
          symplecticGroupContained := true,
          symplecticPart := "S_4" ), rec(
          fullIndex := 2,
          fullOrderCorrect := true,
          genericFullGroupContained := true,
          genericIndex := 1,
          number := 46,
          sourceKey := "rank-at-least-15-S_4-PGL-48-48-index-2-dimension-2",
          symplecticGroupContained := true,
          symplecticPart := "S_4" ), rec(
          fullIndex := 2,
          fullOrderCorrect := true,
          genericFullGroupContained := true,
          genericIndex := 2,
          number := 47,
          sourceKey := "rank-at-least-15-S_4-PGL-48-0-index-2-dimension-3",
          symplecticGroupContained := true,
          symplecticPart := "S_4" ), rec(
          fullIndex := 1,
          fullOrderCorrect := true,
          genericFullGroupContained := true,
          genericIndex := 1,
          number := 48,
          sourceKey := "rank-at-least-15-Q_8-PGL-8-0-index-1-dimension-3",
          symplecticGroupContained := true,
          symplecticPart := "Q_8" ), rec(
          fullIndex := 2,
          fullOrderCorrect := true,
          genericFullGroupContained := true,
          genericIndex := 1,
          number := 49,
          sourceKey := "rank-at-least-15-Q_8-PGL-16-13-index-2-dimension-2",
          symplecticGroupContained := true,
          symplecticPart := "Q_8" ), rec(
          fullIndex := 3,
          fullOrderCorrect := true,
          genericFullGroupContained := true,
          genericIndex := 1,
          number := 50,
          sourceKey := "rank-at-least-15-Q_8-PGL-24-3-index-3-dimension-1",
          symplecticGroupContained := true,
          symplecticPart := "Q_8" ), rec(
          fullIndex := 4,
          fullOrderCorrect := true,
          genericFullGroupContained := true,
          genericIndex := 1,
          number := 51,
          sourceKey := "rank-at-least-15-Q_8-PGL-32-11-index-4-dimension-1",
          symplecticGroupContained := true,
          symplecticPart := "Q_8" ), rec(
          fullIndex := 1,
          fullOrderCorrect := true,
          genericFullGroupContained := true,
          genericIndex := 1,
          number := 52,
          sourceKey := "rank-at-least-15-A_3,3-PGL-18-0-index-1-dimension-4",
          symplecticGroupContained := true,
          symplecticPart := "A_3,3" ), rec(
          fullIndex := 2,
          fullOrderCorrect := true,
          genericFullGroupContained := true,
          genericIndex := 1,
          number := 53,
          sourceKey := "rank-at-least-15-A_3,3-PGL-36-13-index-2-dimension-2",
          symplecticGroupContained := true,
          symplecticPart := "A_3,3" ), rec(
          fullIndex := 3,
          fullOrderCorrect := true,
          genericFullGroupContained := true,
          genericIndex := 1,
          number := 54,
          sourceKey := "rank-at-least-15-A_3,3-PGL-54-5-index-3-dimension-1",
          symplecticGroupContained := true,
          symplecticPart := "A_3,3" ), rec(
          fullIndex := 2,
          fullOrderCorrect := true,
          genericFullGroupContained := true,
          genericIndex := 2,
          number := 55,
          sourceKey := "rank-at-least-15-A_3,3-PGL-36-0-index-2-dimension-4",
          symplecticGroupContained := true,
          symplecticPart := "A_3,3" ), rec(
          fullIndex := 6,
          fullOrderCorrect := true,
          genericFullGroupContained := true,
          genericIndex := 2,
          number := 56,
          sourceKey := "rank-at-least-15-A_3,3-PGL-108-38-index-6-dimension-2"
           ,
          symplecticGroupContained := true,
          symplecticPart := "A_3,3" ), rec(
          fullIndex := 6,
          fullOrderCorrect := true,
          genericFullGroupContained := true,
          genericIndex := 2,
          number := 57,
          sourceKey := 
           "rank-at-least-15-A_3,3-PGL-108-38-index-6-dimension-2-representati\
on-2",
          symplecticGroupContained := true,
          symplecticPart := "A_3,3" ), rec(
          fullIndex := 1,
          fullOrderCorrect := true,
          genericFullGroupContained := true,
          genericIndex := 1,
          number := 58,
          sourceKey := "rank-at-least-15-D_12-PGL-12-0-index-1-dimension-4",
          symplecticGroupContained := true,
          symplecticPart := "D_12" ), rec(
          fullIndex := 2,
          fullOrderCorrect := true,
          genericFullGroupContained := true,
          genericIndex := 1,
          number := 59,
          sourceKey := "rank-at-least-15-D_12-PGL-24-8-index-2-dimension-2",
          symplecticGroupContained := true,
          symplecticPart := "D_12" ), rec(
          fullIndex := 2,
          fullOrderCorrect := true,
          genericFullGroupContained := true,
          genericIndex := 1,
          number := 60,
          sourceKey := "rank-at-least-15-D_12-PGL-24-14-index-2-dimension-2",
          symplecticGroupContained := true,
          symplecticPart := "D_12" ), rec(
          fullIndex := 3,
          fullOrderCorrect := true,
          genericFullGroupContained := true,
          genericIndex := 1,
          number := 61,
          sourceKey := "rank-at-least-15-D_12-PGL-36-12-index-3-dimension-2",
          symplecticGroupContained := true,
          symplecticPart := "D_12" ), rec(
          fullIndex := 6,
          fullOrderCorrect := true,
          genericFullGroupContained := true,
          genericIndex := 1,
          number := 62,
          sourceKey := "rank-at-least-15-D_12-PGL-72-30-index-6-dimension-1",
          symplecticGroupContained := true,
          symplecticPart := "D_12" ), rec(
          fullIndex := 2,
          fullOrderCorrect := true,
          genericFullGroupContained := true,
          genericIndex := 2,
          number := 63,
          sourceKey := "rank-at-least-15-D_12-PGL-24-14-index-2-dimension-4",
          symplecticGroupContained := true,
          symplecticPart := "D_12" ), rec(
          fullIndex := 6,
          fullOrderCorrect := true,
          genericFullGroupContained := true,
          genericIndex := 2,
          number := 64,
          sourceKey := "rank-at-least-15-D_12-PGL-72-48-index-6-dimension-2",
          symplecticGroupContained := true,
          symplecticPart := "D_12" ), rec(
          fullIndex := 1,
          fullOrderCorrect := true,
          genericFullGroupContained := true,
          genericIndex := 1,
          number := 65,
          sourceKey := "rank-at-least-15-A_4-PGL-12-0-index-1-dimension-4",
          symplecticGroupContained := true,
          symplecticPart := "A_4" ), rec(
          fullIndex := 2,
          fullOrderCorrect := true,
          genericFullGroupContained := true,
          genericIndex := 1,
          number := 66,
          sourceKey := "rank-at-least-15-A_4-PGL-24-13-index-2-dimension-3",
          symplecticGroupContained := true,
          symplecticPart := "A_4" ), rec(
          fullIndex := 3,
          fullOrderCorrect := true,
          genericFullGroupContained := true,
          genericIndex := 1,
          number := 67,
          sourceKey := "rank-at-least-15-A_4-PGL-36-11-index-3-dimension-2",
          symplecticGroupContained := true,
          symplecticPart := "A_4" ), rec(
          fullIndex := 2,
          fullOrderCorrect := true,
          genericFullGroupContained := true,
          genericIndex := 2,
          number := 68,
          sourceKey := "rank-at-least-15-A_4-PGL-24-0-index-2-dimension-4",
          symplecticGroupContained := true,
          symplecticPart := "A_4" ), rec(
          fullIndex := 6,
          fullOrderCorrect := true,
          genericFullGroupContained := true,
          genericIndex := 2,
          number := 69,
          sourceKey := "rank-at-least-15-A_4-PGL-72-42-index-6-dimension-2",
          symplecticGroupContained := true,
          symplecticPart := "A_4" ), rec(
          fullIndex := 1,
          fullOrderCorrect := true,
          genericFullGroupContained := true,
          genericIndex := 1,
          number := 70,
          sourceKey := "rank-at-least-15-D_10-PGL-10-0-index-1-dimension-4",
          symplecticGroupContained := true,
          symplecticPart := "D_10" ), rec(
          fullIndex := 2,
          fullOrderCorrect := true,
          genericFullGroupContained := true,
          genericIndex := 1,
          number := 71,
          sourceKey := "rank-at-least-15-D_10-PGL-20-4-index-2-dimension-2",
          symplecticGroupContained := true,
          symplecticPart := "D_10" ), rec(
          fullIndex := 3,
          fullOrderCorrect := true,
          genericFullGroupContained := true,
          genericIndex := 1,
          number := 72,
          sourceKey := "rank-at-least-15-D_10-PGL-30-2-index-3-dimension-2",
          symplecticGroupContained := true,
          symplecticPart := "D_10" ), rec(
          fullIndex := 1,
          fullOrderCorrect := true,
          genericFullGroupContained := true,
          genericIndex := 1,
          number := 73,
          sourceKey := "rank-at-least-15-D_8-PGL-8-0-index-1-dimension-5",
          symplecticGroupContained := true,
          symplecticPart := "D_8" ), rec(
          fullIndex := 2,
          fullOrderCorrect := true,
          genericFullGroupContained := true,
          genericIndex := 1,
          number := 74,
          sourceKey := "rank-at-least-15-D_8-PGL-16-11-index-2-dimension-4",
          symplecticGroupContained := true,
          symplecticPart := "D_8" ), rec(
          fullIndex := 2,
          fullOrderCorrect := true,
          genericFullGroupContained := true,
          genericIndex := 1,
          number := 75,
          sourceKey := "rank-at-least-15-D_8-PGL-16-13-index-2-dimension-3",
          symplecticGroupContained := true,
          symplecticPart := "D_8" ), rec(
          fullIndex := 2,
          fullOrderCorrect := true,
          genericFullGroupContained := true,
          genericIndex := 1,
          number := 76,
          sourceKey := "rank-at-least-15-D_8-PGL-16-7-index-2-dimension-2",
          symplecticGroupContained := true,
          symplecticPart := "D_8" ), rec(
          fullIndex := 1,
          fullOrderCorrect := true,
          genericFullGroupContained := true,
          genericIndex := 1,
          number := 77,
          sourceKey := "liftable-abelian-C4-PGL-4-1-index-1-dimension-6",
          symplecticGroupContained := true,
          symplecticPart := "C4" ), rec(
          fullIndex := 2,
          fullOrderCorrect := true,
          genericFullGroupContained := true,
          genericIndex := 1,
          number := 78,
          sourceKey := "small-nonabelian-C4-PGL-8-3-index-2-dimension-5",
          symplecticGroupContained := true,
          symplecticPart := "C4" ), rec(
          fullIndex := 2,
          fullOrderCorrect := true,
          genericFullGroupContained := true,
          genericIndex := 1,
          number := 79,
          sourceKey := "liftable-abelian-C4-PGL-8-2-index-2-dimension-4",
          symplecticGroupContained := true,
          symplecticPart := "C4" ), rec(
          fullIndex := 2,
          fullOrderCorrect := true,
          genericFullGroupContained := true,
          genericIndex := 1,
          number := 80,
          sourceKey := "small-nonabelian-C4-PGL-8-3-index-2-dimension-3",
          symplecticGroupContained := true,
          symplecticPart := "C4" ), rec(
          fullIndex := 4,
          fullOrderCorrect := true,
          genericFullGroupContained := true,
          genericIndex := 1,
          number := 81,
          sourceKey := "liftable-abelian-C4-PGL-16-2-index-4-dimension-2",
          symplecticGroupContained := true,
          symplecticPart := "C4" ), rec(
          fullIndex := 4,
          fullOrderCorrect := true,
          genericFullGroupContained := true,
          genericIndex := 1,
          number := 82,
          sourceKey := "small-nonabelian-C4-PGL-16-6-index-4-dimension-2",
          symplecticGroupContained := true,
          symplecticPart := "C4" ), rec(
          fullIndex := 1,
          fullOrderCorrect := true,
          genericFullGroupContained := true,
          genericIndex := 1,
          number := 83,
          sourceKey := "small-nonabelian-S3-PGL-6-1-index-1-dimension-6",
          symplecticGroupContained := true,
          symplecticPart := "S3" ), rec(
          fullIndex := 2,
          fullOrderCorrect := true,
          genericFullGroupContained := true,
          genericIndex := 1,
          number := 84,
          sourceKey := "small-nonabelian-S3-PGL-12-4-index-2-dimension-3",
          symplecticGroupContained := true,
          symplecticPart := "S3" ), rec(
          fullIndex := 2,
          fullOrderCorrect := true,
          genericFullGroupContained := true,
          genericIndex := 1,
          number := 85,
          sourceKey := 
           "small-nonabelian-S3-PGL-12-4-index-2-dimension-3-representation-2"
           ,
          symplecticGroupContained := true,
          symplecticPart := "S3" ), rec(
          fullIndex := 3,
          fullOrderCorrect := true,
          genericFullGroupContained := true,
          genericIndex := 1,
          number := 86,
          sourceKey := "small-nonabelian-S3-PGL-18-3-index-3-dimension-3",
          symplecticGroupContained := true,
          symplecticPart := "S3" ), rec(
          fullIndex := 3,
          fullOrderCorrect := true,
          genericFullGroupContained := true,
          genericIndex := 1,
          number := 87,
          sourceKey := 
           "small-nonabelian-S3-PGL-18-3-index-3-dimension-2-representation-2"
           ,
          symplecticGroupContained := true,
          symplecticPart := "S3" ), rec(
          fullIndex := 2,
          fullOrderCorrect := true,
          genericFullGroupContained := true,
          genericIndex := 2,
          number := 88,
          sourceKey := "small-nonabelian-S3-PGL-12-4-index-2-dimension-6",
          symplecticGroupContained := true,
          symplecticPart := "S3" ), rec(
          fullIndex := 4,
          fullOrderCorrect := true,
          genericFullGroupContained := true,
          genericIndex := 2,
          number := 89,
          sourceKey := "small-nonabelian-S3-PGL-24-5-index-4-dimension-3",
          symplecticGroupContained := true,
          symplecticPart := "S3" ), rec(
          fullIndex := 6,
          fullOrderCorrect := true,
          genericFullGroupContained := true,
          genericIndex := 2,
          number := 90,
          sourceKey := "small-nonabelian-S3-PGL-36-12-index-6-dimension-3",
          symplecticGroupContained := true,
          symplecticPart := "S3" ), rec(
          fullIndex := 6,
          fullOrderCorrect := true,
          genericFullGroupContained := true,
          genericIndex := 2,
          number := 91,
          sourceKey := 
           "small-nonabelian-S3-PGL-36-12-index-6-dimension-3-representation-2\
",
          symplecticGroupContained := true,
          symplecticPart := "S3" ), rec(
          fullIndex := 6,
          fullOrderCorrect := true,
          genericFullGroupContained := true,
          genericIndex := 2,
          number := 92,
          sourceKey := 
           "small-nonabelian-S3-PGL-36-12-index-6-dimension-2-representation-2\
",
          symplecticGroupContained := true,
          symplecticPart := "S3" ), rec(
          fullIndex := 8,
          fullOrderCorrect := true,
          genericFullGroupContained := true,
          genericIndex := 2,
          number := 93,
          sourceKey := "small-nonabelian-S3-PGL-48-4-index-8-dimension-1",
          symplecticGroupContained := true,
          symplecticPart := "S3" ), rec(
          fullIndex := 12,
          fullOrderCorrect := true,
          genericFullGroupContained := true,
          genericIndex := 2,
          number := 94,
          sourceKey := "small-nonabelian-S3-PGL-72-27-index-12-dimension-1",
          symplecticGroupContained := true,
          symplecticPart := "S3" ), rec(
          fullIndex := 12,
          fullOrderCorrect := true,
          genericFullGroupContained := true,
          genericIndex := 2,
          number := 95,
          sourceKey := 
           "small-nonabelian-S3-PGL-72-27-index-12-dimension-1-representation-\
2",
          symplecticGroupContained := true,
          symplecticPart := "S3" ), rec(
          fullIndex := 24,
          fullOrderCorrect := true,
          genericFullGroupContained := true,
          genericIndex := 2,
          number := 96,
          sourceKey := "small-nonabelian-S3-PGL-144-69-index-24-dimension-0",
          symplecticGroupContained := true,
          symplecticPart := "S3" ), rec(
          fullIndex := 1,
          fullOrderCorrect := true,
          genericFullGroupContained := true,
          genericIndex := 1,
          number := 97,
          sourceKey := "liftable-abelian-C2^2-PGL-4-2-index-1-dimension-8",
          symplecticGroupContained := true,
          symplecticPart := "C2^2" ), rec(
          fullIndex := 2,
          fullOrderCorrect := true,
          genericFullGroupContained := true,
          genericIndex := 1,
          number := 98,
          sourceKey := "liftable-abelian-C2^2-PGL-8-5-index-2-dimension-7",
          symplecticGroupContained := true,
          symplecticPart := "C2^2" ), rec(
          fullIndex := 2,
          fullOrderCorrect := true,
          genericFullGroupContained := true,
          genericIndex := 1,
          number := 99,
          sourceKey := "small-nonabelian-C2^2-PGL-8-3-index-2-dimension-6",
          symplecticGroupContained := true,
          symplecticPart := "C2^2" ), rec(
          fullIndex := 2,
          fullOrderCorrect := true,
          genericFullGroupContained := true,
          genericIndex := 1,
          number := 100,
          sourceKey := "liftable-abelian-C2^2-PGL-8-5-index-2-dimension-5",
          symplecticGroupContained := true,
          symplecticPart := "C2^2" ), rec(
          fullIndex := 3,
          fullOrderCorrect := true,
          genericFullGroupContained := true,
          genericIndex := 1,
          number := 101,
          sourceKey := "liftable-abelian-C2^2-PGL-12-5-index-3-dimension-4",
          symplecticGroupContained := true,
          symplecticPart := "C2^2" ), rec(
          fullIndex := 3,
          fullOrderCorrect := true,
          genericFullGroupContained := true,
          genericIndex := 1,
          number := 102,
          sourceKey := "small-nonabelian-C2^2-PGL-12-3-index-3-dimension-3",
          symplecticGroupContained := true,
          symplecticPart := "C2^2" ), rec(
          fullIndex := 6,
          fullOrderCorrect := true,
          genericFullGroupContained := true,
          genericIndex := 1,
          number := 103,
          sourceKey := "small-nonabelian-C2^2-PGL-24-10-index-6-dimension-3",
          symplecticGroupContained := true,
          symplecticPart := "C2^2" ), rec(
          fullIndex := 6,
          fullOrderCorrect := true,
          genericFullGroupContained := true,
          genericIndex := 1,
          number := 104,
          sourceKey := "small-nonabelian-C2^2-PGL-24-13-index-6-dimension-2",
          symplecticGroupContained := true,
          symplecticPart := "C2^2" ), rec(
          fullIndex := 6,
          fullOrderCorrect := true,
          genericFullGroupContained := true,
          genericIndex := 1,
          number := 105,
          sourceKey := 
           "small-nonabelian-C2^2-PGL-24-13-index-6-dimension-2-representation\
-2",
          symplecticGroupContained := true,
          symplecticPart := "C2^2" ), rec(
          fullIndex := 1,
          fullOrderCorrect := true,
          genericFullGroupContained := true,
          genericIndex := 1,
          number := 106,
          sourceKey := "liftable-abelian-C3-PGL-3-1-index-1-dimension-8",
          symplecticGroupContained := true,
          symplecticPart := "C3" ), rec(
          fullIndex := 2,
          fullOrderCorrect := true,
          genericFullGroupContained := true,
          genericIndex := 1,
          number := 107,
          sourceKey := "small-nonabelian-C3-PGL-6-1-index-2-dimension-4",
          symplecticGroupContained := true,
          symplecticPart := "C3" ), rec(
          fullIndex := 2,
          fullOrderCorrect := true,
          genericFullGroupContained := true,
          genericIndex := 1,
          number := 108,
          sourceKey := "liftable-abelian-C3-PGL-6-2-index-2-dimension-4",
          symplecticGroupContained := true,
          symplecticPart := "C3" ), rec(
          fullIndex := 2,
          fullOrderCorrect := true,
          genericFullGroupContained := true,
          genericIndex := 1,
          number := 109,
          sourceKey := 
           "liftable-abelian-C3-PGL-6-2-index-2-dimension-4-representation-2",
          symplecticGroupContained := true,
          symplecticPart := "C3" ), rec(
          fullIndex := 3,
          fullOrderCorrect := true,
          genericFullGroupContained := true,
          genericIndex := 1,
          number := 110,
          sourceKey := "liftable-abelian-C3-PGL-9-2-index-3-dimension-4",
          symplecticGroupContained := true,
          symplecticPart := "C3" ), rec(
          fullIndex := 3,
          fullOrderCorrect := true,
          genericFullGroupContained := true,
          genericIndex := 1,
          number := 111,
          sourceKey := "liftable-abelian-C3-PGL-9-2-index-3-dimension-3",
          symplecticGroupContained := true,
          symplecticPart := "C3" ), rec(
          fullIndex := 3,
          fullOrderCorrect := true,
          genericFullGroupContained := true,
          genericIndex := 1,
          number := 112,
          sourceKey := "nonliftable-abelian-C3-PGL-9-2-index-3-dimension-2",
          symplecticGroupContained := true,
          symplecticPart := "C3" ), rec(
          fullIndex := 6,
          fullOrderCorrect := true,
          genericFullGroupContained := true,
          genericIndex := 1,
          number := 113,
          sourceKey := "liftable-abelian-C3-PGL-18-5-index-6-dimension-2",
          symplecticGroupContained := true,
          symplecticPart := "C3" ), rec(
          fullIndex := 6,
          fullOrderCorrect := true,
          genericFullGroupContained := true,
          genericIndex := 1,
          number := 114,
          sourceKey := "nonliftable-abelian-C3-PGL-18-5-index-6-dimension-1",
          symplecticGroupContained := true,
          symplecticPart := "C3" ), rec(
          fullIndex := 2,
          fullOrderCorrect := true,
          genericFullGroupContained := true,
          genericIndex := 2,
          number := 115,
          sourceKey := "small-nonabelian-C3-PGL-6-1-index-2-dimension-8",
          symplecticGroupContained := true,
          symplecticPart := "C3" ), rec(
          fullIndex := 6,
          fullOrderCorrect := true,
          genericFullGroupContained := true,
          genericIndex := 2,
          number := 116,
          sourceKey := "small-nonabelian-C3-PGL-18-3-index-6-dimension-4",
          symplecticGroupContained := true,
          symplecticPart := "C3" ), rec(
          fullIndex := 6,
          fullOrderCorrect := true,
          genericFullGroupContained := true,
          genericIndex := 2,
          number := 117,
          sourceKey := 
           "small-nonabelian-C3-PGL-18-3-index-6-dimension-4-representation-2"
           ,
          symplecticGroupContained := true,
          symplecticPart := "C3" ), rec(
          fullIndex := 6,
          fullOrderCorrect := true,
          genericFullGroupContained := true,
          genericIndex := 2,
          number := 118,
          sourceKey := "small-nonabelian-C3-PGL-18-3-index-6-dimension-3",
          symplecticGroupContained := true,
          symplecticPart := "C3" ), rec(
          fullIndex := 1,
          fullOrderCorrect := true,
          genericFullGroupContained := true,
          genericIndex := 1,
          number := 119,
          sourceKey := "liftable-abelian-C2-PGL-2-1-index-1-dimension-12",
          symplecticGroupContained := true,
          symplecticPart := "C2" ), rec(
          fullIndex := 2,
          fullOrderCorrect := true,
          genericFullGroupContained := true,
          genericIndex := 1,
          number := 120,
          sourceKey := "liftable-abelian-C2-PGL-4-2-index-2-dimension-10",
          symplecticGroupContained := true,
          symplecticPart := "C2" ), rec(
          fullIndex := 2,
          fullOrderCorrect := true,
          genericFullGroupContained := true,
          genericIndex := 1,
          number := 121,
          sourceKey := "liftable-abelian-C2-PGL-4-2-index-2-dimension-8",
          symplecticGroupContained := true,
          symplecticPart := "C2" ), rec(
          fullIndex := 2,
          fullOrderCorrect := true,
          genericFullGroupContained := true,
          genericIndex := 1,
          number := 122,
          sourceKey := "liftable-abelian-C2-PGL-4-2-index-2-dimension-6",
          symplecticGroupContained := true,
          symplecticPart := "C2" ), rec(
          fullIndex := 3,
          fullOrderCorrect := true,
          genericFullGroupContained := true,
          genericIndex := 1,
          number := 123,
          sourceKey := "liftable-abelian-C2-PGL-6-2-index-3-dimension-6",
          symplecticGroupContained := true,
          symplecticPart := "C2" ), rec(
          fullIndex := 4,
          fullOrderCorrect := true,
          genericFullGroupContained := true,
          genericIndex := 1,
          number := 124,
          sourceKey := "liftable-abelian-C2-PGL-8-2-index-4-dimension-5",
          symplecticGroupContained := true,
          symplecticPart := "C2" ), rec(
          fullIndex := 6,
          fullOrderCorrect := true,
          genericFullGroupContained := true,
          genericIndex := 1,
          number := 125,
          sourceKey := "liftable-abelian-C2-PGL-12-5-index-6-dimension-5",
          symplecticGroupContained := true,
          symplecticPart := "C2" ), rec(
          fullIndex := 3,
          fullOrderCorrect := true,
          genericFullGroupContained := true,
          genericIndex := 1,
          number := 126,
          sourceKey := "liftable-abelian-C2-PGL-6-2-index-3-dimension-4",
          symplecticGroupContained := true,
          symplecticPart := "C2" ), rec(
          fullIndex := 4,
          fullOrderCorrect := true,
          genericFullGroupContained := true,
          genericIndex := 1,
          number := 127,
          sourceKey := "liftable-abelian-C2-PGL-8-2-index-4-dimension-4",
          symplecticGroupContained := true,
          symplecticPart := "C2" ), rec(
          fullIndex := 6,
          fullOrderCorrect := true,
          genericFullGroupContained := true,
          genericIndex := 1,
          number := 128,
          sourceKey := "liftable-abelian-C2-PGL-12-5-index-6-dimension-3",
          symplecticGroupContained := true,
          symplecticPart := "C2" ), rec(
          fullIndex := 8,
          fullOrderCorrect := true,
          genericFullGroupContained := true,
          genericIndex := 1,
          number := 129,
          sourceKey := "liftable-abelian-C2-PGL-16-5-index-8-dimension-2",
          symplecticGroupContained := true,
          symplecticPart := "C2" ), rec(
          fullIndex := 12,
          fullOrderCorrect := true,
          genericFullGroupContained := true,
          genericIndex := 1,
          number := 130,
          sourceKey := "liftable-abelian-C2-PGL-24-9-index-12-dimension-2",
          symplecticGroupContained := true,
          symplecticPart := "C2" ), rec(
          fullIndex := 12,
          fullOrderCorrect := true,
          genericFullGroupContained := true,
          genericIndex := 1,
          number := 131,
          sourceKey := "liftable-abelian-C2-PGL-24-9-index-12-dimension-1",
          symplecticGroupContained := true,
          symplecticPart := "C2" ), rec(
          fullIndex := 1,
          fullOrderCorrect := true,
          genericFullGroupContained := true,
          genericIndex := 1,
          number := 132,
          sourceKey := "liftable-abelian-1-PGL-1-1-index-1-dimension-20",
          symplecticGroupContained := true,
          symplecticPart := "1" ), rec(
          fullIndex := 2,
          fullOrderCorrect := true,
          genericFullGroupContained := true,
          genericIndex := 1,
          number := 133,
          sourceKey := "liftable-abelian-1-PGL-2-1-index-2-dimension-14",
          symplecticGroupContained := true,
          symplecticPart := "1" ), rec(
          fullIndex := 2,
          fullOrderCorrect := true,
          genericFullGroupContained := true,
          genericIndex := 1,
          number := 134,
          sourceKey := "liftable-abelian-1-PGL-2-1-index-2-dimension-10",
          symplecticGroupContained := true,
          symplecticPart := "1" ), rec(
          fullIndex := 3,
          fullOrderCorrect := true,
          genericFullGroupContained := true,
          genericIndex := 1,
          number := 135,
          sourceKey := "liftable-abelian-1-PGL-3-1-index-3-dimension-10",
          symplecticGroupContained := true,
          symplecticPart := "1" ), rec(
          fullIndex := 3,
          fullOrderCorrect := true,
          genericFullGroupContained := true,
          genericIndex := 1,
          number := 136,
          sourceKey := "liftable-abelian-1-PGL-3-1-index-3-dimension-7",
          symplecticGroupContained := true,
          symplecticPart := "1" ), rec(
          fullIndex := 4,
          fullOrderCorrect := true,
          genericFullGroupContained := true,
          genericIndex := 1,
          number := 137,
          sourceKey := "liftable-abelian-1-PGL-4-1-index-4-dimension-7",
          symplecticGroupContained := true,
          symplecticPart := "1" ), rec(
          fullIndex := 4,
          fullOrderCorrect := true,
          genericFullGroupContained := true,
          genericIndex := 1,
          number := 138,
          sourceKey := 
           "liftable-abelian-1-PGL-4-1-index-4-dimension-7-representation-2",
          symplecticGroupContained := true,
          symplecticPart := "1" ), rec(
          fullIndex := 6,
          fullOrderCorrect := true,
          genericFullGroupContained := true,
          genericIndex := 1,
          number := 139,
          sourceKey := "liftable-abelian-1-PGL-6-2-index-6-dimension-7",
          symplecticGroupContained := true,
          symplecticPart := "1" ), rec(
          fullIndex := 3,
          fullOrderCorrect := true,
          genericFullGroupContained := true,
          genericIndex := 1,
          number := 140,
          sourceKey := "liftable-abelian-1-PGL-3-1-index-3-dimension-6",
          symplecticGroupContained := true,
          symplecticPart := "1" ), rec(
          fullIndex := 6,
          fullOrderCorrect := true,
          genericFullGroupContained := true,
          genericIndex := 1,
          number := 141,
          sourceKey := "liftable-abelian-1-PGL-6-2-index-6-dimension-5",
          symplecticGroupContained := true,
          symplecticPart := "1" ), rec(
          fullIndex := 6,
          fullOrderCorrect := true,
          genericFullGroupContained := true,
          genericIndex := 1,
          number := 142,
          sourceKey := "liftable-abelian-1-PGL-6-2-index-6-dimension-4",
          symplecticGroupContained := true,
          symplecticPart := "1" ), rec(
          fullIndex := 6,
          fullOrderCorrect := true,
          genericFullGroupContained := true,
          genericIndex := 1,
          number := 143,
          sourceKey := "liftable-abelian-1-PGL-6-2-index-6-dimension-3",
          symplecticGroupContained := true,
          symplecticPart := "1" ), rec(
          fullIndex := 8,
          fullOrderCorrect := true,
          genericFullGroupContained := true,
          genericIndex := 1,
          number := 144,
          sourceKey := "liftable-abelian-1-PGL-8-1-index-8-dimension-3",
          symplecticGroupContained := true,
          symplecticPart := "1" ), rec(
          fullIndex := 8,
          fullOrderCorrect := true,
          genericFullGroupContained := true,
          genericIndex := 1,
          number := 145,
          sourceKey := 
           "liftable-abelian-1-PGL-8-1-index-8-dimension-3-representation-2",
          symplecticGroupContained := true,
          symplecticPart := "1" ), rec(
          fullIndex := 8,
          fullOrderCorrect := true,
          genericFullGroupContained := true,
          genericIndex := 1,
          number := 146,
          sourceKey := 
           "liftable-abelian-1-PGL-8-1-index-8-dimension-3-representation-3",
          symplecticGroupContained := true,
          symplecticPart := "1" ), rec(
          fullIndex := 12,
          fullOrderCorrect := true,
          genericFullGroupContained := true,
          genericIndex := 1,
          number := 147,
          sourceKey := "liftable-abelian-1-PGL-12-2-index-12-dimension-3",
          symplecticGroupContained := true,
          symplecticPart := "1" ), rec(
          fullIndex := 12,
          fullOrderCorrect := true,
          genericFullGroupContained := true,
          genericIndex := 1,
          number := 148,
          sourceKey := 
           "liftable-abelian-1-PGL-12-2-index-12-dimension-3-representation-2"
           ,
          symplecticGroupContained := true,
          symplecticPart := "1" ), rec(
          fullIndex := 12,
          fullOrderCorrect := true,
          genericFullGroupContained := true,
          genericIndex := 1,
          number := 149,
          sourceKey := "liftable-abelian-1-PGL-12-2-index-12-dimension-2",
          symplecticGroupContained := true,
          symplecticPart := "1" ), rec(
          fullIndex := 12,
          fullOrderCorrect := true,
          genericFullGroupContained := true,
          genericIndex := 1,
          number := 150,
          sourceKey := 
           "liftable-abelian-1-PGL-12-2-index-12-dimension-2-representation-2"
           ,
          symplecticGroupContained := true,
          symplecticPart := "1" ), rec(
          fullIndex := 16,
          fullOrderCorrect := true,
          genericFullGroupContained := true,
          genericIndex := 1,
          number := 151,
          sourceKey := "liftable-abelian-1-PGL-16-1-index-16-dimension-1",
          symplecticGroupContained := true,
          symplecticPart := "1" ), rec(
          fullIndex := 16,
          fullOrderCorrect := true,
          genericFullGroupContained := true,
          genericIndex := 1,
          number := 152,
          sourceKey := 
           "liftable-abelian-1-PGL-16-1-index-16-dimension-1-representation-2"
           ,
          symplecticGroupContained := true,
          symplecticPart := "1" ), rec(
          fullIndex := 24,
          fullOrderCorrect := true,
          genericFullGroupContained := true,
          genericIndex := 1,
          number := 153,
          sourceKey := "liftable-abelian-1-PGL-24-2-index-24-dimension-1",
          symplecticGroupContained := true,
          symplecticPart := "1" ), rec(
          fullIndex := 24,
          fullOrderCorrect := true,
          genericFullGroupContained := true,
          genericIndex := 1,
          number := 154,
          sourceKey := 
           "liftable-abelian-1-PGL-24-2-index-24-dimension-1-representation-2"
           ,
          symplecticGroupContained := true,
          symplecticPart := "1" ), rec(
          fullIndex := 32,
          fullOrderCorrect := true,
          genericFullGroupContained := true,
          genericIndex := 1,
          number := 155,
          sourceKey := "liftable-abelian-1-PGL-32-1-index-32-dimension-0",
          symplecticGroupContained := true,
          symplecticPart := "1" ), rec(
          fullIndex := 48,
          fullOrderCorrect := true,
          genericFullGroupContained := true,
          genericIndex := 1,
          number := 156,
          sourceKey := "liftable-abelian-1-PGL-48-2-index-48-dimension-0",
          symplecticGroupContained := true,
          symplecticPart := "1" ) ] );
