CubicThreefoldTableData :=
rec(
actionMaximalNumbers := [ 1, 2, 3, 5, 24, 39, 40 ],
allAvailableProjectiveIdsVerified := true,
allOrdersVerified := true,
allScalarKernelsVerified := true,
familyCount := 40,
gapVersion := "4.15.1",
numbering := "increasing source fourfold number",
records := [ rec(
centralizerDimension := 1,
familyDimension := 0,
invariantDimension := 1,
isActionMaximal := true,
number := 1,
projectiveGroup := rec(
id := fail,
order := 9720,
structureDescription := "(C3^4) : S5" ),
sourceFourfoldNumber := 1,
strictOrder := 29160,
threefoldFermatRank := 5 ), rec(
centralizerDimension := 1,
familyDimension := 0,
invariantDimension := 1,
isActionMaximal := true,
number := 2,
projectiveGroup := rec(
id := [ 660, 13 ],
order := 660,
structureDescription := "PSL(2,11)" ),
sourceFourfoldNumber := 7,
strictOrder := 1980,
threefoldFermatRank := 0 ), rec(
centralizerDimension := 2,
familyDimension := 0,
invariantDimension := 2,
isActionMaximal := true,
number := 3,
projectiveGroup := rec(
id := [ 360, 119 ],
order := 360,
structureDescription := "C3 x S5" ),
sourceFourfoldNumber := 8,
strictOrder := 1080,
threefoldFermatRank := 1 ), rec(
centralizerDimension := 2,
familyDimension := 1,
invariantDimension := 3,
isActionMaximal := false,
number := 4,
projectiveGroup := rec(
id := [ 324, 122 ],
order := 324,
structureDescription := "S3 x (((C3 x C3) : C3) : C2)" ),
sourceFourfoldNumber := 23,
strictOrder := 972,
threefoldFermatRank := 2 ), rec(
centralizerDimension := 2,
familyDimension := 0,
invariantDimension := 2,
isActionMaximal := true,
number := 5,
projectiveGroup := rec(
id := [ 648, 541 ],
order := 648,
structureDescription := "S3 x (((C3 x C3) : C3) : C4)" ),
sourceFourfoldNumber := 24,
strictOrder := 1944,
threefoldFermatRank := 2 ), rec(
centralizerDimension := 3,
familyDimension := 1,
invariantDimension := 4,
isActionMaximal := false,
number := 6,
projectiveGroup := rec(
id := [ 72, 42 ],
order := 72,
structureDescription := "C3 x S4" ),
sourceFourfoldNumber := 28,
strictOrder := 216,
threefoldFermatRank := 1 ), rec(
centralizerDimension := 1,
familyDimension := 1,
invariantDimension := 2,
isActionMaximal := false,
number := 7,
projectiveGroup := rec(
id := [ 60, 5 ],
order := 60,
structureDescription := "A5" ),
sourceFourfoldNumber := 30,
strictOrder := 180,
threefoldFermatRank := 0 ), rec(
centralizerDimension := 2,
familyDimension := 1,
invariantDimension := 3,
isActionMaximal := false,
number := 8,
projectiveGroup := rec(
id := [ 120, 34 ],
order := 120,
structureDescription := "S5" ),
sourceFourfoldNumber := 32,
strictOrder := 360,
threefoldFermatRank := 0 ), rec(
centralizerDimension := 4,
familyDimension := 1,
invariantDimension := 5,
isActionMaximal := false,
number := 9,
projectiveGroup := rec(
id := [ 36, 12 ],
order := 36,
structureDescription := "C6 x S3" ),
sourceFourfoldNumber := 36,
strictOrder := 108,
threefoldFermatRank := 1 ), rec(
centralizerDimension := 2,
familyDimension := 1,
invariantDimension := 3,
isActionMaximal := false,
number := 10,
projectiveGroup := rec(
id := [ 72, 40 ],
order := 72,
structureDescription := "(S3 x S3) : C2" ),
sourceFourfoldNumber := 38,
strictOrder := 216,
threefoldFermatRank := 0 ), rec(
centralizerDimension := 6,
familyDimension := 2,
invariantDimension := 8,
isActionMaximal := false,
number := 11,
projectiveGroup := rec(
id := [ 18, 3 ],
order := 18,
structureDescription := "C3 x S3" ),
sourceFourfoldNumber := 56,
strictOrder := 54,
threefoldFermatRank := 1 ), rec(
centralizerDimension := 3,
familyDimension := 2,
invariantDimension := 5,
isActionMaximal := false,
number := 12,
projectiveGroup := rec(
id := [ 36, 10 ],
order := 36,
structureDescription := "S3 x S3" ),
sourceFourfoldNumber := 57,
strictOrder := 108,
threefoldFermatRank := 0 ), rec(
centralizerDimension := 3,
familyDimension := 2,
invariantDimension := 5,
isActionMaximal := false,
number := 13,
projectiveGroup := rec(
id := [ 12, 4 ],
order := 12,
structureDescription := "D12" ),
sourceFourfoldNumber := 61,
strictOrder := 36,
threefoldFermatRank := 0 ), rec(
centralizerDimension := 3,
familyDimension := 1,
invariantDimension := 4,
isActionMaximal := false,
number := 14,
projectiveGroup := rec(
id := [ 24, 8 ],
order := 24,
structureDescription := "(C6 x C2) : C2" ),
sourceFourfoldNumber := 62,
strictOrder := 72,
threefoldFermatRank := 0 ), rec(
centralizerDimension := 7,
familyDimension := 2,
invariantDimension := 9,
isActionMaximal := false,
number := 15,
projectiveGroup := rec(
id := [ 12, 5 ],
order := 12,
structureDescription := "C6 x C2" ),
sourceFourfoldNumber := 64,
strictOrder := 36,
threefoldFermatRank := 1 ), rec(
centralizerDimension := 3,
familyDimension := 2,
invariantDimension := 5,
isActionMaximal := false,
number := 16,
projectiveGroup := rec(
id := [ 12, 3 ],
order := 12,
structureDescription := "A4" ),
sourceFourfoldNumber := 67,
strictOrder := 36,
threefoldFermatRank := 0 ), rec(
centralizerDimension := 5,
familyDimension := 2,
invariantDimension := 7,
isActionMaximal := false,
number := 17,
projectiveGroup := rec(
id := [ 24, 12 ],
order := 24,
structureDescription := "S4" ),
sourceFourfoldNumber := 69,
strictOrder := 72,
threefoldFermatRank := 0 ), rec(
centralizerDimension := 3,
familyDimension := 2,
invariantDimension := 5,
isActionMaximal := false,
number := 18,
projectiveGroup := rec(
id := [ 10, 1 ],
order := 10,
structureDescription := "D10" ),
sourceFourfoldNumber := 72,
strictOrder := 30,
threefoldFermatRank := 0 ), rec(
centralizerDimension := 5,
familyDimension := 3,
invariantDimension := 8,
isActionMaximal := false,
number := 19,
projectiveGroup := rec(
id := [ 6, 1 ],
order := 6,
structureDescription := "S3" ),
sourceFourfoldNumber := 86,
strictOrder := 18,
threefoldFermatRank := 0 ), rec(
centralizerDimension := 11,
familyDimension := 3,
invariantDimension := 14,
isActionMaximal := false,
number := 20,
projectiveGroup := rec(
id := [ 6, 2 ],
order := 6,
structureDescription := "C6" ),
sourceFourfoldNumber := 90,
strictOrder := 18,
threefoldFermatRank := 1 ), rec(
centralizerDimension := 6,
familyDimension := 3,
invariantDimension := 9,
isActionMaximal := false,
number := 21,
projectiveGroup := rec(
id := [ 12, 4 ],
order := 12,
structureDescription := "D12" ),
sourceFourfoldNumber := 91,
strictOrder := 36,
threefoldFermatRank := 0 ), rec(
centralizerDimension := 7,
familyDimension := 1,
invariantDimension := 8,
isActionMaximal := false,
number := 22,
projectiveGroup := rec(
id := [ 12, 2 ],
order := 12,
structureDescription := "C12" ),
sourceFourfoldNumber := 94,
strictOrder := 36,
threefoldFermatRank := 1 ), rec(
centralizerDimension := 4,
familyDimension := 1,
invariantDimension := 5,
isActionMaximal := false,
number := 23,
projectiveGroup := rec(
id := [ 24, 5 ],
order := 24,
structureDescription := "C4 x S3" ),
sourceFourfoldNumber := 95,
strictOrder := 72,
threefoldFermatRank := 0 ), rec(
centralizerDimension := 5,
familyDimension := 0,
invariantDimension := 5,
isActionMaximal := true,
number := 24,
projectiveGroup := rec(
id := [ 24, 2 ],
order := 24,
structureDescription := "C24" ),
sourceFourfoldNumber := 96,
strictOrder := 72,
threefoldFermatRank := 1 ), rec(
centralizerDimension := 7,
familyDimension := 4,
invariantDimension := 11,
isActionMaximal := false,
number := 25,
projectiveGroup := rec(
id := [ 4, 2 ],
order := 4,
structureDescription := "C2 x C2" ),
sourceFourfoldNumber := 101,
strictOrder := 12,
threefoldFermatRank := 0 ), rec(
centralizerDimension := 6,
familyDimension := 3,
invariantDimension := 9,
isActionMaximal := false,
number := 26,
projectiveGroup := rec(
id := [ 8, 3 ],
order := 8,
structureDescription := "D8" ),
sourceFourfoldNumber := 103,
strictOrder := 24,
threefoldFermatRank := 0 ), rec(
centralizerDimension := 9,
familyDimension := 4,
invariantDimension := 13,
isActionMaximal := false,
number := 27,
projectiveGroup := rec(
id := [ 3, 1 ],
order := 3,
structureDescription := "C3" ),
sourceFourfoldNumber := 110,
strictOrder := 9,
threefoldFermatRank := 0 ), rec(
centralizerDimension := 7,
familyDimension := 2,
invariantDimension := 9,
isActionMaximal := false,
number := 28,
projectiveGroup := rec(
id := [ 6, 2 ],
order := 6,
structureDescription := "C6" ),
sourceFourfoldNumber := 113,
strictOrder := 18,
threefoldFermatRank := 0 ), rec(
centralizerDimension := 17,
familyDimension := 4,
invariantDimension := 21,
isActionMaximal := false,
number := 29,
projectiveGroup := rec(
id := [ 3, 1 ],
order := 3,
structureDescription := "C3" ),
sourceFourfoldNumber := 116,
strictOrder := 9,
threefoldFermatRank := 1 ), rec(
centralizerDimension := 10,
familyDimension := 4,
invariantDimension := 14,
isActionMaximal := false,
number := 30,
projectiveGroup := rec(
id := [ 6, 1 ],
order := 6,
structureDescription := "S3" ),
sourceFourfoldNumber := 117,
strictOrder := 18,
threefoldFermatRank := 0 ), rec(
centralizerDimension := 13,
familyDimension := 6,
invariantDimension := 19,
isActionMaximal := false,
number := 31,
projectiveGroup := rec(
id := [ 2, 1 ],
order := 2,
structureDescription := "C2" ),
sourceFourfoldNumber := 123,
strictOrder := 6,
threefoldFermatRank := 0 ), rec(
centralizerDimension := 11,
familyDimension := 5,
invariantDimension := 16,
isActionMaximal := false,
number := 32,
projectiveGroup := rec(
id := [ 4, 2 ],
order := 4,
structureDescription := "C2 x C2" ),
sourceFourfoldNumber := 125,
strictOrder := 12,
threefoldFermatRank := 0 ), rec(
centralizerDimension := 7,
familyDimension := 2,
invariantDimension := 9,
isActionMaximal := false,
number := 33,
projectiveGroup := rec(
id := [ 8, 2 ],
order := 8,
structureDescription := "C4 x C2" ),
sourceFourfoldNumber := 130,
strictOrder := 24,
threefoldFermatRank := 0 ), rec(
centralizerDimension := 25,
familyDimension := 10,
invariantDimension := 35,
isActionMaximal := false,
number := 34,
projectiveGroup := rec(
id := [ 1, 1 ],
order := 1,
structureDescription := "1" ),
sourceFourfoldNumber := 135,
strictOrder := 3,
threefoldFermatRank := 0 ), rec(
centralizerDimension := 17,
familyDimension := 7,
invariantDimension := 24,
isActionMaximal := false,
number := 35,
projectiveGroup := rec(
id := [ 2, 1 ],
order := 2,
structureDescription := "C2" ),
sourceFourfoldNumber := 139,
strictOrder := 6,
threefoldFermatRank := 0 ), rec(
centralizerDimension := 11,
familyDimension := 3,
invariantDimension := 14,
isActionMaximal := false,
number := 36,
projectiveGroup := rec(
id := [ 4, 1 ],
order := 4,
structureDescription := "C4" ),
sourceFourfoldNumber := 147,
strictOrder := 12,
threefoldFermatRank := 0 ), rec(
centralizerDimension := 9,
familyDimension := 3,
invariantDimension := 12,
isActionMaximal := false,
number := 37,
projectiveGroup := rec(
id := [ 4, 1 ],
order := 4,
structureDescription := "C4" ),
sourceFourfoldNumber := 148,
strictOrder := 12,
threefoldFermatRank := 0 ), rec(
centralizerDimension := 7,
familyDimension := 1,
invariantDimension := 8,
isActionMaximal := false,
number := 38,
projectiveGroup := rec(
id := [ 8, 1 ],
order := 8,
structureDescription := "C8" ),
sourceFourfoldNumber := 153,
strictOrder := 24,
threefoldFermatRank := 0 ), rec(
centralizerDimension := 5,
familyDimension := 1,
invariantDimension := 6,
isActionMaximal := true,
number := 39,
projectiveGroup := rec(
id := [ 8, 1 ],
order := 8,
structureDescription := "C8" ),
sourceFourfoldNumber := 154,
strictOrder := 24,
threefoldFermatRank := 0 ), rec(
centralizerDimension := 5,
familyDimension := 0,
invariantDimension := 5,
isActionMaximal := true,
number := 40,
projectiveGroup := rec(
id := [ 16, 1 ],
order := 16,
structureDescription := "C16" ),
sourceFourfoldNumber := 156,
strictOrder := 48,
threefoldFermatRank := 0 ) ],
runtimeMilliseconds := 8703,
source := "result/gap_threefold_families.g",
status := "completed" );
