Family 155 exact-character search started 2026-09-21T16:58:09.973
2026-09-21T16:58:10.363 | Resource guard passed: high=4294967296, max=6442450944, swap=0 | elapsed 0.28 s
2026-09-21T16:58:55.989 | Julia 1.10.11; OSCAR 1.8.2; S=0 direct ambient-lattice route | elapsed 45.9 s
2026-09-21T17:03:37.392 | Enumerating all order-32 actions with the exact four-block character | elapsed 327.3 s
Family 155 exact-character search started 2026-09-21T17:07:43.051
2026-09-21T17:07:43.124 | Resource guard passed: high=4294967296, max=6442450944, swap=0 | elapsed 0.06 s
2026-09-21T17:08:17.773 | Julia 1.10.11; OSCAR 1.8.2; S=0 direct ambient-lattice route | elapsed 34.71 s
2026-09-21T17:08:17.779 | Checking the rank-22 lattice input | elapsed 34.72 s
2026-09-21T17:08:18.286 | Lattice input checks passed; constructing the exact character | elapsed 35.22 s
2026-09-21T17:08:18.300 | Enumerating all order-32 actions with the exact four-block character | elapsed 35.24 s
Family 155 exact-character search started 2026-09-26T02:04:51.262
2026-09-26T02:04:51.309 | Resource guard passed: high=4294967296, max=6442450944, swap=0 | elapsed 0.04 s
2026-09-26T02:05:10.490 | Julia 1.10.11; OSCAR 1.8.2; S=0 direct ambient-lattice route | elapsed 19.22 s
2026-09-26T02:05:10.492 | Checking the rank-22 lattice input | elapsed 19.22 s
2026-09-26T02:05:10.738 | Lattice input checks passed; constructing the exact character | elapsed 19.47 s
2026-09-26T02:05:10.743 | Enumerating all order-32 actions with the exact four-block character | elapsed 19.47 s
2026-09-26T02:55:57.861 | Exact-character enumeration returned 48 action class(es) | elapsed 3066.59 s
2026-09-26T02:55:59.851 | Action 1/48: retained; geometric checks all passed | elapsed 3068.58 s
2026-09-26T02:56:00.113 | Action 2/48: retained; geometric checks all passed | elapsed 3068.84 s
2026-09-26T02:56:00.331 | Action 3/48: rejected, non-stable ambient action | elapsed 3069.06 s
2026-09-26T02:56:00.558 | Action 4/48: rejected, non-stable ambient action | elapsed 3069.29 s
2026-09-26T02:56:00.832 | Action 5/48: retained; geometric checks all passed | elapsed 3069.56 s
2026-09-26T02:56:01.075 | Action 6/48: retained; geometric checks all passed | elapsed 3069.8 s
2026-09-26T02:56:01.312 | Action 7/48: rejected, non-stable ambient action | elapsed 3070.04 s
2026-09-26T02:56:01.533 | Action 8/48: rejected, non-stable ambient action | elapsed 3070.26 s
2026-09-26T02:56:01.802 | Action 9/48: retained; geometric checks all passed | elapsed 3070.53 s
2026-09-26T02:56:02.070 | Action 10/48: retained; geometric checks all passed | elapsed 3070.8 s
2026-09-26T02:56:02.304 | Action 11/48: rejected, non-stable ambient action | elapsed 3071.03 s
2026-09-26T02:56:02.530 | Action 12/48: rejected, non-stable ambient action | elapsed 3071.26 s
2026-09-26T02:56:02.799 | Action 13/48: retained; geometric checks all passed | elapsed 3071.53 s
2026-09-26T02:56:03.050 | Action 14/48: retained; geometric checks all passed | elapsed 3071.78 s
2026-09-26T02:56:03.276 | Action 15/48: rejected, non-stable ambient action | elapsed 3072.01 s
2026-09-26T02:56:03.504 | Action 16/48: rejected, non-stable ambient action | elapsed 3072.23 s
2026-09-26T02:56:03.748 | Action 17/48: rejected, short or long root in K | elapsed 3072.48 s
2026-09-26T02:56:03.982 | Action 18/48: rejected, short or long root in K | elapsed 3072.71 s
2026-09-26T02:56:04.205 | Action 19/48: rejected, non-stable ambient action | elapsed 3072.93 s
2026-09-26T02:56:04.438 | Action 20/48: rejected, non-stable ambient action | elapsed 3073.17 s
2026-09-26T02:56:04.693 | Action 21/48: rejected, short or long root in K | elapsed 3073.42 s
2026-09-26T02:56:04.943 | Action 22/48: rejected, short or long root in K | elapsed 3073.67 s
2026-09-26T02:56:05.175 | Action 23/48: rejected, non-stable ambient action | elapsed 3073.9 s
2026-09-26T02:56:05.406 | Action 24/48: rejected, non-stable ambient action | elapsed 3074.14 s
2026-09-26T02:56:05.661 | Action 25/48: rejected, short or long root in K | elapsed 3074.39 s
2026-09-26T02:56:05.918 | Action 26/48: rejected, short or long root in K | elapsed 3074.65 s
2026-09-26T02:56:06.146 | Action 27/48: rejected, non-stable ambient action | elapsed 3074.88 s
2026-09-26T02:56:06.370 | Action 28/48: rejected, non-stable ambient action | elapsed 3075.1 s
2026-09-26T02:56:06.626 | Action 29/48: rejected, short or long root in K | elapsed 3075.36 s
2026-09-26T02:56:06.876 | Action 30/48: rejected, short or long root in K | elapsed 3075.61 s
2026-09-26T02:56:07.109 | Action 31/48: rejected, non-stable ambient action | elapsed 3075.84 s
2026-09-26T02:56:07.330 | Action 32/48: rejected, non-stable ambient action | elapsed 3076.06 s
2026-09-26T02:56:07.577 | Action 33/48: rejected, short or long root in K | elapsed 3076.31 s
2026-09-26T02:56:07.817 | Action 34/48: rejected, short or long root in K | elapsed 3076.55 s
2026-09-26T02:56:08.046 | Action 35/48: rejected, non-stable ambient action | elapsed 3076.78 s
2026-09-26T02:56:08.439 | Action 36/48: rejected, non-stable ambient action | elapsed 3077.17 s
2026-09-26T02:56:08.705 | Action 37/48: rejected, short or long root in K | elapsed 3077.43 s
2026-09-26T02:56:08.933 | Action 38/48: rejected, short or long root in K | elapsed 3077.66 s
2026-09-26T02:56:09.168 | Action 39/48: rejected, non-stable ambient action | elapsed 3077.9 s
2026-09-26T02:56:09.386 | Action 40/48: rejected, non-stable ambient action | elapsed 3078.12 s
2026-09-26T02:56:09.624 | Action 41/48: rejected, short or long root in K | elapsed 3078.35 s
2026-09-26T02:56:09.869 | Action 42/48: rejected, short or long root in K | elapsed 3078.6 s
2026-09-26T02:56:10.086 | Action 43/48: rejected, non-stable ambient action | elapsed 3078.82 s
2026-09-26T02:56:10.314 | Action 44/48: rejected, non-stable ambient action | elapsed 3079.04 s
2026-09-26T02:56:10.551 | Action 45/48: rejected, short or long root in K | elapsed 3079.28 s
2026-09-26T02:56:10.812 | Action 46/48: rejected, short or long root in K | elapsed 3079.54 s
2026-09-26T02:56:11.037 | Action 47/48: rejected, non-stable ambient action | elapsed 3079.77 s
2026-09-26T02:56:11.258 | Action 48/48: rejected, non-stable ambient action | elapsed 3079.99 s
2026-09-26T02:56:11.261 | Filter summary: stable=24, root-free after stability=8, retained=8 | elapsed 3079.99 s
2026-09-26T02:56:19.576 | Completed; MRDI reload and all post-checks passed | elapsed 3088.31 s
